Component: Arm Compiler for Embedded 6.19 Tool: armlink [5e73cb00]

==============================================================================

Section Cross References

    main.o(.text) refers (Special) to _printf_percent.o(.ARM.Collect$$_printf_percent$$00000000) for _printf_percent
    main.o(.text) refers (Special) to _printf_c.o(.ARM.Collect$$_printf_percent$$00000013) for _printf_c
    main.o(.text) refers (Special) to _printf_d.o(.ARM.Collect$$_printf_percent$$00000009) for _printf_d
    main.o(.text) refers (Special) to _printf_dec.o(.text) for _printf_int_dec
    main.o(.text) refers (Special) to _printf_str.o(.text) for _printf_str
    main.o(.text.main) refers (Special) to _printf_percent.o(.ARM.Collect$$_printf_percent$$00000000) for _printf_percent
    main.o(.text.main) refers (Special) to _printf_c.o(.ARM.Collect$$_printf_percent$$00000013) for _printf_c
    main.o(.text.main) refers (Special) to _printf_d.o(.ARM.Collect$$_printf_percent$$00000009) for _printf_d
    main.o(.text.main) refers (Special) to _printf_dec.o(.text) for _printf_int_dec
    main.o(.text.main) refers (Special) to _printf_str.o(.text) for _printf_str
    main.o(.text.main) refers to hal.o(.text.Port_Init) for Port_Init
    main.o(.text.main) refers to system_tm4c123.o(.text.SystemCoreClockUpdate) for SystemCoreClockUpdate
    main.o(.text.main) refers to system_tm4c123.o(.data.SystemCoreClock) for SystemCoreClock
    main.o(.text.main) refers to main.o(.bss.g_SpimHandle) for g_SpimHandle
    main.o(.text.main) refers to spim.o(.text.SpimInit) for SpimInit
    main.o(.text.main) refers to lcd_st7735r.o(.text.LcdInit) for LcdInit
    main.o(.text.main) refers to lcd_st7735r.o(.text.LCD_GetSize) for LCD_GetSize
    main.o(.text.main) refers to main.o(.bss.g_MemDev) for g_MemDev
    main.o(.text.main) refers to main.o(.bss.g_aBuf) for g_aBuf
    main.o(.text.main) refers to gui.o(i.GUI_Init) for GUI_Init
    main.o(.text.main) refers to spim.o(.text.SpimSetDataSize) for SpimSetDataSize
    main.o(.text.main) refers to gui.o(i.GUI_16BitPerPixel) for GUI_16BitPerPixel
    main.o(.text.main) refers to gui.o(i.GUI_Clear) for GUI_Clear
    main.o(.text.main) refers to gui.o(i.GUI_SetFontBackColor) for GUI_SetFontBackColor
    main.o(.text.main) refers to font_calibri10.o(.constdata) for g_sFontCalibri10
    main.o(.text.main) refers to gui.o(i.GUI_SetFont) for GUI_SetFont
    main.o(.text.main) refers to main.o(.text.main_cbLcdTransferDone) for main_cbLcdTransferDone
    main.o(.text.main) refers to lcd_st7735r.o(.text.LCD_AddCallback) for LCD_AddCallback
    main.o(.text.main) refers to main.o(.text.main_cbGuiFrameEnd) for main_cbGuiFrameEnd
    main.o(.text.main) refers to gui.o(i.GUI_AddCbFrameEnd) for GUI_AddCbFrameEnd
    main.o(.text.main) refers to irq.o(.text.IRQ_Init) for IRQ_Init
    main.o(.text.main) refers to main.o(.data.gObj_P1_blue_E_tank) for gObj_P1_blue_E_tank
    main.o(.text.main) refers to main.o(.bss.P1_SW1_press) for P1_SW1_press
    main.o(.text.main) refers to main.o(.data.Stage) for Stage
    main.o(.text.main) refers to main.o(.bss.bKeyPressed) for bKeyPressed
    main.o(.text.main) refers to main.o(.bss.TankOriP1) for TankOriP1
    main.o(.text.main) refers to main.o(.bss.currentTankSprite1) for currentTankSprite1
    main.o(.text.main) refers to main.o(.bss.currentTankSprite2) for currentTankSprite2
    main.o(.text.main) refers to main.o(.data.gObj_P2_red_W_tank) for gObj_P2_red_W_tank
    main.o(.text.main) refers to main.o(.bss.g_cKey) for g_cKey
    main.o(.text.main) refers to main.o(.bss.buzz_flag) for buzz_flag
    main.o(.text.main) refers to main.o(.bss.Game_In_Progress) for Game_In_Progress
    main.o(.text.main) refers to main.o(.bss.main_AdcUpdate.lastResult_MUX0_P1) for main_AdcUpdate.lastResult_MUX0_P1
    main.o(.text.main) refers to main.o(.text.UpdateP1TankSpriteALL) for UpdateP1TankSpriteALL
    main.o(.text.main) refers to main.o(.bss.main_AdcUpdate.lastResult_MUX0_P2) for main_AdcUpdate.lastResult_MUX0_P2
    main.o(.text.main) refers to main.o(.bss.TankOriP2) for TankOriP2
    main.o(.text.main) refers to main.o(.bss.IN_FLAG) for IN_FLAG
    main.o(.text.main) refers to main.o(.bss.g_bLCDUpdate) for g_bLCDUpdate
    main.o(.text.main) refers to main.o(.data.g_bLcdFree) for g_bLcdFree
    main.o(.text.main) refers to gui.o(i.GUI_Draw_Exe) for GUI_Draw_Exe
    main.o(.text.main) refers to main.o(.bss.g_bKeypadScan) for g_bKeypadScan
    main.o(.text.main) refers to main.o(.bss.hist_row) for hist_row
    main.o(.text.main) refers to main.o(.bss.hist_col) for hist_col
    main.o(.text.main) refers to main.o(.bss.main_KeypadOutput.cKey) for main_KeypadOutput.cKey
    main.o(.text.main) refers to noretval__2printf.o(.text) for __2printf
    main.o(.text.main) refers to main.o(.bss.SW1_debounce) for SW1_debounce
    main.o(.text.main) refers to main.o(.bss.P1colorChosen) for P1colorChosen
[...]
    currentTankSprite1                       0x2000061c   Data           4  main.o(.bss.currentTankSprite1)
    [Anonymous Symbol]                       0x2000061c   Section        0  main.o(.bss.currentTankSprite1)
    currentTankSprite2                       0x20000620   Data           4  main.o(.bss.currentTankSprite2)
    [Anonymous Symbol]                       0x20000620   Section        0  main.o(.bss.currentTankSprite2)
    data                                     0x20000624   Data          64  lcd_st7735r.o(.bss.data)
    [Anonymous Symbol]                       0x20000624   Section        0  lcd_st7735r.o(.bss.data)
    explosionInProgress1                     0x20000664   Data           1  main.o(.bss.explosionInProgress1)
    [Anonymous Symbol]                       0x20000664   Section        0  main.o(.bss.explosionInProgress1)
    explosionInProgress2                     0x20000668   Data           1  main.o(.bss.explosionInProgress2)
    [Anonymous Symbol]                       0x20000668   Section        0  main.o(.bss.explosionInProgress2)
    g_Cmd                                    0x20000669   Data           1  lcd_st7735r.o(.bss.g_Cmd)
    [Anonymous Symbol]                       0x20000669   Section        0  lcd_st7735r.o(.bss.g_Cmd)
    g_Data                                   0x2000066a   Data           1  lcd_st7735r.o(.bss.g_Data)
    [Anonymous Symbol]                       0x2000066a   Section        0  lcd_st7735r.o(.bss.g_Data)
    g_FireFlip                               0x2000066c   Data           4  main.o(.bss.g_FireFlip)
    [Anonymous Symbol]                       0x2000066c   Section        0  main.o(.bss.g_FireFlip)
    g_MemDev                                 0x20000670   Data          80  main.o(.bss.g_MemDev)
    [Anonymous Symbol]                       0x20000670   Section        0  main.o(.bss.g_MemDev)
    g_SpimHandle                             0x200006c0   Data          52  main.o(.bss.g_SpimHandle)
    [Anonymous Symbol]                       0x200006c0   Section        0  main.o(.bss.g_SpimHandle)
    g_aBuf                                   0x200006f4   Data        8192  main.o(.bss.g_aBuf)
    [Anonymous Symbol]                       0x200006f4   Section        0  main.o(.bss.g_aBuf)
    g_bKeypadScan                            0x200026f4   Data           4  main.o(.bss.g_bKeypadScan)
    [Anonymous Symbol]                       0x200026f4   Section        0  main.o(.bss.g_bKeypadScan)
    g_bLCDUpdate                             0x200026f8   Data           4  main.o(.bss.g_bLCDUpdate)
    [Anonymous Symbol]                       0x200026f8   Section        0  main.o(.bss.g_bLCDUpdate)
    g_bSecTick                               0x200026fc   Data           4  main.o(.bss.g_bSecTick)
    [Anonymous Symbol]                       0x200026fc   Section        0  main.o(.bss.g_bSecTick)
    g_bSpiDone                               0x20002700   Data           4  lcd_st7735r.o(.bss.g_bSpiDone)
    [Anonymous Symbol]                       0x20002700   Section        0  lcd_st7735r.o(.bss.g_bSpiDone)
    g_bSystemTick                            0x20002704   Data           4  main.o(.bss.g_bSystemTick)
    [Anonymous Symbol]                       0x20002704   Section        0  main.o(.bss.g_bSystemTick)
    g_bTankMoving1                           0x20002708   Data           4  main.o(.bss.g_bTankMoving1)
    [Anonymous Symbol]                       0x20002708   Section        0  main.o(.bss.g_bTankMoving1)
    g_bTankMoving2                           0x2000270c   Data           4  main.o(.bss.g_bTankMoving2)
    [Anonymous Symbol]                       0x2000270c   Section        0  main.o(.bss.g_bTankMoving2)
    g_cKey                                   0x20002710   Data           1  main.o(.bss.g_cKey)
    [Anonymous Symbol]                       0x20002710   Section        0  main.o(.bss.g_cKey)
    g_nCount                                 0x20002714   Data           4  main.o(.bss.g_nCount)
    [Anonymous Symbol]                       0x20002714   Section        0  main.o(.bss.g_nCount)
    g_nScreenX                               0x20002718   Data           1  lcd_st7735r.o(.bss.g_nScreenX)
    [Anonymous Symbol]                       0x20002718   Section        0  lcd_st7735r.o(.bss.g_nScreenX)
    g_nScreenY                               0x2000271c   Data           1  lcd_st7735r.o(.bss.g_nScreenY)
    [Anonymous Symbol]                       0x2000271c   Section        0  lcd_st7735r.o(.bss.g_nScreenY)
    g_nTimeSec                               0x20002720   Data           4  main.o(.bss.g_nTimeSec)
    [Anonymous Symbol]                       0x20002720   Section        0  main.o(.bss.g_nTimeSec)
    g_pLcdCbDone                             0x20002724   Data           4  lcd_st7735r.o(.bss.g_pLcdCbDone)
    [Anonymous Symbol]                       0x20002724   Section        0  lcd_st7735r.o(.bss.g_pLcdCbDone)
    g_pSpiIrqhandles                         0x20002728   Data          16  spim.o(.bss.g_pSpiIrqhandles)
    [Anonymous Symbol]                       0x20002728   Section        0  spim.o(.bss.g_pSpiIrqhandles)
    g_pSpimHandle                            0x20002738   Data           4  lcd_st7735r.o(.bss.g_pSpimHandle)
    [Anonymous Symbol]                       0x20002738   Section        0  lcd_st7735r.o(.bss.g_pSpimHandle)
    hist_col                                 0x2000273c   Data           4  main.o(.bss.hist_col)
    [Anonymous Symbol]                       0x2000273c   Section        0  main.o(.bss.hist_col)
    hist_row                                 0x20002740   Data           4  main.o(.bss.hist_row)
    [Anonymous Symbol]                       0x20002740   Section        0  main.o(.bss.hist_row)
    main_AdcUpdate.lastResult_MUX0_P1        0x20002744   Data           2  main.o(.bss.main_AdcUpdate.lastResult_MUX0_P1)
    [Anonymous Symbol]                       0x20002744   Section        0  main.o(.bss.main_AdcUpdate.lastResult_MUX0_P1)
    main_AdcUpdate.lastResult_MUX0_P2        0x20002746   Data           2  main.o(.bss.main_AdcUpdate.lastResult_MUX0_P2)
    [Anonymous Symbol]                       0x20002746   Section        0  main.o(.bss.main_AdcUpdate.lastResult_MUX0_P2)
    main_KeypadOutput.cKey                   0x20002748   Data           1  main.o(.bss.main_KeypadOutput.cKey)
    [Anonymous Symbol]                       0x20002748   Section        0  main.o(.bss.main_KeypadOutput.cKey)
    s_FireToggleCounter                      0x2000274c   Data           4  main.o(.bss.s_FireToggleCounter)
    [Anonymous Symbol]                       0x2000274c   Section        0  main.o(.bss.s_FireToggleCounter)
    Heap_Mem                                 0x20002750   Data           0  startup_tm4c123.o(HEAP)
    Stack_Mem                                0x20002750   Data        2560  startup_tm4c123.o(STACK)
    HEAP                                     0x20002750   Section        0  startup_tm4c123.o(HEAP)
    STACK                                    0x20002750   Section     2560  startup_tm4c123.o(STACK)
    __initial_sp                             0x20003150   Data           0  startup_tm4c123.o(STACK)

    Global Symbols

    Symbol Name                              Value     Ov Type        Size  Object(Section)

    BuildAttributes$$THM_ISAv4$E$P$D$K$B$S$7EM$VFPi3$EXTD16$VFPS$VFMA$PE$A:L22UL41UL21$X:L11$S22US41US21$IEEE1$IW$~IW$USESV6$~STKCKD$USESV7$~SHL$OTIME$ROPI$EBA8$UX$STANDARDLIB$REQ8$PRES8$EABIv2 0x00000000   Number         0  anon$$obj.o ABSOLUTE
    __Vectors                                0x00000000   Data           4  startup_tm4c123.o(RESET)
    __ARM_exceptions_init                     - Undefined Weak Reference
    __alloca_initialize                       - Undefined Weak Reference
    __arm_preinit_                            - Undefined Weak Reference
    __arm_relocate_pie_                       - Undefined Weak Reference
    __cpp_initialize__aeabi_                  - Undefined Weak Reference
    __cxa_finalize                            - Undefined Weak Reference
    __rt_locale                               - Undefined Weak Reference
    __sigvec_lookup                           - Undefined Weak Reference
    _atexit_init                              - Undefined Weak Reference
    _call_atexit_fns                          - Undefined Weak Reference
    _clock_init                               - Undefined Weak Reference
    _fp_trap_init                             - Undefined Weak Reference
    _fp_trap_shutdown                         - Undefined Weak Reference
    _get_lc_collate                           - Undefined Weak Reference
    _get_lc_ctype                             - Undefined Weak Reference
    _get_lc_monetary                          - Undefined Weak Reference
    _get_lc_numeric                           - Undefined Weak Reference
    _get_lc_time                              - Undefined Weak Reference
    _getenv_init                              - Undefined Weak Reference
    _handle_redirection                       - Undefined Weak Reference
    _init_alloc                               - Undefined Weak Reference
    _init_user_alloc                          - Undefined Weak Reference
    _initio                                   - Undefined Weak Reference
    _mutex_acquire                            - Undefined Weak Reference
    _mutex_release                            - Undefined Weak Reference
    _printf_mbtowc                            - Undefined Weak Reference
    _printf_post_padding                      - Undefined Weak Reference
    _printf_pre_padding                       - Undefined Weak Reference
    _printf_truncate_signed                   - Undefined Weak Reference
    _printf_truncate_unsigned                 - Undefined Weak Reference
    _rand_init                                - Undefined Weak Reference
    _signal_finish                            - Undefined Weak Reference
    _signal_init                              - Undefined Weak Reference
    _terminate_alloc                          - Undefined Weak Reference
    _terminate_user_alloc                     - Undefined Weak Reference
    _terminateio                              - Undefined Weak Reference
    __Vectors_End                            0x0000026c   Data           0  startup_tm4c123.o(RESET)
    __Vectors_Size                           0x0000026c   Number         0  startup_tm4c123.o ABSOLUTE
    __main                                   0x0000026d   Thumb Code     8  __main.o(!!!main)
    __scatterload                            0x00000275   Thumb Code     0  __scatter.o(!!!scatter)
    __scatterload_rt2                        0x00000275   Thumb Code    44  __scatter.o(!!!scatter)
    __scatterload_rt2_thumb_only             0x00000275   Thumb Code     0  __scatter.o(!!!scatter)
    __scatterload_null                       0x00000283   Thumb Code     0  __scatter.o(!!!scatter)
    __decompress                             0x000002a9   Thumb Code   100  __dclz77c.o(!!dclz77c)
    __decompress2                            0x000002a9   Thumb Code     0  __dclz77c.o(!!dclz77c)
    __scatterload_zeroinit                   0x0000030d   Thumb Code    28  __scatter_zi.o(!!handler_zi)
    _printf_d                                0x00000329   Thumb Code     0  _printf_d.o(.ARM.Collect$$_printf_percent$$00000009)
    _printf_percent                          0x00000329   Thumb Code     0  _printf_percent.o(.ARM.Collect$$_printf_percent$$00000000)
    _printf_c                                0x0000032f   Thumb Code     0  _printf_c.o(.ARM.Collect$$_printf_percent$$00000013)
    _printf_percent_end                      0x00000335   Thumb Code     0  _printf_percent_end.o(.ARM.Collect$$_printf_percent$$00000017)
    __rt_lib_init                            0x00000339   Thumb Code     0  libinit.o(.ARM.Collect$$libinit$$00000000)
    __rt_lib_init_fp_1                       0x0000033b   Thumb Code     0  libinit2.o(.ARM.Collect$$libinit$$00000001)
    __rt_lib_init_alloca_1                   0x0000033f   Thumb Code     0  libinit2.o(.ARM.Collect$$libinit$$00000030)
    __rt_lib_init_argv_1                     0x0000033f   Thumb Code     0  libinit2.o(.ARM.Collect$$libinit$$0000002E)
    __rt_lib_init_atexit_1                   0x0000033f   Thumb Code     0  libinit2.o(.ARM.Collect$$libinit$$0000001D)
    __rt_lib_init_clock_1                    0x0000033f   Thumb Code     0  libinit2.o(.ARM.Collect$$libinit$$00000023)
    __rt_lib_init_cpp_1                      0x0000033f   Thumb Code     0  libinit2.o(.ARM.Collect$$libinit$$00000034)
    __rt_lib_init_exceptions_1               0x0000033f   Thumb Code     0  libinit2.o(.ARM.Collect$$libinit$$00000032)
    __rt_lib_init_fp_trap_1                  0x0000033f   Thumb Code     0  libinit2.o(.ARM.Collect$$libinit$$00000021)
    __rt_lib_init_getenv_1                   0x0000033f   Thumb Code     0  libinit2.o(.ARM.Collect$$libinit$$00000025)
    __rt_lib_init_heap_1                     0x0000033f   Thumb Code     0  libinit2.o(.ARM.Collect$$libinit$$0000000C)
    __rt_lib_init_lc_collate_1               0x0000033f   Thumb Code     0  libinit2.o(.ARM.Collect$$libinit$$00000013)
    __rt_lib_init_lc_ctype_1                 0x0000033f   Thumb Code     0  libinit2.o(.ARM.Collect$$libinit$$00000015)
    __rt_lib_init_lc_monetary_1              0x0000033f   Thumb Code     0  libinit2.o(.ARM.Collect$$libinit$$00000017)
    __rt_lib_init_lc_numeric_1               0x0000033f   Thumb Code     0  libinit2.o(.ARM.Collect$$libinit$$00000019)
    __rt_lib_init_lc_time_1                  0x0000033f   Thumb Code     0  libinit2.o(.ARM.Collect$$libinit$$0000001B)
    __rt_lib_init_preinit_1                  0x0000033f   Thumb Code     0  libinit2.o(.ARM.Collect$$libinit$$00000006)
    __rt_lib_init_rand_1                     0x0000033f   Thumb Code     0  libinit2.o(.ARM.Collect$$libinit$$00000010)
    __rt_lib_init_relocate_pie_1             0x0000033f   Thumb Code     0  libinit2.o(.ARM.Collect$$libinit$$00000004)
    __rt_lib_init_return                     0x0000033f   Thumb Code     0  libinit2.o(.ARM.Collect$$libinit$$00000035)
    __rt_lib_init_signal_1                   0x0000033f   Thumb Code     0  libinit2.o(.ARM.Collect$$libinit$$0000001F)
    __rt_lib_init_stdio_1                    0x0000033f   Thumb Code     0  libinit2.o(.ARM.Collect$$libinit$$00000027)
    __rt_lib_init_user_alloc_1               0x0000033f   Thumb Code     0  libinit2.o(.ARM.Collect$$libinit$$0000000E)
    __rt_lib_shutdown                        0x00000341   Thumb Code     0  libshutdown.o(.ARM.Collect$$libshutdown$$00000000)
    __rt_lib_shutdown_cpp_1                  0x00000343   Thumb Code     0  libshutdown2.o(.ARM.Collect$$libshutdown$$00000002)
    __rt_lib_shutdown_fp_trap_1              0x00000343   Thumb Code     0  libshutdown2.o(.ARM.Collect$$libshutdown$$00000007)
    __rt_lib_shutdown_heap_1                 0x00000343   Thumb Code     0  libshutdown2.o(.ARM.Collect$$libshutdown$$0000000F)
    __rt_lib_shutdown_return                 0x00000343   Thumb Code     0  libshutdown2.o(.ARM.Collect$$libshutdown$$00000010)
    __rt_lib_shutdown_signal_1               0x00000343   Thumb Code     0  libshutdown2.o(.ARM.Collect$$libshutdown$$0000000A)
    __rt_lib_shutdown_stdio_1                0x00000343   Thumb Code     0  libshutdown2.o(.ARM.Collect$$libshutdown$$00000004)
    __rt_lib_shutdown_user_alloc_1           0x00000343   Thumb Code     0  libshutdown2.o(.ARM.Collect$$libshutdown$$0000000C)
    __rt_entry                               0x00000345   Thumb Code     0  __rtentry.o(.ARM.Collect$$rtentry$$00000000)
    __rt_entry_presh_1                       0x00000345   Thumb Code     0  __rtentry2.o(.ARM.Collect$$rtentry$$00000002)
    __rt_entry_sh                            0x00000345   Thumb Code     0  __rtentry4.o(.ARM.Collect$$rtentry$$00000004)
    __rt_entry_li                            0x0000034b   Thumb Code     0  __rtentry2.o(.ARM.Collect$$rtentry$$0000000A)
    __rt_entry_postsh_1                      0x0000034b   Thumb Code     0  __rtentry2.o(.ARM.Collect$$rtentry$$00000009)
    __rt_entry_main                          0x0000034f   Thumb Code     0  __rtentry2.o(.ARM.Collect$$rtentry$$0000000D)
    __rt_entry_postli_1                      0x0000034f   Thumb Code     0  __rtentry2.o(.ARM.Collect$$rtentry$$0000000C)
    __rt_exit                                0x00000357   Thumb Code     0  rtexit.o(.ARM.Collect$$rtexit$$00000000)
    __rt_exit_ls                             0x00000359   Thumb Code     0  rtexit2.o(.ARM.Collect$$rtexit$$00000003)
    __rt_exit_prels_1                        0x00000359   Thumb Code     0  rtexit2.o(.ARM.Collect$$rtexit$$00000002)
    __rt_exit_exit                           0x0000035d   Thumb Code     0  rtexit2.o(.ARM.Collect$$rtexit$$00000004)
    Reset_Handler                            0x00000365   Thumb Code     8  startup_tm4c123.o(.text)
    NMI_Handler                              0x0000036d   Thumb Code     2  startup_tm4c123.o(.text)
    MemManage_Handler                        0x00000371   Thumb Code     2  startup_tm4c123.o(.text)
    BusFault_Handler                         0x00000373   Thumb Code     2  startup_tm4c123.o(.text)
    UsageFault_Handler                       0x00000375   Thumb Code     2  startup_tm4c123.o(.text)
    SVC_Handler                              0x00000377   Thumb Code     2  startup_tm4c123.o(.text)
    DebugMon_Handler                         0x00000379   Thumb Code     2  startup_tm4c123.o(.text)
    PendSV_Handler                           0x0000037b   Thumb Code     2  startup_tm4c123.o(.text)
    GPIOA_Handler                            0x0000037f   Thumb Code     2  startup_tm4c123.o(.text)
    GPIOB_Handler                            0x00000381   Thumb Code     2  startup_tm4c123.o(.text)
    GPIOC_Handler                            0x00000383   Thumb Code     2  startup_tm4c123.o(.text)
    GPIOD_Handler                            0x00000385   Thumb Code     2  startup_tm4c123.o(.text)
    GPIOE_Handler                            0x00000387   Thumb Code     2  startup_tm4c123.o(.text)
    UART0_Handler                            0x00000389   Thumb Code     2  startup_tm4c123.o(.text)
    UART1_Handler                            0x0000038b   Thumb Code     2  startup_tm4c123.o(.text)
    I2C0_Handler                             0x0000038f   Thumb Code     2  startup_tm4c123.o(.text)
    PMW0_FAULT_Handler                       0x00000391   Thumb Code     2  startup_tm4c123.o(.text)
    PWM0_0_Handler                           0x00000393   Thumb Code     2  startup_tm4c123.o(.text)
    PWM0_1_Handler                           0x00000395   Thumb Code     2  startup_tm4c123.o(.text)
    PWM0_2_Handler                           0x00000397   Thumb Code     2  startup_tm4c123.o(.text)
    QEI0_Handler                             0x00000399   Thumb Code     2  startup_tm4c123.o(.text)
    ADC0SS0_Handler                          0x0000039b   Thumb Code     2  startup_tm4c123.o(.text)
    ADC0SS1_Handler                          0x0000039d   Thumb Code     2  startup_tm4c123.o(.text)
    ADC0SS2_Handler                          0x0000039f   Thumb Code     2  startup_tm4c123.o(.text)
    ADC0SS3_Handler                          0x000003a1   Thumb Code     2  startup_tm4c123.o(.text)
    WDT0_Handler                             0x000003a3   Thumb Code     2  startup_tm4c123.o(.text)
    TIMER0A_Handler                          0x000003a5   Thumb Code     2  startup_tm4c123.o(.text)
    TIMER0B_Handler                          0x000003a7   Thumb Code     2  startup_tm4c123.o(.text)
    TIMER1A_Handler                          0x000003a9   Thumb Code     2  startup_tm4c123.o(.text)
    TIMER1B_Handler                          0x000003ab   Thumb Code     2  startup_tm4c123.o(.text)
    TIMER2A_Handler                          0x000003ad   Thumb Code     2  startup_tm4c123.o(.text)
    TIMER2B_Handler                          0x000003af   Thumb Code     2  startup_tm4c123.o(.text)
    COMP0_Handler                            0x000003b1   Thumb Code     2  startup_tm4c123.o(.text)
    COMP1_Handler                            0x000003b3   Thumb Code     2  startup_tm4c123.o(.text)
    COMP2_Handler                            0x000003b5   Thumb Code     2  startup_tm4c123.o(.text)
    SYSCTL_Handler                           0x000003b7   Thumb Code     2  startup_tm4c123.o(.text)
    FLASH_Handler                            0x000003b9   Thumb Code     2  startup_tm4c123.o(.text)
    GPIOG_Handler                            0x000003bd   Thumb Code     2  startup_tm4c123.o(.text)
    GPIOH_Handler                            0x000003bf   Thumb Code     2  startup_tm4c123.o(.text)
    UART2_Handler                            0x000003c1   Thumb Code     2  startup_tm4c123.o(.text)
    TIMER3A_Handler                          0x000003c5   Thumb Code     2  startup_tm4c123.o(.text)
    TIMER3B_Handler                          0x000003c7   Thumb Code     2  startup_tm4c123.o(.text)
    I2C1_Handler                             0x000003c9   Thumb Code     2  startup_tm4c123.o(.text)
    QEI1_Handler                             0x000003cb   Thumb Code     2  startup_tm4c123.o(.text)
    CAN0_Handler                             0x000003cd   Thumb Code     2  startup_tm4c123.o(.text)
    CAN1_Handler                             0x000003cf   Thumb Code     2  startup_tm4c123.o(.text)
    CAN2_Handler                             0x000003d1   Thumb Code     2  startup_tm4c123.o(.text)
    HIB_Handler                              0x000003d3   Thumb Code     2  startup_tm4c123.o(.text)
    USB0_Handler                             0x000003d5   Thumb Code     2  startup_tm4c123.o(.text)
    PWM0_3_Handler                           0x000003d7   Thumb Code     2  startup_tm4c123.o(.text)
    UDMA_Handler                             0x000003d9   Thumb Code     2  startup_tm4c123.o(.text)
    UDMAERR_Handler                          0x000003db   Thumb Code     2  startup_tm4c123.o(.text)
    ADC1SS0_Handler                          0x000003dd   Thumb Code     2  startup_tm4c123.o(.text)
    ADC1SS1_Handler                          0x000003df   Thumb Code     2  startup_tm4c123.o(.text)
    ADC1SS2_Handler                          0x000003e1   Thumb Code     2  startup_tm4c123.o(.text)
    ADC1SS3_Handler                          0x000003e3   Thumb Code     2  startup_tm4c123.o(.text)
    GPIOJ_Handler                            0x000003e5   Thumb Code     2  startup_tm4c123.o(.text)
    GPIOK_Handler                            0x000003e7   Thumb Code     2  startup_tm4c123.o(.text)
    GPIOL_Handler                            0x000003e9   Thumb Code     2  startup_tm4c123.o(.text)
    UART3_Handler                            0x000003ef   Thumb Code     2  startup_tm4c123.o(.text)
    UART4_Handler                            0x000003f1   Thumb Code     2  startup_tm4c123.o(.text)
    UART5_Handler                            0x000003f3   Thumb Code     2  startup_tm4c123.o(.text)
    UART6_Handler                            0x000003f5   Thumb Code     2  startup_tm4c123.o(.text)
    UART7_Handler                            0x000003f7   Thumb Code     2  startup_tm4c123.o(.text)
    I2C2_Handler                             0x000003f9   Thumb Code     2  startup_tm4c123.o(.text)
    I2C3_Handler                             0x000003fb   Thumb Code     2  startup_tm4c123.o(.text)
    TIMER4A_Handler                          0x000003fd   Thumb Code     2  startup_tm4c123.o(.text)
    TIMER4B_Handler                          0x000003ff   Thumb Code     2  startup_tm4c123.o(.text)
    TIMER5A_Handler                          0x00000401   Thumb Code     2  startup_tm4c123.o(.text)
    TIMER5B_Handler                          0x00000403   Thumb Code     2  startup_tm4c123.o(.text)
    WTIMER0A_Handler                         0x00000405   Thumb Code     2  startup_tm4c123.o(.text)
    WTIMER0B_Handler                         0x00000407   Thumb Code     2  startup_tm4c123.o(.text)
    WTIMER1A_Handler                         0x00000409   Thumb Code     2  startup_tm4c123.o(.text)
    WTIMER1B_Handler                         0x0000040b   Thumb Code     2  startup_tm4c123.o(.text)
    WTIMER2A_Handler                         0x0000040d   Thumb Code     2  startup_tm4c123.o(.text)
    WTIMER2B_Handler                         0x0000040f   Thumb Code     2  startup_tm4c123.o(.text)
    WTIMER3A_Handler                         0x00000411   Thumb Code     2  startup_tm4c123.o(.text)
    WTIMER3B_Handler                         0x00000413   Thumb Code     2  startup_tm4c123.o(.text)
    WTIMER4A_Handler                         0x00000415   Thumb Code     2  startup_tm4c123.o(.text)
    WTIMER4B_Handler                         0x00000417   Thumb Code     2  startup_tm4c123.o(.text)
    WTIMER5A_Handler                         0x00000419   Thumb Code     2  startup_tm4c123.o(.text)
    WTIMER5B_Handler                         0x0000041b   Thumb Code     2  startup_tm4c123.o(.text)
    FPU_Handler                              0x0000041d   Thumb Code     2  startup_tm4c123.o(.text)
    I2C4_Handler                             0x0000041f   Thumb Code     2  startup_tm4c123.o(.text)
    I2C5_Handler                             0x00000421   Thumb Code     2  startup_tm4c123.o(.text)
    GPIOM_Handler                            0x00000423   Thumb Code     2  startup_tm4c123.o(.text)
    GPION_Handler                            0x00000425   Thumb Code     2  startup_tm4c123.o(.text)
    QEI2_Handler                             0x00000427   Thumb Code     2  startup_tm4c123.o(.text)
    GPIOP0_Handler                           0x00000429   Thumb Code     2  startup_tm4c123.o(.text)
    GPIOP1_Handler                           0x0000042b   Thumb Code     2  startup_tm4c123.o(.text)
    GPIOP2_Handler                           0x0000042d   Thumb Code     2  startup_tm4c123.o(.text)
    GPIOP3_Handler                           0x0000042f   Thumb Code     2  startup_tm4c123.o(.text)
    GPIOP4_Handler                           0x00000431   Thumb Code     2  startup_tm4c123.o(.text)
    GPIOP5_Handler                           0x00000433   Thumb Code     2  startup_tm4c123.o(.text)
    GPIOP6_Handler                           0x00000435   Thumb Code     2  startup_tm4c123.o(.text)
    GPIOP7_Handler                           0x00000437   Thumb Code     2  startup_tm4c123.o(.text)
    GPIOQ0_Handler                           0x00000439   Thumb Code     2  startup_tm4c123.o(.text)
    GPIOQ1_Handler                           0x0000043b   Thumb Code     2  startup_tm4c123.o(.text)
    GPIOQ2_Handler                           0x0000043d   Thumb Code     2  startup_tm4c123.o(.text)
    GPIOQ3_Handler                           0x0000043f   Thumb Code     2  startup_tm4c123.o(.text)
    GPIOQ4_Handler                           0x00000441   Thumb Code     2  startup_tm4c123.o(.text)
    GPIOQ5_Handler                           0x00000443   Thumb Code     2  startup_tm4c123.o(.text)
    GPIOQ6_Handler                           0x00000445   Thumb Code     2  startup_tm4c123.o(.text)
    GPIOQ7_Handler                           0x00000447   Thumb Code     2  startup_tm4c123.o(.text)
    GPIOR_Handler                            0x00000449   Thumb Code     2  startup_tm4c123.o(.text)
    GPIOS_Handler                            0x0000044b   Thumb Code     2  startup_tm4c123.o(.text)
    PMW1_0_Handler                           0x0000044d   Thumb Code     2  startup_tm4c123.o(.text)
    PWM1_1_Handler                           0x0000044f   Thumb Code     2  startup_tm4c123.o(.text)
    PWM1_2_Handler                           0x00000451   Thumb Code     2  startup_tm4c123.o(.text)
    PWM1_3_Handler                           0x00000453   Thumb Code     2  startup_tm4c123.o(.text)
    PWM1_FAULT_Handler                       0x00000455   Thumb Code     2  startup_tm4c123.o(.text)
    __user_initial_stackheap                 0x00000459   Thumb Code     0  startup_tm4c123.o(.text)
    __2printf                                0x00000479   Thumb Code    20  noretval__2printf.o(.text)
    __2sprintf                               0x00000491   Thumb Code    34  noretval__2sprintf.o(.text)
    __printf                                 0x000004b9   Thumb Code   104  __printf.o(.text)
    _printf_str                              0x00000521   Thumb Code    82  _printf_str.o(.text)
    _printf_int_dec                          0x00000575   Thumb Code   104  _printf_dec.o(.text)
    strlen                                   0x000005ed   Thumb Code    62  strlen.o(.text)
    __use_two_region_memory                  0x0000062b   Thumb Code     2  heapauxi.o(.text)
    __rt_heap_escrow$2region                 0x0000062d   Thumb Code     2  heapauxi.o(.text)
    __rt_heap_expand$2region                 0x0000062f   Thumb Code     2  heapauxi.o(.text)
    _printf_int_common                       0x00000631   Thumb Code   178  _printf_intcommon.o(.text)
    _printf_char_common                      0x000006ef   Thumb Code    32  _printf_char_common.o(.text)
    _sputc                                   0x00000715   Thumb Code    10  _sputc.o(.text)
    _printf_cs_common                        0x0000071f   Thumb Code    20  _printf_char.o(.text)
    _printf_char                             0x00000733   Thumb Code    16  _printf_char.o(.text)
    _printf_string                           0x00000743   Thumb Code     8  _printf_char.o(.text)
    _printf_char_file                        0x0000074d   Thumb Code    32  _printf_char_file.o(.text)
    ferror                                   0x00000771   Thumb Code     8  ferror.o(.text)
    __user_setup_stackheap                   0x00000779   Thumb Code    74  sys_stackheap_outer.o(.text)
    exit                                     0x000007c3   Thumb Code    18  exit.o(.text)
    __user_libspace                          0x000007d5   Thumb Code     8  libspace.o(.text)
    __user_perproc_libspace                  0x000007d5   Thumb Code     0  libspace.o(.text)
    __user_perthread_libspace                0x000007d5   Thumb Code     0  libspace.o(.text)
    _sys_exit                                0x000007dd   Thumb Code     8  sys_exit.o(.text)
    __I$use$semihosting                      0x000007e9   Thumb Code     0  use_no_semi.o(.text)
    __use_no_semihosting_swi                 0x000007e9   Thumb Code     2  use_no_semi.o(.text)
    __semihosting_library_function           0x000007eb   Thumb Code     0  indicate_semi.o(.text)
    GPIOF_Button_IRQHandler                  0x000007ed   Thumb Code   168  main.o(.text.GPIOF_Button_IRQHandler)
    GPIOF_Handler                            0x00000895   Thumb Code    14  irq.o(.text.GPIOF_Handler)
    GUI_AppDraw                              0x000008a5   Thumb Code  1184  main.o(.text.GUI_AppDraw)
    HardFault_Handler                        0x00000da9   Thumb Code     4  bsp.o(.text.HardFault_Handler)
    IRQ_Init                                 0x00000dad   Thumb Code    16  irq.o(.text.IRQ_Init)
    InitBulletP1                             0x00000dbd   Thumb Code   214  main.o(.text.InitBulletP1)
    InitBulletP2                             0x00000e95   Thumb Code   214  main.o(.text.InitBulletP2)
    LCD_AddCallback                          0x00000f6d   Thumb Code    12  lcd_st7735r.o(.text.LCD_AddCallback)
    LCD_GetSize                              0x00000f79   Thumb Code    42  lcd_st7735r.o(.text.LCD_GetSize)
    LCD_WriteDataPixel                       0x00000fa5   Thumb Code    96  lcd_st7735r.o(.text.LCD_WriteDataPixel)
    LcdInit                                  0x00001005   Thumb Code  2680  lcd_st7735r.o(.text.LcdInit)
    Port_Init                                0x00001a7d   Thumb Code  1296  hal.o(.text.Port_Init)
    Print_GameObject                         0x00001f8d   Thumb Code    68  gameobj.o(.text.Print_GameObject)
    SSI0_Handler                             0x00002061   Thumb Code    14  spim.o(.text.SSI0_Handler)
    SSI1_Handler                             0x00002071   Thumb Code    14  spim.o(.text.SSI1_Handler)
    SSI2_Handler                             0x00002081   Thumb Code    14  spim.o(.text.SSI2_Handler)
    SSI3_Handler                             0x00002091   Thumb Code    14  spim.o(.text.SSI3_Handler)
    SpimAddCallbackTransferDone              0x000020a1   Thumb Code     4  spim.o(.text.SpimAddCallbackTransferDone)
    SpimInit                                 0x000020a5   Thumb Code   628  spim.o(.text.SpimInit)
    SpimSetDataSize                          0x00002319   Thumb Code   250  spim.o(.text.SpimSetDataSize)
    SpimTransfer                             0x00002415   Thumb Code    80  spim.o(.text.SpimTransfer)
    SysTick_Handler                          0x00002465   Thumb Code  1262  main.o(.text.SysTick_Handler)
    SystemCoreClockUpdate                    0x00002955   Thumb Code   178  system_tm4c123.o(.text.SystemCoreClockUpdate)
    SystemInit                               0x00002a09   Thumb Code   224  system_tm4c123.o(.text.SystemInit)
    UpdateBulletPosition1                    0x00002ae9   Thumb Code   172  main.o(.text.UpdateBulletPosition1)
    UpdateBulletPosition2                    0x00002b95   Thumb Code   172  main.o(.text.UpdateBulletPosition2)
    UpdateP1TankSpriteALL                    0x00002c41   Thumb Code   260  main.o(.text.UpdateP1TankSpriteALL)
    UpdateTankPositionP1                     0x00002d45   Thumb Code   210  main.o(.text.UpdateTankPositionP1)
    UpdateTankPositionP2                     0x00002e19   Thumb Code   214  main.o(.text.UpdateTankPositionP2)
    fputc                                    0x00002f15   Thumb Code    18  retarget.o(.text.fputc)
    main                                     0x00002f59   Thumb Code  2164  main.o(.text.main)
    GUI_16BitPerPixel                        0x000037f9   Thumb Code     6  gui.o(i.GUI_16BitPerPixel)
    GUI_AddCbFrameEnd                        0x00003805   Thumb Code     6  gui.o(i.GUI_AddCbFrameEnd)
    GUI_Clear                                0x00003811   Thumb Code    96  gui.o(i.GUI_Clear)
    GUI_DrawBitmap                           0x00003875   Thumb Code   210  gui.o(i.GUI_DrawBitmap)
    GUI_DrawHortLine                         0x0000394d   Thumb Code    90  gui.o(i.GUI_DrawHortLine)
    GUI_DrawRect                             0x000039ad   Thumb Code    64  gui.o(i.GUI_DrawRect)
    GUI_DrawVertLine                         0x000039f1   Thumb Code    90  gui.o(i.GUI_DrawVertLine)
    GUI_Draw_Exe                             0x00003a51   Thumb Code   170  gui.o(i.GUI_Draw_Exe)
    GUI_Init                                 0x00003b01   Thumb Code    70  gui.o(i.GUI_Init)
    GUI_PrintChar                            0x00003b4d   Thumb Code   676  gui.o(i.GUI_PrintChar)
    GUI_PrintString                          0x00003df5   Thumb Code   128  gui.o(i.GUI_PrintString)
    GUI_SetColor                             0x00003e79   Thumb Code    30  gui.o(i.GUI_SetColor)
    GUI_SetFont                              0x00003e9d   Thumb Code     6  gui.o(i.GUI_SetFont)
    GUI_SetFontBackColor                     0x00003ea9   Thumb Code    30  gui.o(i.GUI_SetFontBackColor)
    _fp_init                                 0x00003f45   Thumb Code    26  fpinit.o(x$fpl$fpinit)
    __fplib_config_fpu_vfp                   0x00003f5d   Thumb Code     0  fpinit.o(x$fpl$fpinit)
    __fplib_config_pureend_doubles           0x00003f5d   Thumb Code     0  fpinit.o(x$fpl$fpinit)
    g_sFontCalibri10                         0x00004378   Data         200  font_calibri10.o(.constdata)
    FONT_Arialbold24                         0x00004590   Data         200  fontarialbold24.o(.rodata.FONT_Arialbold24)
    bmpBLUEtankSprite1                       0x000046c4   Data         344  main.o(.rodata.bmpBLUEtankSprite1)
    bmpBLUEtankSprite2                       0x0000481c   Data         344  main.o(.rodata.bmpBLUEtankSprite2)
    bmpBLUEtankSprite3                       0x00004974   Data         344  main.o(.rodata.bmpBLUEtankSprite3)
    bmpBLUEtankSprite4                       0x00004acc   Data         344  main.o(.rodata.bmpBLUEtankSprite4)
    bmpBLUEtankSprite5                       0x00004c24   Data         344  main.o(.rodata.bmpBLUEtankSprite5)
    bmpBLUEtankSprite6                       0x00004d7c   Data         344  main.o(.rodata.bmpBLUEtankSprite6)
    bmpBLUEtankSprite7                       0x00004ed4   Data         344  main.o(.rodata.bmpBLUEtankSprite7)
    bmpBLUEtankSprite8                       0x0000502c   Data         344  main.o(.rodata.bmpBLUEtankSprite8)
    bmpBlankSprite                           0x00005184   Data         344  main.o(.rodata.bmpBlankSprite)
    bmpBulletSprite                          0x000052dc   Data          38  main.o(.rodata.bmpBulletSprite)
    bmpCYANtankSprite1                       0x00005302   Data         344  main.o(.rodata.bmpCYANtankSprite1)
    bmpCYANtankSprite2                       0x0000545a   Data         344  main.o(.rodata.bmpCYANtankSprite2)
    bmpCYANtankSprite3                       0x000055b2   Data         344  main.o(.rodata.bmpCYANtankSprite3)
    bmpCYANtankSprite4                       0x0000570a   Data         344  main.o(.rodata.bmpCYANtankSprite4)
    bmpCYANtankSprite5                       0x00005862   Data         344  main.o(.rodata.bmpCYANtankSprite5)
    bmpCYANtankSprite6                       0x000059ba   Data         344  main.o(.rodata.bmpCYANtankSprite6)
    bmpCYANtankSprite7                       0x00005b12   Data         344  main.o(.rodata.bmpCYANtankSprite7)
    bmpCYANtankSprite8                       0x00005c6a   Data         344  main.o(.rodata.bmpCYANtankSprite8)
    bmpExplosion1Sprite                      0x00005dc2   Data         456  main.o(.rodata.bmpExplosion1Sprite)
    bmpExplosion2Sprite                      0x00005f8a   Data         456  main.o(.rodata.bmpExplosion2Sprite)
    bmpExplosion3Sprite                      0x00006152   Data         456  main.o(.rodata.bmpExplosion3Sprite)
    bmpExplosion4Sprite                      0x0000631a   Data         456  main.o(.rodata.bmpExplosion4Sprite)
    bmpExplosion5Sprite                      0x000064e2   Data         456  main.o(.rodata.bmpExplosion5Sprite)
    bmpFire1Sprite                           0x000066aa   Data         690  main.o(.rodata.bmpFire1Sprite)
    bmpFire2Sprite                           0x0000695c   Data         690  main.o(.rodata.bmpFire2Sprite)
    bmpGREENtankSprite1                      0x00006c0e   Data         344  main.o(.rodata.bmpGREENtankSprite1)
    bmpGREENtankSprite2                      0x00006d66   Data         344  main.o(.rodata.bmpGREENtankSprite2)
    bmpGREENtankSprite3                      0x00006ebe   Data         344  main.o(.rodata.bmpGREENtankSprite3)
    bmpGREENtankSprite4                      0x00007016   Data         344  main.o(.rodata.bmpGREENtankSprite4)
    bmpGREENtankSprite5                      0x0000716e   Data         344  main.o(.rodata.bmpGREENtankSprite5)
    bmpGREENtankSprite6                      0x000072c6   Data         344  main.o(.rodata.bmpGREENtankSprite6)
    bmpGREENtankSprite7                      0x0000741e   Data         344  main.o(.rodata.bmpGREENtankSprite7)
    bmpGREENtankSprite8                      0x00007576   Data         344  main.o(.rodata.bmpGREENtankSprite8)
    bmpPINKtankSprite1                       0x000076ce   Data         344  main.o(.rodata.bmpPINKtankSprite1)
    bmpPINKtankSprite2                       0x00007826   Data         344  main.o(.rodata.bmpPINKtankSprite2)
    bmpPINKtankSprite3                       0x0000797e   Data         344  main.o(.rodata.bmpPINKtankSprite3)
    bmpPINKtankSprite4                       0x00007ad6   Data         344  main.o(.rodata.bmpPINKtankSprite4)
    bmpPINKtankSprite5                       0x00007c2e   Data         344  main.o(.rodata.bmpPINKtankSprite5)
    bmpPINKtankSprite6                       0x00007d86   Data         344  main.o(.rodata.bmpPINKtankSprite6)
    bmpPINKtankSprite7                       0x00007ede   Data         344  main.o(.rodata.bmpPINKtankSprite7)
    bmpPINKtankSprite8                       0x00008036   Data         344  main.o(.rodata.bmpPINKtankSprite8)
    bmpPURPLEtankSprite1                     0x0000818e   Data         344  main.o(.rodata.bmpPURPLEtankSprite1)
    bmpPURPLEtankSprite2                     0x000082e6   Data         344  main.o(.rodata.bmpPURPLEtankSprite2)
    bmpPURPLEtankSprite3                     0x0000843e   Data         344  main.o(.rodata.bmpPURPLEtankSprite3)
    bmpPURPLEtankSprite4                     0x00008596   Data         344  main.o(.rodata.bmpPURPLEtankSprite4)
    bmpPURPLEtankSprite5                     0x000086ee   Data         344  main.o(.rodata.bmpPURPLEtankSprite5)
    bmpPURPLEtankSprite6                     0x00008846   Data         344  main.o(.rodata.bmpPURPLEtankSprite6)
    bmpPURPLEtankSprite7                     0x0000899e   Data         344  main.o(.rodata.bmpPURPLEtankSprite7)
    bmpPURPLEtankSprite8                     0x00008af6   Data         344  main.o(.rodata.bmpPURPLEtankSprite8)
    bmpREDtankSprite1                        0x00008c4e   Data         344  main.o(.rodata.bmpREDtankSprite1)
    bmpREDtankSprite2                        0x00008da6   Data         344  main.o(.rodata.bmpREDtankSprite2)
    bmpREDtankSprite3                        0x00008efe   Data         344  main.o(.rodata.bmpREDtankSprite3)
    bmpREDtankSprite4                        0x00009056   Data         344  main.o(.rodata.bmpREDtankSprite4)
    bmpREDtankSprite5                        0x000091ae   Data         344  main.o(.rodata.bmpREDtankSprite5)
    bmpREDtankSprite6                        0x00009306   Data         344  main.o(.rodata.bmpREDtankSprite6)
    bmpREDtankSprite7                        0x0000945e   Data         344  main.o(.rodata.bmpREDtankSprite7)
    bmpREDtankSprite8                        0x000095b6   Data         344  main.o(.rodata.bmpREDtankSprite8)
    bmpTitleScreenSprite                     0x0000970e   Data       40966  main.o(.rodata.bmpTitleScreenSprite)
    g_FontComic16                            0x00013714   Data         200  fontcomic16.o(.rodata.g_FontComic16)
    Region$$Table$$Base                      0x00014990   Number         0  anon$$obj.o(Region$$Table)
    Region$$Table$$Limit                     0x000149b0   Number         0  anon$$obj.o(Region$$Table)
    SystemCoreClock                          0x20000020   Data           4  system_tm4c123.o(.data.SystemCoreClock)
    player1Color                             0x200004c4   Data           1  main.o(.data.player1Color)
    __libspace_start                         0x200004c8   Data          96  libspace.o(.bss)
    __temporary_stack_top$libspace           0x20000528   Data           0  libspace.o(.bss)
    P1colorChosen                            0x20000544   Data           4  main.o(.bss.P1colorChosen)
    P2colorChosen                            0x20000550   Data           4  main.o(.bss.P2colorChosen)
    SW1_debounce                             0x20000554   Data           4  main.o(.bss.SW1_debounce)
    SW1_delay                                0x20000558   Data           4  main.o(.bss.SW1_delay)
    SW2_debounce                             0x2000055c   Data           4  main.o(.bss.SW2_debounce)
    SW2_delay                                0x20000560   Data           4  main.o(.bss.SW2_delay)
    __stdout                                 0x200005b8   Data          84  retarget.o(.bss.__stdout)
    player2Color                             0x20002749   Data           1  main.o(.bss.player2Color)



==============================================================================

Memory Map of the image

  Image Entry point : 0x0000026d

  Load Region LR_IROM1 (Base: 0x00000000, Size: 0x00014e78, Max: 0x00040000, ABSOLUTE, COMPRESSED[0x00014b00])

    Execution Region ER_IROM1 (Exec base: 0x00000000, Load base: 0x00000000, Size: 0x000149b0, Max: 0x00040000, ABSOLUTE)

    Exec Addr    Load Addr    Size         Type   Attr      Idx    E Section Name        Object

    0x00000000   0x00000000   0x0000026c   Data   RO          468    RESET               startup_tm4c123.o
    0x0000026c   0x0000026c   0x00000008   Code   RO          643  * !!!main             c_w.l(__main.o)
    0x00000274   0x00000274   0x00000034   Code   RO          862    !!!scatter          c_w.l(__scatter.o)
    0x000002a8   0x000002a8   0x00000064   Code   RO          860    !!dclz77c           c_w.l(__dclz77c.o)
    0x0000030c   0x0000030c   0x0000001c   Code   RO          864    !!handler_zi        c_w.l(__scatter_zi.o)
    0x00000328   0x00000328   0x00000000   Code   RO          636    .ARM.Collect$$_printf_percent$$00000000  c_w.l(_printf_percent.o)
    0x00000328   0x00000328   0x00000006   Code   RO          635    .ARM.Collect$$_printf_percent$$00000009  c_w.l(_printf_d.o)
    0x0000032e   0x0000032e   0x00000006   Code   RO          634    .ARM.Collect$$_printf_percent$$00000013  c_w.l(_printf_c.o)
    0x00000334   0x00000334   0x00000004   Code   RO          682    .ARM.Collect$$_printf_percent$$00000017  c_w.l(_printf_percent_end.o)
    0x00000338   0x00000338   0x00000002   Code   RO          722    .ARM.Collect$$libinit$$00000000  c_w.l(libinit.o)
    0x0000033a   0x0000033a   0x00000004   Code   RO          728    .ARM.Collect$$libinit$$00000001  c_w.l(libinit2.o)
    0x0000033e   0x0000033e   0x00000000   Code   RO          731    .ARM.Collect$$libinit$$00000004  c_w.l(libinit2.o)
    0x0000033e   0x0000033e   0x00000000   Code   RO          733    .ARM.Collect$$libinit$$00000006  c_w.l(libinit2.o)
    0x0000033e   0x0000033e   0x00000000   Code   RO          736    .ARM.Collect$$libinit$$0000000C  c_w.l(libinit2.o)
    0x0000033e   0x0000033e   0x00000000   Code   RO          738    .ARM.Collect$$libinit$$0000000E  c_w.l(libinit2.o)
    0x0000033e   0x0000033e   0x00000000   Code   RO          740    .ARM.Collect$$libinit$$00000010  c_w.l(libinit2.o)
    0x0000033e   0x0000033e   0x00000000   Code   RO          743    .ARM.Collect$$libinit$$00000013  c_w.l(libinit2.o)
    0x0000033e   0x0000033e   0x00000000   Code   RO          745    .ARM.Collect$$libinit$$00000015  c_w.l(libinit2.o)
    0x0000033e   0x0000033e   0x00000000   Code   RO          747    .ARM.Collect$$libinit$$00000017  c_w.l(libinit2.o)
    0x0000033e   0x0000033e   0x00000000   Code   RO          749    .ARM.Collect$$libinit$$00000019  c_w.l(libinit2.o)
    0x0000033e   0x0000033e   0x00000000   Code   RO          751    .ARM.Collect$$libinit$$0000001B  c_w.l(libinit2.o)
    0x0000033e   0x0000033e   0x00000000   Code   RO          753    .ARM.Collect$$libinit$$0000001D  c_w.l(libinit2.o)
    0x0000033e   0x0000033e   0x00000000   Code   RO          755    .ARM.Collect$$libinit$$0000001F  c_w.l(libinit2.o)
    0x0000033e   0x0000033e   0x00000000   Code   RO          757    .ARM.Collect$$libinit$$00000021  c_w.l(libinit2.o)
    0x0000033e   0x0000033e   0x00000000   Code   RO          759    .ARM.Collect$$libinit$$00000023  c_w.l(libinit2.o)
    0x0000033e   0x0000033e   0x00000000   Code   RO          761    .ARM.Collect$$libinit$$00000025  c_w.l(libinit2.o)
    0x0000033e   0x0000033e   0x00000000   Code   RO          763    .ARM.Collect$$libinit$$00000027  c_w.l(libinit2.o)
    0x0000033e   0x0000033e   0x00000000   Code   RO          767    .ARM.Collect$$libinit$$0000002E  c_w.l(libinit2.o)
    0x0000033e   0x0000033e   0x00000000   Code   RO          769    .ARM.Collect$$libinit$$00000030  c_w.l(libinit2.o)
    0x0000033e   0x0000033e   0x00000000   Code   RO          771    .ARM.Collect$$libinit$$00000032  c_w.l(libinit2.o)
    0x0000033e   0x0000033e   0x00000000   Code   RO          773    .ARM.Collect$$libinit$$00000034  c_w.l(libinit2.o)
    0x0000033e   0x0000033e   0x00000002   Code   RO          774    .ARM.Collect$$libinit$$00000035  c_w.l(libinit2.o)
    0x00000340   0x00000340   0x00000002   Code   RO          796    .ARM.Collect$$libshutdown$$00000000  c_w.l(libshutdown.o)
    0x00000342   0x00000342   0x00000000   Code   RO          811    .ARM.Collect$$libshutdown$$00000002  c_w.l(libshutdown2.o)
    0x00000342   0x00000342   0x00000000   Code   RO          813    .ARM.Collect$$libshutdown$$00000004  c_w.l(libshutdown2.o)
    0x00000342   0x00000342   0x00000000   Code   RO          816    .ARM.Collect$$libshutdown$$00000007  c_w.l(libshutdown2.o)
    0x00000342   0x00000342   0x00000000   Code   RO          819    .ARM.Collect$$libshutdown$$0000000A  c_w.l(libshutdown2.o)
    0x00000342   0x00000342   0x00000000   Code   RO          821    .ARM.Collect$$libshutdown$$0000000C  c_w.l(libshutdown2.o)
    0x00000342   0x00000342   0x00000000   Code   RO          824    .ARM.Collect$$libshutdown$$0000000F  c_w.l(libshutdown2.o)
    0x00000342   0x00000342   0x00000002   Code   RO          825    .ARM.Collect$$libshutdown$$00000010  c_w.l(libshutdown2.o)
    0x00000344   0x00000344   0x00000000   Code   RO          671    .ARM.Collect$$rtentry$$00000000  c_w.l(__rtentry.o)
    0x00000344   0x00000344   0x00000000   Code   RO          693    .ARM.Collect$$rtentry$$00000002  c_w.l(__rtentry2.o)
    0x00000344   0x00000344   0x00000006   Code   RO          705    .ARM.Collect$$rtentry$$00000004  c_w.l(__rtentry4.o)
    0x0000034a   0x0000034a   0x00000000   Code   RO          695    .ARM.Collect$$rtentry$$00000009  c_w.l(__rtentry2.o)
    0x0000034a   0x0000034a   0x00000004   Code   RO          696    .ARM.Collect$$rtentry$$0000000A  c_w.l(__rtentry2.o)
    0x0000034e   0x0000034e   0x00000000   Code   RO          698    .ARM.Collect$$rtentry$$0000000C  c_w.l(__rtentry2.o)
    0x0000034e   0x0000034e   0x00000008   Code   RO          699    .ARM.Collect$$rtentry$$0000000D  c_w.l(__rtentry2.o)
    0x00000356   0x00000356   0x00000002   Code   RO          726    .ARM.Collect$$rtexit$$00000000  c_w.l(rtexit.o)
    0x00000358   0x00000358   0x00000000   Code   RO          776    .ARM.Collect$$rtexit$$00000002  c_w.l(rtexit2.o)
    0x00000358   0x00000358   0x00000004   Code   RO          777    .ARM.Collect$$rtexit$$00000003  c_w.l(rtexit2.o)
    0x0000035c   0x0000035c   0x00000006   Code   RO          778    .ARM.Collect$$rtexit$$00000004  c_w.l(rtexit2.o)
    0x00000362   0x00000362   0x00000002   PAD
    0x00000364   0x00000364   0x00000114   Code   RO          469    .text               startup_tm4c123.o
    0x00000478   0x00000478   0x00000018   Code   RO          604    .text               c_w.l(noretval__2printf.o)
    0x00000490   0x00000490   0x00000028   Code   RO          606    .text               c_w.l(noretval__2sprintf.o)
    0x000004b8   0x000004b8   0x00000068   Code   RO          608    .text               c_w.l(__printf.o)
    0x00000520   0x00000520   0x00000052   Code   RO          610    .text               c_w.l(_printf_str.o)
    0x00000572   0x00000572   0x00000002   PAD
    0x00000574   0x00000574   0x00000078   Code   RO          612    .text               c_w.l(_printf_dec.o)
    0x000005ec   0x000005ec   0x0000003e   Code   RO          637    .text               c_w.l(strlen.o)
    0x0000062a   0x0000062a   0x00000006   Code   RO          641    .text               c_w.l(heapauxi.o)
    0x00000630   0x00000630   0x000000b2   Code   RO          672    .text               c_w.l(_printf_intcommon.o)
    0x000006e2   0x000006e2   0x00000002   PAD
    0x000006e4   0x000006e4   0x00000030   Code   RO          674    .text               c_w.l(_printf_char_common.o)
    0x00000714   0x00000714   0x0000000a   Code   RO          676    .text               c_w.l(_sputc.o)
    0x0000071e   0x0000071e   0x0000002c   Code   RO          678    .text               c_w.l(_printf_char.o)
    0x0000074a   0x0000074a   0x00000002   PAD
    0x0000074c   0x0000074c   0x00000024   Code   RO          680    .text               c_w.l(_printf_char_file.o)
    0x00000770   0x00000770   0x00000008   Code   RO          709    .text               c_w.l(ferror.o)
    0x00000778   0x00000778   0x0000004a   Code   RO          713    .text               c_w.l(sys_stackheap_outer.o)
    0x000007c2   0x000007c2   0x00000012   Code   RO          715    .text               c_w.l(exit.o)
    0x000007d4   0x000007d4   0x00000008   Code   RO          723    .text               c_w.l(libspace.o)
    0x000007dc   0x000007dc   0x0000000c   Code   RO          786    .text               c_w.l(sys_exit.o)
    0x000007e8   0x000007e8   0x00000002   Code   RO          801    .text               c_w.l(use_no_semi.o)
    0x000007ea   0x000007ea   0x00000000   Code   RO          803    .text               c_w.l(indicate_semi.o)
    0x000007ea   0x000007ea   0x00000002   PAD
    0x000007ec   0x000007ec   0x000000a8   Code   RO           48    .text.GPIOF_Button_IRQHandler  main.o
    0x00000894   0x00000894   0x0000000e   Code   RO          431    .text.GPIOF_Handler  irq.o
    0x000008a2   0x000008a2   0x00000002   PAD
    0x000008a4   0x000008a4   0x00000504   Code   RO           14    .text.GUI_AppDraw   main.o
    0x00000da8   0x00000da8   0x00000004   Code   RO          405    .text.HardFault_Handler  bsp.o
    0x00000dac   0x00000dac   0x00000010   Code   RO          429    .text.IRQ_Init      irq.o
    0x00000dbc   0x00000dbc   0x000000d6   Code   RO           44    .text.InitBulletP1  main.o
    0x00000e92   0x00000e92   0x00000002   PAD
    0x00000e94   0x00000e94   0x000000d6   Code   RO           46    .text.InitBulletP2  main.o
    0x00000f6a   0x00000f6a   0x00000002   PAD
    0x00000f6c   0x00000f6c   0x0000000c   Code   RO          330    .text.LCD_AddCallback  lcd_st7735r.o
    0x00000f78   0x00000f78   0x0000002a   Code   RO          328    .text.LCD_GetSize   lcd_st7735r.o
    0x00000fa2   0x00000fa2   0x00000002   PAD
    0x00000fa4   0x00000fa4   0x00000060   Code   RO          336    .text.LCD_WriteDataPixel  lcd_st7735r.o
    0x00001004   0x00001004   0x00000a78   Code   RO          324    .text.LcdInit       lcd_st7735r.o
    0x00001a7c   0x00001a7c   0x00000510   Code   RO          416    .text.Port_Init     hal.o
    0x00001f8c   0x00001f8c   0x00000044   Code   RO          315    .text.Print_GameObject  gameobj.o
    0x00001fd0   0x00001fd0   0x0000008e   Code   RO          502    .text.SPI_Handler   spim.o
    0x0000205e   0x0000205e   0x00000002   PAD
    0x00002060   0x00002060   0x0000000e   Code   RO          500    .text.SSI0_Handler  spim.o
    0x0000206e   0x0000206e   0x00000002   PAD
    0x00002070   0x00002070   0x0000000e   Code   RO          504    .text.SSI1_Handler  spim.o
    0x0000207e   0x0000207e   0x00000002   PAD
    0x00002080   0x00002080   0x0000000e   Code   RO          506    .text.SSI2_Handler  spim.o
    0x0000208e   0x0000208e   0x00000002   PAD
    0x00002090   0x00002090   0x0000000e   Code   RO          508    .text.SSI3_Handler  spim.o
    0x0000209e   0x0000209e   0x00000002   PAD
    0x000020a0   0x000020a0   0x00000004   Code   RO          496    .text.SpimAddCallbackTransferDone  spim.o
    0x000020a4   0x000020a4   0x00000274   Code   RO          490    .text.SpimInit      spim.o
    0x00002318   0x00002318   0x000000fa   Code   RO          494    .text.SpimSetDataSize  spim.o
    0x00002412   0x00002412   0x00000002   PAD
    0x00002414   0x00002414   0x00000050   Code   RO          498    .text.SpimTransfer  spim.o
    0x00002464   0x00002464   0x000004ee   Code   RO            4    .text.SysTick_Handler  main.o
    0x00002952   0x00002952   0x00000002   PAD
    0x00002954   0x00002954   0x000000b2   Code   RO          476    .text.SystemCoreClockUpdate  system_tm4c123.o
    0x00002a06   0x00002a06   0x00000002   PAD
    0x00002a08   0x00002a08   0x000000e0   Code   RO          478    .text.SystemInit    system_tm4c123.o
    0x00002ae8   0x00002ae8   0x000000ac   Code   RO            6    .text.UpdateBulletPosition1  main.o
    0x00002b94   0x00002b94   0x000000ac   Code   RO            8    .text.UpdateBulletPosition2  main.o
    0x00002c40   0x00002c40   0x00000104   Code   RO           16    .text.UpdateP1TankSpriteALL  main.o
    0x00002d44   0x00002d44   0x000000d2   Code   RO           10    .text.UpdateTankPositionP1  main.o
    0x00002e16   0x00002e16   0x00000002   PAD
    0x00002e18   0x00002e18   0x000000d6   Code   RO           12    .text.UpdateTankPositionP2  main.o
    0x00002eee   0x00002eee   0x00000002   PAD
    0x00002ef0   0x00002ef0   0x00000024   Code   RO          407    .text.__NVIC_SystemReset  bsp.o
    0x00002f14   0x00002f14   0x00000012   Code   RO          457    .text.fputc         retarget.o
    0x00002f26   0x00002f26   0x00000002   PAD
    0x00002f28   0x00002f28   0x00000030   Code   RO          326    .text.lcd_cbSpiDone  lcd_st7735r.o
    0x00002f58   0x00002f58   0x00000880   Code   RO            2    .text.main          main.o
    0x000037d8   0x000037d8   0x0000000e   Code   RO           56    .text.main_cbGuiFrameEnd  main.o
    0x000037e6   0x000037e6   0x00000002   PAD
    0x000037e8   0x000037e8   0x0000000e   Code   RO           54    .text.main_cbLcdTransferDone  main.o
    0x000037f6   0x000037f6   0x00000002   PAD
    0x000037f8   0x000037f8   0x0000000c   Code   RO          554    i.GUI_16BitPerPixel  DPGUI_KEIL_CM4_V11.lib(gui.o)
    0x00003804   0x00003804   0x0000000c   Code   RO          555    i.GUI_AddCbFrameEnd  DPGUI_KEIL_CM4_V11.lib(gui.o)
    0x00003810   0x00003810   0x00000064   Code   RO          556    i.GUI_Clear         DPGUI_KEIL_CM4_V11.lib(gui.o)
    0x00003874   0x00003874   0x000000d8   Code   RO          557    i.GUI_DrawBitmap    DPGUI_KEIL_CM4_V11.lib(gui.o)
    0x0000394c   0x0000394c   0x00000060   Code   RO          561    i.GUI_DrawHortLine  DPGUI_KEIL_CM4_V11.lib(gui.o)
    0x000039ac   0x000039ac   0x00000044   Code   RO          563    i.GUI_DrawRect      DPGUI_KEIL_CM4_V11.lib(gui.o)
    0x000039f0   0x000039f0   0x00000060   Code   RO          564    i.GUI_DrawVertLine  DPGUI_KEIL_CM4_V11.lib(gui.o)
    0x00003a50   0x00003a50   0x000000b0   Code   RO          565    i.GUI_Draw_Exe      DPGUI_KEIL_CM4_V11.lib(gui.o)
    0x00003b00   0x00003b00   0x0000004c   Code   RO          566    i.GUI_Init          DPGUI_KEIL_CM4_V11.lib(gui.o)
    0x00003b4c   0x00003b4c   0x000002a8   Code   RO          567    i.GUI_PrintChar     DPGUI_KEIL_CM4_V11.lib(gui.o)
    0x00003df4   0x00003df4   0x00000084   Code   RO          568    i.GUI_PrintString   DPGUI_KEIL_CM4_V11.lib(gui.o)
    0x00003e78   0x00003e78   0x00000024   Code   RO          569    i.GUI_SetColor      DPGUI_KEIL_CM4_V11.lib(gui.o)
    0x00003e9c   0x00003e9c   0x0000000c   Code   RO          570    i.GUI_SetFont       DPGUI_KEIL_CM4_V11.lib(gui.o)
    0x00003ea8   0x00003ea8   0x00000024   Code   RO          571    i.GUI_SetFontBackColor  DPGUI_KEIL_CM4_V11.lib(gui.o)
    0x00003ecc   0x00003ecc   0x00000078   Code   RO          573    i.GUI_WriteMem      DPGUI_KEIL_CM4_V11.lib(gui.o)
    0x00003f44   0x00003f44   0x0000001a   Code   RO          784    x$fpl$fpinit        fz_wm.l(fpinit.o)
    0x00003f5e   0x00003f5e   0x00000417   Data   RO          546    .constdata          DPGUI_KEIL_CM4_V11.lib(font_calibri10.o)
    0x00004375   0x00004375   0x00000003   PAD
    0x00004378   0x00004378   0x000000c8   Data   RO          547    .constdata          DPGUI_KEIL_CM4_V11.lib(font_calibri10.o)
    0x00004440   0x00004440   0x0000001c   Data   RO          295    .rodata..Lswitch.table.UpdateP1TankSprite_BLUE  main.o
    0x0000445c   0x0000445c   0x0000001c   Data   RO          300    .rodata..Lswitch.table.UpdateP1TankSprite_CYAN  main.o
    0x00004478   0x00004478   0x0000001c   Data   RO          299    .rodata..Lswitch.table.UpdateP1TankSprite_GREEN  main.o
    0x00004494   0x00004494   0x0000001c   Data   RO          297    .rodata..Lswitch.table.UpdateP1TankSprite_PINK  main.o
    0x000044b0   0x000044b0   0x0000001c   Data   RO          298    .rodata..Lswitch.table.UpdateP1TankSprite_PURPLE  main.o
    0x000044cc   0x000044cc   0x0000001c   Data   RO          296    .rodata..Lswitch.table.UpdateP1TankSprite_RED  main.o
    0x000044e8   0x000044e8   0x0000001c   Data   RO          301    .rodata..Lswitch.table.UpdateP2TankSprite_BLUE  main.o
    0x00004504   0x00004504   0x0000001c   Data   RO          306    .rodata..Lswitch.table.UpdateP2TankSprite_CYAN  main.o
    0x00004520   0x00004520   0x0000001c   Data   RO          305    .rodata..Lswitch.table.UpdateP2TankSprite_GREEN  main.o
    0x0000453c   0x0000453c   0x0000001c   Data   RO          303    .rodata..Lswitch.table.UpdateP2TankSprite_PINK  main.o
    0x00004558   0x00004558   0x0000001c   Data   RO          304    .rodata..Lswitch.table.UpdateP2TankSprite_PURPLE  main.o
    0x00004574   0x00004574   0x0000001c   Data   RO          302    .rodata..Lswitch.table.UpdateP2TankSprite_RED  main.o
    0x00004590   0x00004590   0x000000c8   Data   RO          369    .rodata.FONT_Arialbold24  fontarialbold24.o
    0x00004658   0x00004658   0x0000006c   Data   RO          481    .rodata.XTAL_NO_PLL  system_tm4c123.o
    0x000046c4   0x000046c4   0x00000158   Data   RO           70    .rodata.bmpBLUEtankSprite1  main.o
    0x0000481c   0x0000481c   0x00000158   Data   RO           71    .rodata.bmpBLUEtankSprite2  main.o
    0x00004974   0x00004974   0x00000158   Data   RO           69    .rodata.bmpBLUEtankSprite3  main.o
    0x00004acc   0x00004acc   0x00000158   Data   RO           73    .rodata.bmpBLUEtankSprite4  main.o
    0x00004c24   0x00004c24   0x00000158   Data   RO           75    .rodata.bmpBLUEtankSprite5  main.o
    0x00004d7c   0x00004d7c   0x00000158   Data   RO           74    .rodata.bmpBLUEtankSprite6  main.o
    0x00004ed4   0x00004ed4   0x00000158   Data   RO           68    .rodata.bmpBLUEtankSprite7  main.o
    0x0000502c   0x0000502c   0x00000158   Data   RO           72    .rodata.bmpBLUEtankSprite8  main.o
    0x00005184   0x00005184   0x00000158   Data   RO           63    .rodata.bmpBlankSprite  main.o
    0x000052dc   0x000052dc   0x00000026   Data   RO           65    .rodata.bmpBulletSprite  main.o
    0x00005302   0x00005302   0x00000158   Data   RO           94    .rodata.bmpCYANtankSprite1  main.o
    0x0000545a   0x0000545a   0x00000158   Data   RO           95    .rodata.bmpCYANtankSprite2  main.o
    0x000055b2   0x000055b2   0x00000158   Data   RO           93    .rodata.bmpCYANtankSprite3  main.o
    0x0000570a   0x0000570a   0x00000158   Data   RO           97    .rodata.bmpCYANtankSprite4  main.o
    0x00005862   0x00005862   0x00000158   Data   RO           99    .rodata.bmpCYANtankSprite5  main.o
    0x000059ba   0x000059ba   0x00000158   Data   RO           98    .rodata.bmpCYANtankSprite6  main.o
    0x00005b12   0x00005b12   0x00000158   Data   RO           92    .rodata.bmpCYANtankSprite7  main.o
    0x00005c6a   0x00005c6a   0x00000158   Data   RO           96    .rodata.bmpCYANtankSprite8  main.o
    0x00005dc2   0x00005dc2   0x000001c8   Data   RO          117    .rodata.bmpExplosion1Sprite  main.o
    0x00005f8a   0x00005f8a   0x000001c8   Data   RO          118    .rodata.bmpExplosion2Sprite  main.o
    0x00006152   0x00006152   0x000001c8   Data   RO          119    .rodata.bmpExplosion3Sprite  main.o
    0x0000631a   0x0000631a   0x000001c8   Data   RO          120    .rodata.bmpExplosion4Sprite  main.o
    0x000064e2   0x000064e2   0x000001c8   Data   RO          121    .rodata.bmpExplosion5Sprite  main.o
    0x000066aa   0x000066aa   0x000002b2   Data   RO           66    .rodata.bmpFire1Sprite  main.o
    0x0000695c   0x0000695c   0x000002b2   Data   RO           67    .rodata.bmpFire2Sprite  main.o
    0x00006c0e   0x00006c0e   0x00000158   Data   RO          102    .rodata.bmpGREENtankSprite1  main.o
    0x00006d66   0x00006d66   0x00000158   Data   RO          103    .rodata.bmpGREENtankSprite2  main.o
    0x00006ebe   0x00006ebe   0x00000158   Data   RO          101    .rodata.bmpGREENtankSprite3  main.o
    0x00007016   0x00007016   0x00000158   Data   RO          105    .rodata.bmpGREENtankSprite4  main.o
    0x0000716e   0x0000716e   0x00000158   Data   RO          107    .rodata.bmpGREENtankSprite5  main.o
    0x000072c6   0x000072c6   0x00000158   Data   RO          106    .rodata.bmpGREENtankSprite6  main.o
    0x0000741e   0x0000741e   0x00000158   Data   RO          100    .rodata.bmpGREENtankSprite7  main.o
    0x00007576   0x00007576   0x00000158   Data   RO          104    .rodata.bmpGREENtankSprite8  main.o
    0x000076ce   0x000076ce   0x00000158   Data   RO           78    .rodata.bmpPINKtankSprite1  main.o
    0x00007826   0x00007826   0x00000158   Data   RO           79    .rodata.bmpPINKtankSprite2  main.o
    0x0000797e   0x0000797e   0x00000158   Data   RO           77    .rodata.bmpPINKtankSprite3  main.o
    0x00007ad6   0x00007ad6   0x00000158   Data   RO           81    .rodata.bmpPINKtankSprite4  main.o
    0x00007c2e   0x00007c2e   0x00000158   Data   RO           83    .rodata.bmpPINKtankSprite5  main.o
    0x00007d86   0x00007d86   0x00000158   Data   RO           82    .rodata.bmpPINKtankSprite6  main.o
    0x00007ede   0x00007ede   0x00000158   Data   RO           76    .rodata.bmpPINKtankSprite7  main.o
    0x00008036   0x00008036   0x00000158   Data   RO           80    .rodata.bmpPINKtankSprite8  main.o
    0x0000818e   0x0000818e   0x00000158   Data   RO           86    .rodata.bmpPURPLEtankSprite1  main.o
    0x000082e6   0x000082e6   0x00000158   Data   RO           87    .rodata.bmpPURPLEtankSprite2  main.o
    0x0000843e   0x0000843e   0x00000158   Data   RO           85    .rodata.bmpPURPLEtankSprite3  main.o
    0x00008596   0x00008596   0x00000158   Data   RO           89    .rodata.bmpPURPLEtankSprite4  main.o
    0x000086ee   0x000086ee   0x00000158   Data   RO           91    .rodata.bmpPURPLEtankSprite5  main.o
    0x00008846   0x00008846   0x00000158   Data   RO           90    .rodata.bmpPURPLEtankSprite6  main.o
    0x0000899e   0x0000899e   0x00000158   Data   RO           84    .rodata.bmpPURPLEtankSprite7  main.o
    0x00008af6   0x00008af6   0x00000158   Data   RO           88    .rodata.bmpPURPLEtankSprite8  main.o
    0x00008c4e   0x00008c4e   0x00000158   Data   RO          110    .rodata.bmpREDtankSprite1  main.o
    0x00008da6   0x00008da6   0x00000158   Data   RO          111    .rodata.bmpREDtankSprite2  main.o
    0x00008efe   0x00008efe   0x00000158   Data   RO          109    .rodata.bmpREDtankSprite3  main.o
    0x00009056   0x00009056   0x00000158   Data   RO          113    .rodata.bmpREDtankSprite4  main.o
    0x000091ae   0x000091ae   0x00000158   Data   RO          115    .rodata.bmpREDtankSprite5  main.o
    0x00009306   0x00009306   0x00000158   Data   RO          114    .rodata.bmpREDtankSprite6  main.o
    0x0000945e   0x0000945e   0x00000158   Data   RO          108    .rodata.bmpREDtankSprite7  main.o
    0x000095b6   0x000095b6   0x00000158   Data   RO          112    .rodata.bmpREDtankSprite8  main.o
    0x0000970e   0x0000970e   0x0000a006   Data   RO           64    .rodata.bmpTitleScreenSprite  main.o
    0x00013714   0x00013714   0x000000c8   Data   RO          397    .rodata.g_FontComic16  fontcomic16.o
    0x000137dc   0x000137dc   0x00000a1b   Data   RO          368    .rodata.g_pucArialbold24Data  fontarialbold24.o
    0x000141f7   0x000141f7   0x00000799   Data   RO          396    .rodata.g_pucComic16Data  fontcomic16.o
    0x00014990   0x00014990   0x00000020   Data   RO          859    Region$$Table       anon$$obj.o


    Execution Region RW_IRAM1 (Exec base: 0x20000000, Load base: 0x000149b0, Size: 0x00003150, Max: 0x00008000, ABSOLUTE, COMPRESSED[0x00000150])

    Exec Addr    Load Addr    Size         Type   Attr      Idx    E Section Name        Object

    0x20000000   COMPRESSED   0x0000001c   Data   RW          574    .data               DPGUI_KEIL_CM4_V11.lib(gui.o)
    0x2000001c   COMPRESSED   0x00000004   Data   RW          141    .data.Stage         main.o
    0x20000020   COMPRESSED   0x00000004   Data   RW          480    .data.SystemCoreClock  system_tm4c123.o
    0x20000024   COMPRESSED   0x00000004   Data   RW          153    .data.TIMER_MS      main.o
    0x20000028   COMPRESSED   0x0000000c   Data   RW          135    .data.gObj_Blank    main.o
    0x20000034   COMPRESSED   0x0000000c   Data   RW          160    .data.gObj_Bullet1  main.o
    0x20000040   COMPRESSED   0x0000000c   Data   RW          155    .data.gObj_Bullet2  main.o
    0x2000004c   COMPRESSED   0x0000000c   Data   RW          174    .data.gObj_Explosion1  main.o
    0x20000058   COMPRESSED   0x0000000c   Data   RW          175    .data.gObj_Explosion2  main.o
    0x20000064   COMPRESSED   0x0000000c   Data   RW          176    .data.gObj_Explosion3  main.o
    0x20000070   COMPRESSED   0x0000000c   Data   RW          177    .data.gObj_Explosion4  main.o
    0x2000007c   COMPRESSED   0x0000000c   Data   RW          178    .data.gObj_Explosion5  main.o
    0x20000088   COMPRESSED   0x0000000c   Data   RW          171    .data.gObj_Fire1    main.o
    0x20000094   COMPRESSED   0x0000000c   Data   RW          172    .data.gObj_Fire2    main.o
    0x200000a0   COMPRESSED   0x0000000c   Data   RW          131    .data.gObj_P1_blue_E_tank  main.o
    0x200000ac   COMPRESSED   0x0000000c   Data   RW          182    .data.gObj_P1_blue_NE_tank  main.o
    0x200000b8   COMPRESSED   0x0000000c   Data   RW          180    .data.gObj_P1_blue_NW_tank  main.o
    0x200000c4   COMPRESSED   0x0000000c   Data   RW          181    .data.gObj_P1_blue_N_tank  main.o
    0x200000d0   COMPRESSED   0x0000000c   Data   RW          183    .data.gObj_P1_blue_SE_tank  main.o
    0x200000dc   COMPRESSED   0x0000000c   Data   RW          185    .data.gObj_P1_blue_SW_tank  main.o
    0x200000e8   COMPRESSED   0x0000000c   Data   RW          184    .data.gObj_P1_blue_S_tank  main.o
    0x200000f4   COMPRESSED   0x0000000c   Data   RW          222    .data.gObj_P1_cyan_E_tank  main.o
    0x20000100   COMPRESSED   0x0000000c   Data   RW          221    .data.gObj_P1_cyan_NE_tank  main.o
    0x2000010c   COMPRESSED   0x0000000c   Data   RW          219    .data.gObj_P1_cyan_NW_tank  main.o
    0x20000118   COMPRESSED   0x0000000c   Data   RW          220    .data.gObj_P1_cyan_N_tank  main.o
    0x20000124   COMPRESSED   0x0000000c   Data   RW          223    .data.gObj_P1_cyan_SE_tank  main.o
    0x20000130   COMPRESSED   0x0000000c   Data   RW          225    .data.gObj_P1_cyan_SW_tank  main.o
    0x2000013c   COMPRESSED   0x0000000c   Data   RW          224    .data.gObj_P1_cyan_S_tank  main.o
    0x20000148   COMPRESSED   0x0000000c   Data   RW          214    .data.gObj_P1_green_E_tank  main.o
    0x20000154   COMPRESSED   0x0000000c   Data   RW          213    .data.gObj_P1_green_NE_tank  main.o
    0x20000160   COMPRESSED   0x0000000c   Data   RW          211    .data.gObj_P1_green_NW_tank  main.o
    0x2000016c   COMPRESSED   0x0000000c   Data   RW          212    .data.gObj_P1_green_N_tank  main.o
    0x20000178   COMPRESSED   0x0000000c   Data   RW          215    .data.gObj_P1_green_SE_tank  main.o
    0x20000184   COMPRESSED   0x0000000c   Data   RW          217    .data.gObj_P1_green_SW_tank  main.o
    0x20000190   COMPRESSED   0x0000000c   Data   RW          216    .data.gObj_P1_green_S_tank  main.o
    0x2000019c   COMPRESSED   0x0000000c   Data   RW          198    .data.gObj_P1_pink_E_tank  main.o
    0x200001a8   COMPRESSED   0x0000000c   Data   RW          197    .data.gObj_P1_pink_NE_tank  main.o
    0x200001b4   COMPRESSED   0x0000000c   Data   RW          195    .data.gObj_P1_pink_NW_tank  main.o
    0x200001c0   COMPRESSED   0x0000000c   Data   RW          196    .data.gObj_P1_pink_N_tank  main.o
    0x200001cc   COMPRESSED   0x0000000c   Data   RW          199    .data.gObj_P1_pink_SE_tank  main.o
    0x200001d8   COMPRESSED   0x0000000c   Data   RW          201    .data.gObj_P1_pink_SW_tank  main.o
    0x200001e4   COMPRESSED   0x0000000c   Data   RW          200    .data.gObj_P1_pink_S_tank  main.o
    0x200001f0   COMPRESSED   0x0000000c   Data   RW          206    .data.gObj_P1_purple_E_tank  main.o
    0x200001fc   COMPRESSED   0x0000000c   Data   RW          205    .data.gObj_P1_purple_NE_tank  main.o
    0x20000208   COMPRESSED   0x0000000c   Data   RW          203    .data.gObj_P1_purple_NW_tank  main.o
    0x20000214   COMPRESSED   0x0000000c   Data   RW          204    .data.gObj_P1_purple_N_tank  main.o
    0x20000220   COMPRESSED   0x0000000c   Data   RW          207    .data.gObj_P1_purple_SE_tank  main.o
    0x2000022c   COMPRESSED   0x0000000c   Data   RW          209    .data.gObj_P1_purple_SW_tank  main.o
    0x20000238   COMPRESSED   0x0000000c   Data   RW          208    .data.gObj_P1_purple_S_tank  main.o
    0x20000244   COMPRESSED   0x0000000c   Data   RW          190    .data.gObj_P1_red_E_tank  main.o
    0x20000250   COMPRESSED   0x0000000c   Data   RW          189    .data.gObj_P1_red_NE_tank  main.o
    0x2000025c   COMPRESSED   0x0000000c   Data   RW          187    .data.gObj_P1_red_NW_tank  main.o
    0x20000268   COMPRESSED   0x0000000c   Data   RW          188    .data.gObj_P1_red_N_tank  main.o
    0x20000274   COMPRESSED   0x0000000c   Data   RW          191    .data.gObj_P1_red_SE_tank  main.o
    0x20000280   COMPRESSED   0x0000000c   Data   RW          193    .data.gObj_P1_red_SW_tank  main.o
    0x2000028c   COMPRESSED   0x0000000c   Data   RW          192    .data.gObj_P1_red_S_tank  main.o
    0x20000298   COMPRESSED   0x0000000c   Data   RW          233    .data.gObj_P2_blue_NE_tank  main.o
    0x200002a4   COMPRESSED   0x0000000c   Data   RW          231    .data.gObj_P2_blue_NW_tank  main.o
    0x200002b0   COMPRESSED   0x0000000c   Data   RW          232    .data.gObj_P2_blue_N_tank  main.o
    0x200002bc   COMPRESSED   0x0000000c   Data   RW          227    .data.gObj_P2_blue_SE_tank  main.o
    0x200002c8   COMPRESSED   0x0000000c   Data   RW          229    .data.gObj_P2_blue_SW_tank  main.o
    0x200002d4   COMPRESSED   0x0000000c   Data   RW          228    .data.gObj_P2_blue_S_tank  main.o
    0x200002e0   COMPRESSED   0x0000000c   Data   RW          230    .data.gObj_P2_blue_W_tank  main.o
    0x200002ec   COMPRESSED   0x0000000c   Data   RW          272    .data.gObj_P2_cyan_NE_tank  main.o
    0x200002f8   COMPRESSED   0x0000000c   Data   RW          270    .data.gObj_P2_cyan_NW_tank  main.o
    0x20000304   COMPRESSED   0x0000000c   Data   RW          271    .data.gObj_P2_cyan_N_tank  main.o
    0x20000310   COMPRESSED   0x0000000c   Data   RW          266    .data.gObj_P2_cyan_SE_tank  main.o
    0x2000031c   COMPRESSED   0x0000000c   Data   RW          268    .data.gObj_P2_cyan_SW_tank  main.o
    0x20000328   COMPRESSED   0x0000000c   Data   RW          267    .data.gObj_P2_cyan_S_tank  main.o
    0x20000334   COMPRESSED   0x0000000c   Data   RW          269    .data.gObj_P2_cyan_W_tank  main.o
    0x20000340   COMPRESSED   0x0000000c   Data   RW          264    .data.gObj_P2_green_NE_tank  main.o
    0x2000034c   COMPRESSED   0x0000000c   Data   RW          262    .data.gObj_P2_green_NW_tank  main.o
    0x20000358   COMPRESSED   0x0000000c   Data   RW          263    .data.gObj_P2_green_N_tank  main.o
    0x20000364   COMPRESSED   0x0000000c   Data   RW          258    .data.gObj_P2_green_SE_tank  main.o
    0x20000370   COMPRESSED   0x0000000c   Data   RW          260    .data.gObj_P2_green_SW_tank  main.o
    0x2000037c   COMPRESSED   0x0000000c   Data   RW          259    .data.gObj_P2_green_S_tank  main.o
    0x20000388   COMPRESSED   0x0000000c   Data   RW          261    .data.gObj_P2_green_W_tank  main.o
    0x20000394   COMPRESSED   0x0000000c   Data   RW          248    .data.gObj_P2_pink_NE_tank  main.o
    0x200003a0   COMPRESSED   0x0000000c   Data   RW          246    .data.gObj_P2_pink_NW_tank  main.o
    0x200003ac   COMPRESSED   0x0000000c   Data   RW          247    .data.gObj_P2_pink_N_tank  main.o
    0x200003b8   COMPRESSED   0x0000000c   Data   RW          242    .data.gObj_P2_pink_SE_tank  main.o
    0x200003c4   COMPRESSED   0x0000000c   Data   RW          244    .data.gObj_P2_pink_SW_tank  main.o
    0x200003d0   COMPRESSED   0x0000000c   Data   RW          243    .data.gObj_P2_pink_S_tank  main.o
    0x200003dc   COMPRESSED   0x0000000c   Data   RW          245    .data.gObj_P2_pink_W_tank  main.o
    0x200003e8   COMPRESSED   0x0000000c   Data   RW          256    .data.gObj_P2_purple_NE_tank  main.o
    0x200003f4   COMPRESSED   0x0000000c   Data   RW          254    .data.gObj_P2_purple_NW_tank  main.o
    0x20000400   COMPRESSED   0x0000000c   Data   RW          255    .data.gObj_P2_purple_N_tank  main.o
    0x2000040c   COMPRESSED   0x0000000c   Data   RW          250    .data.gObj_P2_purple_SE_tank  main.o
    0x20000418   COMPRESSED   0x0000000c   Data   RW          252    .data.gObj_P2_purple_SW_tank  main.o
    0x20000424   COMPRESSED   0x0000000c   Data   RW          251    .data.gObj_P2_purple_S_tank  main.o
    0x20000430   COMPRESSED   0x0000000c   Data   RW          253    .data.gObj_P2_purple_W_tank  main.o
    0x2000043c   COMPRESSED   0x0000000c   Data   RW          240    .data.gObj_P2_red_NE_tank  main.o
    0x20000448   COMPRESSED   0x0000000c   Data   RW          238    .data.gObj_P2_red_NW_tank  main.o
    0x20000454   COMPRESSED   0x0000000c   Data   RW          239    .data.gObj_P2_red_N_tank  main.o
    0x20000460   COMPRESSED   0x0000000c   Data   RW          235    .data.gObj_P2_red_SE_tank  main.o
    0x2000046c   COMPRESSED   0x0000000c   Data   RW          237    .data.gObj_P2_red_SW_tank  main.o
    0x20000478   COMPRESSED   0x0000000c   Data   RW          236    .data.gObj_P2_red_S_tank  main.o
    0x20000484   COMPRESSED   0x0000000c   Data   RW          133    .data.gObj_P2_red_W_tank  main.o
    0x20000490   COMPRESSED   0x0000000c   Data   RW          169    .data.gObj_TitleScreen  main.o
    0x2000049c   COMPRESSED   0x00000004   Data   RW          283    .data.g_ExplosionCounter1  main.o
    0x200004a0   COMPRESSED   0x00000004   Data   RW          284    .data.g_ExplosionCounter2  main.o
    0x200004a4   COMPRESSED   0x00000004   Data   RW          173    .data.g_ExplosionType  main.o
    0x200004a8   COMPRESSED   0x00000004   Data   RW          144    .data.g_TankLifeCounter1  main.o
    0x200004ac   COMPRESSED   0x00000004   Data   RW          146    .data.g_TankLifeCounter2  main.o
    0x200004b0   COMPRESSED   0x00000004   Data   RW          138    .data.g_bLcdFree    main.o
    0x200004b4   COMPRESSED   0x00000004   Data   RW          280    .data.g_nBulletDirection1  main.o
    0x200004b8   COMPRESSED   0x00000004   Data   RW          282    .data.g_nBulletDirection2  main.o
    0x200004bc   COMPRESSED   0x00000004   Data   RW          152    .data.g_nKeypad     main.o
    0x200004c0   COMPRESSED   0x00000004   Data   RW          151    .data.g_nLCD        main.o
    0x200004c4   COMPRESSED   0x00000001   Data   RW          126    .data.player1Color  main.o
    0x200004c5   COMPRESSED   0x00000003   PAD
    0x200004c8        -       0x00000060   Zero   RW          724    .bss                c_w.l(libspace.o)
    0x20000528        -       0x00000004   Zero   RW          170    .bss.Cleared_Once   main.o
    0x2000052c        -       0x00000004   Zero   RW          156    .bss.CollisionCheck1  main.o
    0x20000530        -       0x00000004   Zero   RW          161    .bss.CollisionCheck2  main.o
    0x20000534        -       0x00000004   Zero   RW          142    .bss.Game_In_Progress  main.o
    0x20000538        -       0x00000004   Zero   RW          136    .bss.IN_FLAG        main.o
    0x2000053c        -       0x00000004   Zero   RW          273    .bss.P1SelectedColor  main.o
    0x20000540        -       0x00000004   Zero   RW          140    .bss.P1_SW1_press   main.o
    0x20000544        -       0x00000004   Zero   RW          128    .bss.P1colorChosen  main.o
    0x20000548        -       0x00000004   Zero   RW          274    .bss.P2SelectedColor  main.o
    0x2000054c        -       0x00000004   Zero   RW          167    .bss.P2_SW1_press   main.o
    0x20000550        -       0x00000004   Zero   RW          129    .bss.P2colorChosen  main.o
    0x20000554        -       0x00000004   Zero   RW          124    .bss.SW1_debounce   main.o
    0x20000558        -       0x00000004   Zero   RW          122    .bss.SW1_delay      main.o
    0x2000055c        -       0x00000004   Zero   RW          125    .bss.SW2_debounce   main.o
    0x20000560        -       0x00000004   Zero   RW          123    .bss.SW2_delay      main.o
    0x20000564        -       0x00000004   Zero   RW          143    .bss.SW2_press      main.o
    0x20000568        -       0x00000004   Zero   RW          157    .bss.TankHitCheck1  main.o
    0x2000056c        -       0x00000004   Zero   RW          162    .bss.TankHitCheck2  main.o
    0x20000570        -       0x00000004   Zero   RW          275    .bss.TankOriP1      main.o
    0x20000574        -       0x00000004   Zero   RW          276    .bss.TankOriP2      main.o
    0x20000578        -       0x00000004   Zero   RW          179    .bss.TankOri_P1_BLUE  main.o
    0x2000057c        -       0x00000004   Zero   RW          218    .bss.TankOri_P1_CYAN  main.o
    0x20000580        -       0x00000004   Zero   RW          210    .bss.TankOri_P1_GREEN  main.o
    0x20000584        -       0x00000004   Zero   RW          194    .bss.TankOri_P1_PINK  main.o
    0x20000588        -       0x00000004   Zero   RW          202    .bss.TankOri_P1_PURPLE  main.o
    0x2000058c        -       0x00000004   Zero   RW          186    .bss.TankOri_P1_RED  main.o
    0x20000590        -       0x00000004   Zero   RW          226    .bss.TankOri_P2_BLUE  main.o
    0x20000594        -       0x00000004   Zero   RW          265    .bss.TankOri_P2_CYAN  main.o
    0x20000598        -       0x00000004   Zero   RW          257    .bss.TankOri_P2_GREEN  main.o
    0x2000059c        -       0x00000004   Zero   RW          241    .bss.TankOri_P2_PINK  main.o
    0x200005a0        -       0x00000004   Zero   RW          249    .bss.TankOri_P2_PURPLE  main.o
    0x200005a4        -       0x00000004   Zero   RW          234    .bss.TankOri_P2_RED  main.o
    0x200005a8        -       0x00000004   Zero   RW          279    .bss.UpdateBulletPosition1.tickCountBullet1  main.o
    0x200005ac        -       0x00000004   Zero   RW          281    .bss.UpdateBulletPosition2.tickCountBullet2  main.o
    0x200005b0        -       0x00000004   Zero   RW          277    .bss.UpdateTankPositionP1.tickCount1  main.o
    0x200005b4        -       0x00000004   Zero   RW          278    .bss.UpdateTankPositionP2.tickCount2  main.o
    0x200005b8        -       0x00000054   Zero   RW          459    .bss.__stdout       retarget.o
    0x2000060c        -       0x00000004   Zero   RW          285    .bss.bKeyPressed    main.o
    0x20000610        -       0x00000004   Zero   RW          154    .bss.bulletActive1  main.o
    0x20000614        -       0x00000004   Zero   RW          159    .bss.bulletActive2  main.o
    0x20000618        -       0x00000004   Zero   RW          145    .bss.buzz_flag      main.o
    0x2000061c        -       0x00000004   Zero   RW          132    .bss.currentTankSprite1  main.o
    0x20000620        -       0x00000004   Zero   RW          134    .bss.currentTankSprite2  main.o
    0x20000624        -       0x00000040   Zero   RW          339    .bss.data           lcd_st7735r.o
    0x20000664        -       0x00000001   Zero   RW          158    .bss.explosionInProgress1  main.o
    0x20000665   COMPRESSED   0x00000003   PAD
    0x20000668        -       0x00000001   Zero   RW          163    .bss.explosionInProgress2  main.o
    0x20000669        -       0x00000001   Zero   RW          345    .bss.g_Cmd          lcd_st7735r.o
    0x2000066a        -       0x00000001   Zero   RW          343    .bss.g_Data         lcd_st7735r.o
    0x2000066b   COMPRESSED   0x00000001   PAD
    0x2000066c        -       0x00000004   Zero   RW          165    .bss.g_FireFlip     main.o
    0x20000670        -       0x00000050   Zero   RW          290    .bss.g_MemDev       main.o
    0x200006c0        -       0x00000034   Zero   RW          130    .bss.g_SpimHandle   main.o
    0x200006f4        -       0x00002000   Zero   RW          291    .bss.g_aBuf         main.o
    0x200026f4        -       0x00000004   Zero   RW          139    .bss.g_bKeypadScan  main.o
    0x200026f8        -       0x00000004   Zero   RW          137    .bss.g_bLCDUpdate   main.o
    0x200026fc        -       0x00000004   Zero   RW          149    .bss.g_bSecTick     main.o
    0x20002700        -       0x00000004   Zero   RW          344    .bss.g_bSpiDone     lcd_st7735r.o
    0x20002704        -       0x00000004   Zero   RW          147    .bss.g_bSystemTick  main.o
    0x20002708        -       0x00000004   Zero   RW          166    .bss.g_bTankMoving1  main.o
    0x2000270c        -       0x00000004   Zero   RW          168    .bss.g_bTankMoving2  main.o
    0x20002710        -       0x00000001   Zero   RW          286    .bss.g_cKey         main.o
    0x20002711   COMPRESSED   0x00000003   PAD
    0x20002714        -       0x00000004   Zero   RW          148    .bss.g_nCount       main.o
    0x20002718        -       0x00000001   Zero   RW          340    .bss.g_nScreenX     lcd_st7735r.o
    0x20002719   COMPRESSED   0x00000003   PAD
    0x2000271c        -       0x00000001   Zero   RW          341    .bss.g_nScreenY     lcd_st7735r.o
    0x2000271d   COMPRESSED   0x00000003   PAD
    0x20002720        -       0x00000004   Zero   RW          150    .bss.g_nTimeSec     main.o
    0x20002724        -       0x00000004   Zero   RW          342    .bss.g_pLcdCbDone   lcd_st7735r.o
    0x20002728        -       0x00000010   Zero   RW          510    .bss.g_pSpiIrqhandles  spim.o
    0x20002738        -       0x00000004   Zero   RW          338    .bss.g_pSpimHandle  lcd_st7735r.o
    0x2000273c        -       0x00000004   Zero   RW          288    .bss.hist_col       main.o
    0x20002740        -       0x00000004   Zero   RW          287    .bss.hist_row       main.o
    0x20002744        -       0x00000002   Zero   RW          292    .bss.main_AdcUpdate.lastResult_MUX0_P1  main.o
    0x20002746        -       0x00000002   Zero   RW          293    .bss.main_AdcUpdate.lastResult_MUX0_P2  main.o
    0x20002748        -       0x00000001   Zero   RW          289    .bss.main_KeypadOutput.cKey  main.o
    0x20002749        -       0x00000001   Zero   RW          127    .bss.player2Color   main.o
    0x2000274a   COMPRESSED   0x00000002   PAD
    0x2000274c        -       0x00000004   Zero   RW          164    .bss.s_FireToggleCounter  main.o
    0x20002750        -       0x00000000   Zero   RW          467    HEAP                startup_tm4c123.o
    0x20002750        -       0x00000a00   Zero   RW          466    STACK               startup_tm4c123.o


==============================================================================

Image component sizes


      Code (inc. data)   RO Data    RW Data    ZI Data      Debug   Object Name

        40          0          0          0          0       1573   bsp.o
         0          0       2787          0          0        773   fontarialbold24.o
         0          0       2145          0          0        758   fontcomic16.o
        68          0          0          0          0       1311   gameobj.o
      1296          0          0          0          0       7171   hal.o
        30          0          0          0          0       3851   irq.o
      2878          0          0          0         80       9790   lcd_st7735r.o
      6374        190      61856       1189       8549      30023   main.o
        18          0          0          0         84       1623   retarget.o
      1160         32          0          0         16       8271   spim.o
       276         24        620          0       2560       5472   startup_tm4c123.o
       402          0        108          4          0       6137   system_tm4c123.o

    ----------------------------------------------------------------------
     12576        246      67548       1196      11304      76753   Object Totals
         0          0         32          0          0          0   (incl. Generated)
        34          0          0          3         15          0   (incl. Padding)

    ----------------------------------------------------------------------

      Code (inc. data)   RO Data    RW Data    ZI Data      Debug   Library Member Name

         0          0       1247          0          0          0   font_calibri10.o
      1868         82          0         28          0       1960   gui.o
       100          0          0          0          0          0   __dclz77c.o
         8          0          0          0          0         68   __main.o
       104          0          0          0          0         84   __printf.o
         0          0          0          0          0          0   __rtentry.o
        12          0          0          0          0          0   __rtentry2.o
         6          0          0          0          0          0   __rtentry4.o
        52          8          0          0          0          0   __scatter.o
        28          0          0          0          0          0   __scatter_zi.o
         6          0          0          0          0          0   _printf_c.o
        44          0          0          0          0        108   _printf_char.o
        48          6          0          0          0         96   _printf_char_common.o
        36          4          0          0          0         80   _printf_char_file.o
         6          0          0          0          0          0   _printf_d.o
       120         16          0          0          0         92   _printf_dec.o
       178          0          0          0          0         88   _printf_intcommon.o
         0          0          0          0          0          0   _printf_percent.o
         4          0          0          0          0          0   _printf_percent_end.o
        82          0          0          0          0         80   _printf_str.o
        10          0          0          0          0         68   _sputc.o
        18          0          0          0          0         80   exit.o
         8          0          0          0          0         68   ferror.o
         6          0          0          0          0        152   heapauxi.o
         0          0          0          0          0          0   indicate_semi.o
         2          0          0          0          0          0   libinit.o
         6          0          0          0          0          0   libinit2.o
         2          0          0          0          0          0   libshutdown.o
         2          0          0          0          0          0   libshutdown2.o
         8          4          0          0         96         68   libspace.o
        24          4          0          0          0         84   noretval__2printf.o
        40          6          0          0          0         84   noretval__2sprintf.o
         2          0          0          0          0          0   rtexit.o
        10          0          0          0          0          0   rtexit2.o
        62          0          0          0          0         76   strlen.o
        12          4          0          0          0         68   sys_exit.o
        74          0          0          0          0         80   sys_stackheap_outer.o
         2          0          0          0          0         68   use_no_semi.o
        26          0          0          0          0        116   fpinit.o

    ----------------------------------------------------------------------
      3026        134       1250         28         96       3668   Library Totals
        10          0          3          0          0          0   (incl. Padding)

    ----------------------------------------------------------------------

      Code (inc. data)   RO Data    RW Data    ZI Data      Debug   Library Name

      1868         82       1247         28          0       1960   DPGUI_KEIL_CM4_V11.lib
      1122         52          0          0         96       1592   c_w.l
        26          0          0          0          0        116   fz_wm.l

    ----------------------------------------------------------------------
      3026        134       1250         28         96       3668   Library Totals

    ----------------------------------------------------------------------

==============================================================================


      Code (inc. data)   RO Data    RW Data    ZI Data      Debug   

     15602        380      68798       1224      11400      78381   Grand Totals
     15602        380      68798        336      11400      78381   ELF Image Totals (compressed)
     15602        380      68798        336          0          0   ROM Totals

==============================================================================

    Total RO  Size (Code + RO Data)                84400 (  82.42kB)
    Total RW  Size (RW Data + ZI Data)             12624 (  12.33kB)
    Total ROM Size (Code + RO Data + RW Data)      84736 (  82.75kB)

==============================================================================

