Component: ARM Compiler 5.06 update 6 (build 750) Tool: armlink [4d35ed]

==============================================================================

Section Cross References

    main.o(i.GUI_AppDraw) refers to _printf_percent.o(.ARM.Collect$$_printf_percent$$00000000) for _printf_percent
    main.o(i.GUI_AppDraw) refers to _printf_c.o(.ARM.Collect$$_printf_percent$$00000013) for _printf_c
    main.o(i.GUI_AppDraw) refers to _printf_str.o(.text) for _printf_str
    main.o(i.GUI_AppDraw) refers to _printf_pad.o(.text) for _printf_pre_padding
    main.o(i.GUI_AppDraw) refers to _printf_u.o(.ARM.Collect$$_printf_percent$$0000000A) for _printf_u
    main.o(i.GUI_AppDraw) refers to _printf_dec.o(.text) for _printf_int_dec
    main.o(i.GUI_AppDraw) refers to gui.o(i.GUI_Clear) for GUI_Clear
    main.o(i.GUI_AppDraw) refers to gui.o(i.GUI_SetFont) for GUI_SetFont
    main.o(i.GUI_AppDraw) refers to gui.o(i.GUI_SetFontBackColor) for GUI_SetFontBackColor
    main.o(i.GUI_AppDraw) refers to gui.o(i.GUI_PrintString) for GUI_PrintString
    main.o(i.GUI_AppDraw) refers to gui.o(i.GUI_SetColor) for GUI_SetColor
    main.o(i.GUI_AppDraw) refers to gui.o(i.GUI_DrawFilledRect) for GUI_DrawFilledRect
    main.o(i.GUI_AppDraw) refers to noretval__2sprintf.o(.text) for __2sprintf
    main.o(i.GUI_AppDraw) refers to fontarialbold16.o(.constdata) for FONT_Arialbold16
    main.o(i.GUI_AppDraw) refers to fontarialbold12.o(.constdata) for FONT_Arialbold12
    main.o(i.GUI_AppDraw) refers to fontarialbold24.o(.constdata) for FONT_Arialbold24
    main.o(i.GUI_AppDraw) refers to main.o(.data) for g_cKey
    main.o(i.SysTick_Handler) refers to main.o(.data) for g_bSystemTick
    main.o(i.main) refers to hal.o(i.Port_Init) for Port_Init
    main.o(i.main) refers to system_tm4c123.o(i.SystemCoreClockUpdate) for SystemCoreClockUpdate
    main.o(i.main) refers to main.o(i.__NVIC_SetPriority) for __NVIC_SetPriority
    main.o(i.main) refers to spim.o(i.SpimInit) for SpimInit
    main.o(i.main) refers to main.o(i.main_LcdInit) for main_LcdInit
    main.o(i.main) refers to irq.o(i.IRQ_Init) for IRQ_Init
    main.o(i.main) refers to gui.o(i.GUI_Draw_Exe) for GUI_Draw_Exe
    main.o(i.main) refers to main.o(i.main_KeyScan) for main_KeyScan
    main.o(i.main) refers to system_tm4c123.o(.data) for SystemCoreClock
    main.o(i.main) refers to main.o(.bss) for g_SpimHandle
    main.o(i.main) refers to main.o(.data) for g_bLCDUpdate
    main.o(i.main_KeypadOutput) refers to main.o(.data) for cKey
    main.o(i.main_LcdInit) refers to lcd_st7735r.o(i.LcdInit) for LcdInit
    main.o(i.main_LcdInit) refers to lcd_st7735r.o(i.LCD_GetSize) for LCD_GetSize
    main.o(i.main_LcdInit) refers to gui.o(i.GUI_Init) for GUI_Init
    main.o(i.main_LcdInit) refers to spim.o(i.SpimSetDataSize) for SpimSetDataSize
    main.o(i.main_LcdInit) refers to gui.o(i.GUI_16BitPerPixel) for GUI_16BitPerPixel
    main.o(i.main_LcdInit) refers to gui.o(i.GUI_Clear) for GUI_Clear
    main.o(i.main_LcdInit) refers to gui.o(i.GUI_SetFontBackColor) for GUI_SetFontBackColor
    main.o(i.main_LcdInit) refers to gui.o(i.GUI_SetFont) for GUI_SetFont
    main.o(i.main_LcdInit) refers to lcd_st7735r.o(i.LCD_AddCallback) for LCD_AddCallback
    main.o(i.main_LcdInit) refers to gui.o(i.GUI_AddCbFrameEnd) for GUI_AddCbFrameEnd
    main.o(i.main_LcdInit) refers to main.o(.bss) for g_SpimHandle
    main.o(i.main_LcdInit) refers to font_calibri10.o(.constdata) for g_sFontCalibri10
    main.o(i.main_LcdInit) refers to main.o(i.main_cbLcdTransferDone) for main_cbLcdTransferDone
    main.o(i.main_LcdInit) refers to main.o(i.main_cbGuiFrameEnd) for main_cbGuiFrameEnd
    main.o(i.main_cbGuiFrameEnd) refers to main.o(.data) for g_bLcdFree
    main.o(i.main_cbLcdTransferDone) refers to main.o(.data) for g_bLcdFree
    lcd_st7735r.o(i.LCD_AddCallback) refers to lcd_st7735r.o(.data) for g_pLcdCbDone
    lcd_st7735r.o(i.LCD_GetSize) refers to lcd_st7735r.o(.data) for g_nScreenX
    lcd_st7735r.o(i.LCD_Reset) refers to lcd_st7735r.o(i.lcd_WriteCmd) for lcd_WriteCmd
    lcd_st7735r.o(i.LCD_Reset) refers to lcd_st7735r.o(i.lcd_WriteMultipleByte) for lcd_WriteMultipleByte
    lcd_st7735r.o(i.LCD_Reset) refers to lcd_st7735r.o(.data) for g_nScreenX
    lcd_st7735r.o(i.LCD_WriteData8) refers to spim.o(i.SpimTransfer) for SpimTransfer
    lcd_st7735r.o(i.LCD_WriteData8) refers to lcd_st7735r.o(.data) for g_Data
    lcd_st7735r.o(i.LCD_WriteDataPixel) refers to spim.o(i.SpimTransfer) for SpimTransfer
    lcd_st7735r.o(i.LCD_WriteDataPixel) refers to lcd_st7735r.o(.data) for g_pSpimHandle
    lcd_st7735r.o(i.LcdInit) refers to spim.o(i.SpimAddCallbackTransferDone) for SpimAddCallbackTransferDone
    lcd_st7735r.o(i.LcdInit) refers to lcd_st7735r.o(i.lcd_Delayms) for lcd_Delayms
    lcd_st7735r.o(i.LcdInit) refers to lcd_st7735r.o(i.lcd_WriteCmd) for lcd_WriteCmd
[...]
    __rtentry2.o(.ARM.Collect$$rtentry$$00000008) refers to boardinit2.o(.text) for _platform_post_stackheap_init
    __rtentry2.o(.ARM.Collect$$rtentry$$0000000A) refers to libinit.o(.ARM.Collect$$libinit$$00000000) for __rt_lib_init
    __rtentry2.o(.ARM.Collect$$rtentry$$0000000B) refers to boardinit3.o(.text) for _platform_post_lib_init
    __rtentry2.o(.ARM.Collect$$rtentry$$0000000D) refers to main.o(i.main) for main
    __rtentry2.o(.ARM.Collect$$rtentry$$0000000D) refers to exit.o(.text) for exit
    __rtentry2.o(.ARM.exidx) refers to __rtentry2.o(.ARM.Collect$$rtentry$$00000001) for .ARM.Collect$$rtentry$$00000001
    __rtentry2.o(.ARM.exidx) refers to __rtentry2.o(.ARM.Collect$$rtentry$$00000008) for .ARM.Collect$$rtentry$$00000008
    __rtentry2.o(.ARM.exidx) refers to __rtentry2.o(.ARM.Collect$$rtentry$$0000000A) for .ARM.Collect$$rtentry$$0000000A
    __rtentry2.o(.ARM.exidx) refers to __rtentry2.o(.ARM.Collect$$rtentry$$0000000B) for .ARM.Collect$$rtentry$$0000000B
    __rtentry2.o(.ARM.exidx) refers to __rtentry2.o(.ARM.Collect$$rtentry$$0000000D) for .ARM.Collect$$rtentry$$0000000D
    __rtentry4.o(.ARM.Collect$$rtentry$$00000004) refers to sys_stackheap_outer.o(.text) for __user_setup_stackheap
    __rtentry4.o(.ARM.exidx) refers to __rtentry4.o(.ARM.Collect$$rtentry$$00000004) for .ARM.Collect$$rtentry$$00000004
    sys_stackheap_outer.o(.text) refers to libspace.o(.text) for __user_perproc_libspace
    sys_stackheap_outer.o(.text) refers to startup_tm4c123.o(.text) for __user_initial_stackheap
    exit.o(.text) refers to rtexit.o(.ARM.Collect$$rtexit$$00000000) for __rt_exit
    libinit.o(.ARM.Collect$$libinit$$00000000) refers (Special) to libinit2.o(.ARM.Collect$$libinit$$0000002E) for __rt_lib_init_alloca_1
    libinit.o(.ARM.Collect$$libinit$$00000000) refers (Special) to libinit2.o(.ARM.Collect$$libinit$$0000002C) for __rt_lib_init_argv_1
    libinit.o(.ARM.Collect$$libinit$$00000000) refers (Special) to libinit2.o(.ARM.Collect$$libinit$$0000001B) for __rt_lib_init_atexit_1
    libinit.o(.ARM.Collect$$libinit$$00000000) refers (Special) to libinit2.o(.ARM.Collect$$libinit$$00000021) for __rt_lib_init_clock_1
    libinit.o(.ARM.Collect$$libinit$$00000000) refers (Special) to libinit2.o(.ARM.Collect$$libinit$$00000032) for __rt_lib_init_cpp_1
    libinit.o(.ARM.Collect$$libinit$$00000000) refers (Special) to libinit2.o(.ARM.Collect$$libinit$$00000030) for __rt_lib_init_exceptions_1
    libinit.o(.ARM.Collect$$libinit$$00000000) refers (Special) to libinit2.o(.ARM.Collect$$libinit$$00000001) for __rt_lib_init_fp_1
    libinit.o(.ARM.Collect$$libinit$$00000000) refers (Special) to libinit2.o(.ARM.Collect$$libinit$$0000001F) for __rt_lib_init_fp_trap_1
    libinit.o(.ARM.Collect$$libinit$$00000000) refers (Special) to libinit2.o(.ARM.Collect$$libinit$$00000023) for __rt_lib_init_getenv_1
    libinit.o(.ARM.Collect$$libinit$$00000000) refers (Special) to libinit2.o(.ARM.Collect$$libinit$$0000000A) for __rt_lib_init_heap_1
    libinit.o(.ARM.Collect$$libinit$$00000000) refers (Special) to libinit2.o(.ARM.Collect$$libinit$$00000011) for __rt_lib_init_lc_collate_1
    libinit.o(.ARM.Collect$$libinit$$00000000) refers (Special) to libinit2.o(.ARM.Collect$$libinit$$00000013) for __rt_lib_init_lc_ctype_1
    libinit.o(.ARM.Collect$$libinit$$00000000) refers (Special) to libinit2.o(.ARM.Collect$$libinit$$00000015) for __rt_lib_init_lc_monetary_1
    libinit.o(.ARM.Collect$$libinit$$00000000) refers (Special) to libinit2.o(.ARM.Collect$$libinit$$00000017) for __rt_lib_init_lc_numeric_1
    libinit.o(.ARM.Collect$$libinit$$00000000) refers (Special) to libinit2.o(.ARM.Collect$$libinit$$00000019) for __rt_lib_init_lc_time_1
    libinit.o(.ARM.Collect$$libinit$$00000000) refers (Special) to libinit2.o(.ARM.Collect$$libinit$$00000004) for __rt_lib_init_preinit_1
    libinit.o(.ARM.Collect$$libinit$$00000000) refers (Special) to libinit2.o(.ARM.Collect$$libinit$$0000000E) for __rt_lib_init_rand_1
    libinit.o(.ARM.Collect$$libinit$$00000000) refers (Special) to libinit2.o(.ARM.Collect$$libinit$$00000033) for __rt_lib_init_return
    libinit.o(.ARM.Collect$$libinit$$00000000) refers (Special) to libinit2.o(.ARM.Collect$$libinit$$0000001D) for __rt_lib_init_signal_1
    libinit.o(.ARM.Collect$$libinit$$00000000) refers (Special) to libinit2.o(.ARM.Collect$$libinit$$00000025) for __rt_lib_init_stdio_1
    libinit.o(.ARM.Collect$$libinit$$00000000) refers (Special) to libinit2.o(.ARM.Collect$$libinit$$0000000C) for __rt_lib_init_user_alloc_1
    libspace.o(.text) refers to libspace.o(.bss) for __libspace_start
    rtexit.o(.ARM.Collect$$rtexit$$00000000) refers (Special) to rtexit2.o(.ARM.Collect$$rtexit$$00000004) for __rt_exit_exit
    rtexit.o(.ARM.Collect$$rtexit$$00000000) refers (Special) to rtexit2.o(.ARM.Collect$$rtexit$$00000003) for __rt_exit_ls
    rtexit.o(.ARM.Collect$$rtexit$$00000000) refers (Special) to rtexit2.o(.ARM.Collect$$rtexit$$00000002) for __rt_exit_prels_1
    rtexit.o(.ARM.exidx) refers (Special) to rtexit2.o(.ARM.Collect$$rtexit$$00000004) for __rt_exit_exit
    rtexit.o(.ARM.exidx) refers (Special) to rtexit2.o(.ARM.Collect$$rtexit$$00000003) for __rt_exit_ls
    rtexit.o(.ARM.exidx) refers (Special) to rtexit2.o(.ARM.Collect$$rtexit$$00000002) for __rt_exit_prels_1
    rtexit.o(.ARM.exidx) refers to rtexit.o(.ARM.Collect$$rtexit$$00000000) for .ARM.Collect$$rtexit$$00000000
    libinit2.o(.ARM.Collect$$libinit$$00000001) refers to fpinit.o(x$fpl$fpinit) for _fp_init
    libinit2.o(.ARM.Collect$$libinit$$00000010) refers to libinit2.o(.ARM.Collect$$libinit$$0000000F) for .ARM.Collect$$libinit$$0000000F
    libinit2.o(.ARM.Collect$$libinit$$00000012) refers to libinit2.o(.ARM.Collect$$libinit$$0000000F) for .ARM.Collect$$libinit$$0000000F
    libinit2.o(.ARM.Collect$$libinit$$00000014) refers to libinit2.o(.ARM.Collect$$libinit$$0000000F) for .ARM.Collect$$libinit$$0000000F
    libinit2.o(.ARM.Collect$$libinit$$00000016) refers to libinit2.o(.ARM.Collect$$libinit$$0000000F) for .ARM.Collect$$libinit$$0000000F
    libinit2.o(.ARM.Collect$$libinit$$00000018) refers to libinit2.o(.ARM.Collect$$libinit$$0000000F) for .ARM.Collect$$libinit$$0000000F
    libinit2.o(.ARM.Collect$$libinit$$00000026) refers to argv_veneer.o(.emb_text) for __ARM_argv_veneer
    libinit2.o(.ARM.Collect$$libinit$$00000027) refers to argv_veneer.o(.emb_text) for __ARM_argv_veneer
    rtexit2.o(.ARM.Collect$$rtexit$$00000003) refers to libshutdown.o(.ARM.Collect$$libshutdown$$00000000) for __rt_lib_shutdown
    rtexit2.o(.ARM.Collect$$rtexit$$00000004) refers to sys_exit.o(.text) for _sys_exit
    rtexit2.o(.ARM.exidx) refers to rtexit2.o(.ARM.Collect$$rtexit$$00000001) for .ARM.Collect$$rtexit$$00000001
    rtexit2.o(.ARM.exidx) refers to rtexit2.o(.ARM.Collect$$rtexit$$00000003) for .ARM.Collect$$rtexit$$00000003
    rtexit2.o(.ARM.exidx) refers to rtexit2.o(.ARM.Collect$$rtexit$$00000004) for .ARM.Collect$$rtexit$$00000004
    argv_veneer.o(.emb_text) refers to no_argv.o(.text) for __ARM_get_argv
    sys_exit.o(.text) refers (Special) to use_no_semi.o(.text) for __I$use$semihosting
    sys_exit.o(.text) refers (Special) to indicate_semi.o(.text) for __semihosting_library_function
    _get_argv_nomalloc.o(.text) refers (Special) to hrguard.o(.text) for __heap_region$guard
    _get_argv_nomalloc.o(.text) refers to defsig_rtmem_outer.o(.text) for __rt_SIGRTMEM
    _get_argv_nomalloc.o(.text) refers to sys_command.o(.text) for _sys_command_string
    libshutdown.o(.ARM.Collect$$libshutdown$$00000000) refers (Special) to libshutdown2.o(.ARM.Collect$$libshutdown$$00000002) for __rt_lib_shutdown_cpp_1
    libshutdown.o(.ARM.Collect$$libshutdown$$00000000) refers (Special) to libshutdown2.o(.ARM.Collect$$libshutdown$$00000007) for __rt_lib_shutdown_fp_trap_1
    libshutdown.o(.ARM.Collect$$libshutdown$$00000000) refers (Special) to libshutdown2.o(.ARM.Collect$$libshutdown$$0000000F) for __rt_lib_shutdown_heap_1
    libshutdown.o(.ARM.Collect$$libshutdown$$00000000) refers (Special) to libshutdown2.o(.ARM.Collect$$libshutdown$$00000010) for __rt_lib_shutdown_return
    libshutdown.o(.ARM.Collect$$libshutdown$$00000000) refers (Special) to libshutdown2.o(.ARM.Collect$$libshutdown$$0000000A) for __rt_lib_shutdown_signal_1
    libshutdown.o(.ARM.Collect$$libshutdown$$00000000) refers (Special) to libshutdown2.o(.ARM.Collect$$libshutdown$$00000004) for __rt_lib_shutdown_stdio_1
    libshutdown.o(.ARM.Collect$$libshutdown$$00000000) refers (Special) to libshutdown2.o(.ARM.Collect$$libshutdown$$0000000C) for __rt_lib_shutdown_user_alloc_1
    sys_command.o(.text) refers (Special) to use_no_semi.o(.text) for __I$use$semihosting
    sys_command.o(.text) refers (Special) to indicate_semi.o(.text) for __semihosting_library_function
    defsig_rtmem_outer.o(.text) refers to defsig_rtmem_inner.o(.text) for __rt_SIGRTMEM_inner
    defsig_rtmem_outer.o(.text) refers to defsig_exit.o(.text) for __sig_exit
    defsig_rtmem_formal.o(.text) refers to rt_raise.o(.text) for __rt_raise
    rt_raise.o(.text) refers to __raise.o(.text) for __raise
    rt_raise.o(.text) refers to sys_exit.o(.text) for _sys_exit
    defsig_exit.o(.text) refers to sys_exit.o(.text) for _sys_exit
    defsig_rtmem_inner.o(.text) refers to defsig_general.o(.text) for __default_signal_display
    __raise.o(.text) refers to defsig.o(CL$$defsig) for __default_signal_handler
    defsig_general.o(.text) refers to sys_wrch.o(.text) for _ttywrch
    sys_wrch.o(.text) refers (Special) to use_no_semi.o(.text) for __I$use$semihosting
    sys_wrch.o(.text) refers (Special) to indicate_semi.o(.text) for __semihosting_library_function
    defsig.o(CL$$defsig) refers to defsig_rtmem_inner.o(.text) for __rt_SIGRTMEM_inner
    defsig_abrt_inner.o(.text) refers to defsig_general.o(.text) for __default_signal_display
    defsig_fpe_inner.o(.text) refers to defsig_general.o(.text) for __default_signal_display
    defsig_rtred_inner.o(.text) refers to defsig_general.o(.text) for __default_signal_display
    defsig_stak_inner.o(.text) refers to defsig_general.o(.text) for __default_signal_display
    defsig_pvfn_inner.o(.text) refers to defsig_general.o(.text) for __default_signal_display
    defsig_cppl_inner.o(.text) refers to defsig_general.o(.text) for __default_signal_display
    defsig_segv_inner.o(.text) refers to defsig_general.o(.text) for __default_signal_display
    defsig_other.o(.text) refers to defsig_general.o(.text) for __default_signal_display


==============================================================================

Removing Unused input sections from the image.

    Removing main.o(.rev16_text), (4 bytes).
    Removing main.o(.revsh_text), (4 bytes).
    Removing main.o(.rrx_text), (6 bytes).
    Removing main.o(i.main_KeypadOutput), (164 bytes).
    Removing lcd_st7735r.o(.rev16_text), (4 bytes).
    Removing lcd_st7735r.o(.revsh_text), (4 bytes).
    Removing lcd_st7735r.o(.rrx_text), (6 bytes).
    Removing lcd_st7735r.o(i.LCD_Reset), (100 bytes).
    Removing lcd_st7735r.o(i.LCD_WriteData8), (104 bytes).
    Removing fontarialbold16.o(.rev16_text), (4 bytes).
    Removing fontarialbold16.o(.revsh_text), (4 bytes).
    Removing fontarialbold16.o(.rrx_text), (6 bytes).
    Removing fontarialbold12.o(.rev16_text), (4 bytes).
    Removing fontarialbold12.o(.revsh_text), (4 bytes).
    Removing fontarialbold12.o(.rrx_text), (6 bytes).
    Removing fontarialbold24.o(.rev16_text), (4 bytes).
    Removing fontarialbold24.o(.revsh_text), (4 bytes).
    Removing fontarialbold24.o(.rrx_text), (6 bytes).
    Removing bsp.o(.rev16_text), (4 bytes).
    Removing bsp.o(.revsh_text), (4 bytes).
    Removing bsp.o(.rrx_text), (6 bytes).
    Removing bsp.o(i.BSPInit), (12 bytes).
    Removing hal.o(.rev16_text), (4 bytes).
    Removing hal.o(.revsh_text), (4 bytes).
    Removing hal.o(.rrx_text), (6 bytes).
    Removing irq.o(.rev16_text), (4 bytes).
    Removing irq.o(.revsh_text), (4 bytes).
    Removing irq.o(.rrx_text), (6 bytes).
    Removing system_tm4c123.o(.rev16_text), (4 bytes).
    Removing system_tm4c123.o(.revsh_text), (4 bytes).
    Removing system_tm4c123.o(.rrx_text), (6 bytes).
    Removing spim.o(.rev16_text), (4 bytes).
    Removing spim.o(.revsh_text), (4 bytes).
    Removing spim.o(.rrx_text), (6 bytes).
    Removing spim.o(i.SpimSetSpeed), (124 bytes).
    Removing font_calibri10.o(.rev16_text), (4 bytes).
    Removing font_calibri10.o(.revsh_text), (4 bytes).
    Removing font_calibri10.o(.rrx_text), (6 bytes).
    Removing gui.o(.rev16_text), (4 bytes).
    Removing gui.o(.revsh_text), (4 bytes).
    Removing gui.o(.rrx_text), (6 bytes).
    Removing gui.o(i.GUI_DrawBitmap), (216 bytes).
    Removing gui.o(i.GUI_DrawCircle), (568 bytes).
    Removing gui.o(i.GUI_DrawEx_Exe), (140 bytes).
    Removing gui.o(i.GUI_DrawLine), (292 bytes).
    Removing gui.o(i.GUI_DrawRect), (68 bytes).
    Removing gui.o(i.GUI_DrawVertLine), (96 bytes).
    Removing gui.o(i.GUI_SetPenWidth), (12 bytes).

48 unused section(s) (total 2064 bytes) removed from the image.

==============================================================================

Image Symbol Table

    Local Symbols

    Symbol Name                              Value     Ov Type        Size  Object(Section)

    RESET                                    0x00000000   Section      620  startup_tm4c123.o(RESET)
    ../clib/angel/boardlib.s                 0x00000000   Number         0  boardinit3.o ABSOLUTE
    ../clib/angel/boardlib.s                 0x00000000   Number         0  boardinit2.o ABSOLUTE
    ../clib/angel/boardlib.s                 0x00000000   Number         0  boardinit1.o ABSOLUTE
    ../clib/angel/boardlib.s                 0x00000000   Number         0  boardshut.o ABSOLUTE
    ../clib/angel/handlers.s                 0x00000000   Number         0  __scatter_zi.o ABSOLUTE
    ../clib/angel/handlers.s                 0x00000000   Number         0  __scatter_copy.o ABSOLUTE
    ../clib/angel/kernel.s                   0x00000000   Number         0  rtexit2.o ABSOLUTE
    ../clib/angel/kernel.s                   0x00000000   Number         0  rtexit.o ABSOLUTE
    ../clib/angel/kernel.s                   0x00000000   Number         0  __rtentry.o ABSOLUTE
    ../clib/angel/kernel.s                   0x00000000   Number         0  __rtentry4.o ABSOLUTE
    ../clib/angel/kernel.s                   0x00000000   Number         0  __rtentry2.o ABSOLUTE
    ../clib/angel/rt.s                       0x00000000   Number         0  rt_raise.o ABSOLUTE
    ../clib/angel/scatter.s                  0x00000000   Number         0  __scatter.o ABSOLUTE
    ../clib/angel/startup.s                  0x00000000   Number         0  __main.o ABSOLUTE
    ../clib/angel/sys.s                      0x00000000   Number         0  indicate_semi.o ABSOLUTE
    ../clib/angel/sys.s                      0x00000000   Number         0  libspace.o ABSOLUTE
    ../clib/angel/sys.s                      0x00000000   Number         0  sys_stackheap_outer.o ABSOLUTE
    ../clib/angel/sys.s                      0x00000000   Number         0  use_no_semi.o ABSOLUTE
    ../clib/angel/sysapp.c                   0x00000000   Number         0  sys_command.o ABSOLUTE
    ../clib/angel/sysapp.c                   0x00000000   Number         0  sys_exit.o ABSOLUTE
    ../clib/angel/sysapp.c                   0x00000000   Number         0  sys_wrch.o ABSOLUTE
    ../clib/armsys.c                         0x00000000   Number         0  argv_veneer.o ABSOLUTE
    ../clib/armsys.c                         0x00000000   Number         0  argv_veneer.o ABSOLUTE
    ../clib/armsys.c                         0x00000000   Number         0  no_argv.o ABSOLUTE
    ../clib/armsys.c                         0x00000000   Number         0  _get_argv_nomalloc.o ABSOLUTE
    ../clib/heapalloc.c                      0x00000000   Number         0  hrguard.o ABSOLUTE
    ../clib/heapaux.c                        0x00000000   Number         0  heapauxi.o ABSOLUTE
    ../clib/libinit.s                        0x00000000   Number         0  libinit.o ABSOLUTE
    ../clib/libinit.s                        0x00000000   Number         0  libshutdown2.o ABSOLUTE
    ../clib/libinit.s                        0x00000000   Number         0  libinit2.o ABSOLUTE
    ../clib/libinit.s                        0x00000000   Number         0  libshutdown.o ABSOLUTE
    ../clib/misc.s                           0x00000000   Number         0  printf_stubs.o ABSOLUTE
    ../clib/printf.c                         0x00000000   Number         0  noretval__2sprintf.o ABSOLUTE
    ../clib/printf.c                         0x00000000   Number         0  __printf.o ABSOLUTE
    ../clib/printf.c                         0x00000000   Number         0  __printf_flags_ss.o ABSOLUTE
    ../clib/printf.c                         0x00000000   Number         0  _printf_intcommon.o ABSOLUTE
    ../clib/printf.c                         0x00000000   Number         0  _printf_pad.o ABSOLUTE
    ../clib/printf.c                         0x00000000   Number         0  _printf_char.o ABSOLUTE
    ../clib/printf.c                         0x00000000   Number         0  __printf_ss.o ABSOLUTE
    ../clib/printf.c                         0x00000000   Number         0  __printf_flags.o ABSOLUTE
    ../clib/printf.c                         0x00000000   Number         0  __printf_flags_ss_wp.o ABSOLUTE
    ../clib/printf.c                         0x00000000   Number         0  __printf_ss_wp.o ABSOLUTE
    ../clib/printf.c                         0x00000000   Number         0  __printf_flags_wp.o ABSOLUTE
    ../clib/printf.c                         0x00000000   Number         0  _printf_str.o ABSOLUTE
    ../clib/printf.c                         0x00000000   Number         0  _sputc.o ABSOLUTE
    ../clib/printf.c                         0x00000000   Number         0  _printf_char_common.o ABSOLUTE
    ../clib/printf.c                         0x00000000   Number         0  __2sprintf.o ABSOLUTE
    ../clib/printf.c                         0x00000000   Number         0  __printf_nopercent.o ABSOLUTE
    ../clib/printf.c                         0x00000000   Number         0  _printf_dec.o ABSOLUTE
    ../clib/printf.c                         0x00000000   Number         0  __printf_wp.o ABSOLUTE
    ../clib/printf_percent.s                 0x00000000   Number         0  _printf_c.o ABSOLUTE
    ../clib/printf_percent.s                 0x00000000   Number         0  _printf_percent_end.o ABSOLUTE
    ../clib/printf_percent.s                 0x00000000   Number         0  _printf_percent.o ABSOLUTE
    ../clib/printf_percent.s                 0x00000000   Number         0  _printf_u.o ABSOLUTE
    ../clib/signal.c                         0x00000000   Number         0  defsig_stak_inner.o ABSOLUTE
    ../clib/signal.c                         0x00000000   Number         0  defsig_other.o ABSOLUTE
    ../clib/signal.c                         0x00000000   Number         0  defsig_segv_inner.o ABSOLUTE
    ../clib/signal.c                         0x00000000   Number         0  defsig_cppl_inner.o ABSOLUTE
    ../clib/signal.c                         0x00000000   Number         0  defsig_pvfn_inner.o ABSOLUTE
    ../clib/signal.c                         0x00000000   Number         0  defsig_abrt_inner.o ABSOLUTE
    ../clib/signal.c                         0x00000000   Number         0  defsig_rtred_inner.o ABSOLUTE
    ../clib/signal.c                         0x00000000   Number         0  defsig_fpe_inner.o ABSOLUTE
    ../clib/signal.c                         0x00000000   Number         0  defsig_rtmem_inner.o ABSOLUTE
    ../clib/signal.c                         0x00000000   Number         0  defsig_exit.o ABSOLUTE
    ../clib/signal.c                         0x00000000   Number         0  defsig_rtmem_formal.o ABSOLUTE
    ../clib/signal.c                         0x00000000   Number         0  defsig_rtmem_outer.o ABSOLUTE
    ../clib/signal.c                         0x00000000   Number         0  defsig_general.o ABSOLUTE
    ../clib/signal.c                         0x00000000   Number         0  __raise.o ABSOLUTE
    ../clib/signal.s                         0x00000000   Number         0  defsig.o ABSOLUTE
    ../clib/stdlib.c                         0x00000000   Number         0  exit.o ABSOLUTE
    ../clib/string.c                         0x00000000   Number         0  strlen.o ABSOLUTE
    ../fplib/fpinit.s                        0x00000000   Number         0  fpinit.o ABSOLUTE
    ..\Src\App\LCD\FONT_calibri10.c          0x00000000   Number         0  font_calibri10.o ABSOLUTE
    ..\Src\App\LCD\LCD_ST7735R.c             0x00000000   Number         0  lcd_st7735r.o ABSOLUTE
    ..\Src\App\LCD\fontarialbold12.c         0x00000000   Number         0  fontarialbold12.o ABSOLUTE
    ..\Src\App\LCD\fontarialbold16.c         0x00000000   Number         0  fontarialbold16.o ABSOLUTE
    ..\Src\App\LCD\fontarialbold24.c         0x00000000   Number         0  fontarialbold24.o ABSOLUTE
    ..\Src\App\LCD\gui.c                     0x00000000   Number         0  gui.o ABSOLUTE
    ..\Src\BSP\BSP.c                         0x00000000   Number         0  bsp.o ABSOLUTE
    ..\Src\BSP\Hal.c                         0x00000000   Number         0  hal.o ABSOLUTE
    ..\Src\BSP\IRQ.c                         0x00000000   Number         0  irq.o ABSOLUTE
    ..\Src\BSP\MCU\startup_TM4C123.s         0x00000000   Number         0  startup_tm4c123.o ABSOLUTE
    ..\Src\BSP\MCU\system_TM4C123.c          0x00000000   Number         0  system_tm4c123.o ABSOLUTE
    ..\Src\BSP\SPI\spim.c                    0x00000000   Number         0  spim.o ABSOLUTE
    ..\Src\main.c                            0x00000000   Number         0  main.o ABSOLUTE
    ..\\Src\\App\\LCD\\FONT_calibri10.c      0x00000000   Number         0  font_calibri10.o ABSOLUTE
    ..\\Src\\App\\LCD\\LCD_ST7735R.c         0x00000000   Number         0  lcd_st7735r.o ABSOLUTE
    ..\\Src\\App\\LCD\\fontarialbold12.c     0x00000000   Number         0  fontarialbold12.o ABSOLUTE
    ..\\Src\\App\\LCD\\fontarialbold16.c     0x00000000   Number         0  fontarialbold16.o ABSOLUTE
    ..\\Src\\App\\LCD\\fontarialbold24.c     0x00000000   Number         0  fontarialbold24.o ABSOLUTE
    ..\\Src\\App\\LCD\\gui.c                 0x00000000   Number         0  gui.o ABSOLUTE
    ..\\Src\\BSP\\BSP.c                      0x00000000   Number         0  bsp.o ABSOLUTE
    ..\\Src\\BSP\\Hal.c                      0x00000000   Number         0  hal.o ABSOLUTE
    ..\\Src\\BSP\\IRQ.c                      0x00000000   Number         0  irq.o ABSOLUTE
    ..\\Src\\BSP\\MCU\\system_TM4C123.c      0x00000000   Number         0  system_tm4c123.o ABSOLUTE
    ..\\Src\\BSP\\SPI\\spim.c                0x00000000   Number         0  spim.o ABSOLUTE
    ..\\Src\\main.c                          0x00000000   Number         0  main.o ABSOLUTE
    dc.s                                     0x00000000   Number         0  dc.o ABSOLUTE
    !!!main                                  0x0000026c   Section        8  __main.o(!!!main)
    !!!scatter                               0x00000274   Section       52  __scatter.o(!!!scatter)
    !!handler_copy                           0x000002a8   Section       26  __scatter_copy.o(!!handler_copy)
    !!handler_zi                             0x000002c4   Section       28  __scatter_zi.o(!!handler_zi)
    .ARM.Collect$$_printf_percent$$00000000  0x000002e0   Section        0  _printf_percent.o(.ARM.Collect$$_printf_percent$$00000000)
    .ARM.Collect$$_printf_percent$$0000000A  0x000002e0   Section        6  _printf_u.o(.ARM.Collect$$_printf_percent$$0000000A)
    .ARM.Collect$$_printf_percent$$00000013  0x000002e6   Section        6  _printf_c.o(.ARM.Collect$$_printf_percent$$00000013)
    .ARM.Collect$$_printf_percent$$00000017  0x000002ec   Section        4  _printf_percent_end.o(.ARM.Collect$$_printf_percent$$00000017)
    .ARM.Collect$$libinit$$00000000          0x000002f0   Section        2  libinit.o(.ARM.Collect$$libinit$$00000000)
    .ARM.Collect$$libinit$$00000001          0x000002f2   Section        4  libinit2.o(.ARM.Collect$$libinit$$00000001)
    .ARM.Collect$$libinit$$00000004          0x000002f6   Section        0  libinit2.o(.ARM.Collect$$libinit$$00000004)
    .ARM.Collect$$libinit$$0000000A          0x000002f6   Section        0  libinit2.o(.ARM.Collect$$libinit$$0000000A)
    .ARM.Collect$$libinit$$0000000C          0x000002f6   Section        0  libinit2.o(.ARM.Collect$$libinit$$0000000C)
    .ARM.Collect$$libinit$$0000000E          0x000002f6   Section        0  libinit2.o(.ARM.Collect$$libinit$$0000000E)
    .ARM.Collect$$libinit$$00000011          0x000002f6   Section        0  libinit2.o(.ARM.Collect$$libinit$$00000011)
    .ARM.Collect$$libinit$$00000013          0x000002f6   Section        0  libinit2.o(.ARM.Collect$$libinit$$00000013)
    .ARM.Collect$$libinit$$00000015          0x000002f6   Section        0  libinit2.o(.ARM.Collect$$libinit$$00000015)
    .ARM.Collect$$libinit$$00000017          0x000002f6   Section        0  libinit2.o(.ARM.Collect$$libinit$$00000017)
    .ARM.Collect$$libinit$$00000019          0x000002f6   Section        0  libinit2.o(.ARM.Collect$$libinit$$00000019)
    .ARM.Collect$$libinit$$0000001B          0x000002f6   Section        0  libinit2.o(.ARM.Collect$$libinit$$0000001B)
    .ARM.Collect$$libinit$$0000001D          0x000002f6   Section        0  libinit2.o(.ARM.Collect$$libinit$$0000001D)
    .ARM.Collect$$libinit$$0000001F          0x000002f6   Section        0  libinit2.o(.ARM.Collect$$libinit$$0000001F)
    .ARM.Collect$$libinit$$00000021          0x000002f6   Section        0  libinit2.o(.ARM.Collect$$libinit$$00000021)
    .ARM.Collect$$libinit$$00000023          0x000002f6   Section        0  libinit2.o(.ARM.Collect$$libinit$$00000023)
    .ARM.Collect$$libinit$$00000025          0x000002f6   Section        0  libinit2.o(.ARM.Collect$$libinit$$00000025)
    .ARM.Collect$$libinit$$0000002C          0x000002f6   Section        0  libinit2.o(.ARM.Collect$$libinit$$0000002C)
    .ARM.Collect$$libinit$$0000002E          0x000002f6   Section        0  libinit2.o(.ARM.Collect$$libinit$$0000002E)
    .ARM.Collect$$libinit$$00000030          0x000002f6   Section        0  libinit2.o(.ARM.Collect$$libinit$$00000030)
    .ARM.Collect$$libinit$$00000032          0x000002f6   Section        0  libinit2.o(.ARM.Collect$$libinit$$00000032)
    .ARM.Collect$$libinit$$00000033          0x000002f6   Section        2  libinit2.o(.ARM.Collect$$libinit$$00000033)
    .ARM.Collect$$libshutdown$$00000000      0x000002f8   Section        2  libshutdown.o(.ARM.Collect$$libshutdown$$00000000)
    .ARM.Collect$$libshutdown$$00000002      0x000002fa   Section        0  libshutdown2.o(.ARM.Collect$$libshutdown$$00000002)
    .ARM.Collect$$libshutdown$$00000004      0x000002fa   Section        0  libshutdown2.o(.ARM.Collect$$libshutdown$$00000004)
    .ARM.Collect$$libshutdown$$00000007      0x000002fa   Section        0  libshutdown2.o(.ARM.Collect$$libshutdown$$00000007)
    .ARM.Collect$$libshutdown$$0000000A      0x000002fa   Section        0  libshutdown2.o(.ARM.Collect$$libshutdown$$0000000A)
    .ARM.Collect$$libshutdown$$0000000C      0x000002fa   Section        0  libshutdown2.o(.ARM.Collect$$libshutdown$$0000000C)
    .ARM.Collect$$libshutdown$$0000000F      0x000002fa   Section        0  libshutdown2.o(.ARM.Collect$$libshutdown$$0000000F)
    .ARM.Collect$$libshutdown$$00000010      0x000002fa   Section        2  libshutdown2.o(.ARM.Collect$$libshutdown$$00000010)
    .ARM.Collect$$rtentry$$00000000          0x000002fc   Section        0  __rtentry.o(.ARM.Collect$$rtentry$$00000000)
    .ARM.Collect$$rtentry$$00000002          0x000002fc   Section        0  __rtentry2.o(.ARM.Collect$$rtentry$$00000002)
    .ARM.Collect$$rtentry$$00000004          0x000002fc   Section        6  __rtentry4.o(.ARM.Collect$$rtentry$$00000004)
    .ARM.Collect$$rtentry$$00000009          0x00000302   Section        0  __rtentry2.o(.ARM.Collect$$rtentry$$00000009)
    .ARM.Collect$$rtentry$$0000000A          0x00000302   Section        4  __rtentry2.o(.ARM.Collect$$rtentry$$0000000A)
    .ARM.Collect$$rtentry$$0000000C          0x00000306   Section        0  __rtentry2.o(.ARM.Collect$$rtentry$$0000000C)
    .ARM.Collect$$rtentry$$0000000D          0x00000306   Section        8  __rtentry2.o(.ARM.Collect$$rtentry$$0000000D)
    .ARM.Collect$$rtexit$$00000000           0x0000030e   Section        2  rtexit.o(.ARM.Collect$$rtexit$$00000000)
    .ARM.Collect$$rtexit$$00000002           0x00000310   Section        0  rtexit2.o(.ARM.Collect$$rtexit$$00000002)
    .ARM.Collect$$rtexit$$00000003           0x00000310   Section        4  rtexit2.o(.ARM.Collect$$rtexit$$00000003)
    .ARM.Collect$$rtexit$$00000004           0x00000314   Section        6  rtexit2.o(.ARM.Collect$$rtexit$$00000004)
    .text                                    0x0000031c   Section      276  startup_tm4c123.o(.text)
    $v0                                      0x0000031c   Number         0  startup_tm4c123.o(.text)
    .text                                    0x00000430   Section        0  noretval__2sprintf.o(.text)
    .text                                    0x00000458   Section        0  _printf_pad.o(.text)
    .text                                    0x000004a6   Section        0  _printf_str.o(.text)
    .text                                    0x000004f8   Section        0  _printf_dec.o(.text)
    .text                                    0x00000570   Section        0  __printf_flags_wp.o(.text)
    .text                                    0x000006a8   Section        0  strlen.o(.text)
    .text                                    0x000006e6   Section        0  heapauxi.o(.text)
    .text                                    0x000006ec   Section        0  _printf_intcommon.o(.text)
    .text                                    0x000007a0   Section        0  _printf_char_common.o(.text)
    _printf_input_char                       0x000007a1   Thumb Code    10  _printf_char_common.o(.text)
    .text                                    0x000007d0   Section        0  _sputc.o(.text)
    .text                                    0x000007da   Section        0  _printf_char.o(.text)
    .text                                    0x00000806   Section       74  sys_stackheap_outer.o(.text)
    .text                                    0x00000850   Section        0  exit.o(.text)
    .text                                    0x00000864   Section        8  libspace.o(.text)
    .text                                    0x0000086c   Section        0  sys_exit.o(.text)
    .text                                    0x00000878   Section        2  use_no_semi.o(.text)
    .text                                    0x0000087a   Section        0  indicate_semi.o(.text)
    i.GPIOF_Button_IRQHandler                0x0000087c   Section        0  main.o(i.GPIOF_Button_IRQHandler)
    i.GPIOF_Handler                          0x0000089c   Section        0  irq.o(i.GPIOF_Handler)
    i.GUI_16BitPerPixel                      0x000008b0   Section        0  gui.o(i.GUI_16BitPerPixel)
    i.GUI_AddCbFrameEnd                      0x000008bc   Section        0  gui.o(i.GUI_AddCbFrameEnd)
    i.GUI_AppDraw                            0x000008c8   Section        0  main.o(i.GUI_AppDraw)
    i.GUI_Clear                              0x00000a18   Section        0  gui.o(i.GUI_Clear)
    i.GUI_DrawFilledRect                     0x00000a7c   Section        0  gui.o(i.GUI_DrawFilledRect)
    i.GUI_DrawHortLine                       0x00000ad4   Section        0  gui.o(i.GUI_DrawHortLine)
    i.GUI_Draw_Exe                           0x00000b34   Section        0  gui.o(i.GUI_Draw_Exe)
    i.GUI_Init                               0x00000be4   Section        0  gui.o(i.GUI_Init)
    i.GUI_PrintChar                          0x00000c30   Section        0  gui.o(i.GUI_PrintChar)
    i.GUI_PrintString                        0x00000ed8   Section        0  gui.o(i.GUI_PrintString)
    i.GUI_SetColor                           0x00000f5c   Section        0  gui.o(i.GUI_SetColor)
    i.GUI_SetFont                            0x00000f80   Section        0  gui.o(i.GUI_SetFont)
    i.GUI_SetFontBackColor                   0x00000f8c   Section        0  gui.o(i.GUI_SetFontBackColor)
    i.GUI_WriteMem                           0x00000fb0   Section        0  gui.o(i.GUI_WriteMem)
    GUI_WriteMem                             0x00000fb1   Thumb Code   114  gui.o(i.GUI_WriteMem)
    i.HardFault_Handler                      0x00001028   Section        0  bsp.o(i.HardFault_Handler)
    i.IRQ_Init                               0x0000107c   Section        0  irq.o(i.IRQ_Init)
    i.LCD_AddCallback                        0x000010a4   Section        0  lcd_st7735r.o(i.LCD_AddCallback)
    i.LCD_GetSize                            0x000010b0   Section        0  lcd_st7735r.o(i.LCD_GetSize)
    i.LCD_WriteDataPixel                     0x000010c8   Section        0  lcd_st7735r.o(i.LCD_WriteDataPixel)
    i.LcdInit                                0x00001134   Section        0  lcd_st7735r.o(i.LcdInit)
    i.Port_Init                              0x00001400   Section        0  hal.o(i.Port_Init)
    i.SPI_Handler                            0x00001714   Section        0  spim.o(i.SPI_Handler)
    SPI_Handler                              0x00001715   Thumb Code   166  spim.o(i.SPI_Handler)
    i.SSI0_Handler                           0x000017bc   Section        0  spim.o(i.SSI0_Handler)
    i.SSI1_Handler                           0x000017cc   Section        0  spim.o(i.SSI1_Handler)
    i.SSI2_Handler                           0x000017dc   Section        0  spim.o(i.SSI2_Handler)
    i.SSI3_Handler                           0x000017ec   Section        0  spim.o(i.SSI3_Handler)
    i.SpimAddCallbackTransferDone            0x000017fc   Section        0  spim.o(i.SpimAddCallbackTransferDone)
    i.SpimInit                               0x00001804   Section        0  spim.o(i.SpimInit)
    i.SpimSetDataSize                        0x00001ac0   Section        0  spim.o(i.SpimSetDataSize)
    i.SpimTransfer                           0x00001c3a   Section        0  spim.o(i.SpimTransfer)
    i.SysTick_Handler                        0x00001c84   Section        0  main.o(i.SysTick_Handler)
    i.SystemCoreClockUpdate                  0x00001d44   Section        0  system_tm4c123.o(i.SystemCoreClockUpdate)
    i.SystemInit                             0x00001e18   Section        0  system_tm4c123.o(i.SystemInit)
    i.__NVIC_SetPriority                     0x00001f04   Section        0  main.o(i.__NVIC_SetPriority)
    __NVIC_SetPriority                       0x00001f05   Thumb Code    32  main.o(i.__NVIC_SetPriority)
    i._is_digit                              0x00001f2c   Section        0  __printf_wp.o(i._is_digit)
    i.lcd_Delayms                            0x00001f3c   Section        0  lcd_st7735r.o(i.lcd_Delayms)
    lcd_Delayms                              0x00001f3d   Thumb Code    34  lcd_st7735r.o(i.lcd_Delayms)
    i.lcd_WriteCmd                           0x00001f64   Section        0  lcd_st7735r.o(i.lcd_WriteCmd)
    lcd_WriteCmd                             0x00001f65   Thumb Code    86  lcd_st7735r.o(i.lcd_WriteCmd)
    i.lcd_WriteData                          0x00001fcc   Section        0  lcd_st7735r.o(i.lcd_WriteData)
    lcd_WriteData                            0x00001fcd   Thumb Code    86  lcd_st7735r.o(i.lcd_WriteData)
    i.lcd_WriteMultipleByte                  0x00002034   Section        0  lcd_st7735r.o(i.lcd_WriteMultipleByte)
    lcd_WriteMultipleByte                    0x00002035   Thumb Code    84  lcd_st7735r.o(i.lcd_WriteMultipleByte)
    i.lcd_cbSpiDone                          0x00002094   Section        0  lcd_st7735r.o(i.lcd_cbSpiDone)
    lcd_cbSpiDone                            0x00002095   Thumb Code    40  lcd_st7735r.o(i.lcd_cbSpiDone)
    i.main                                   0x000020c8   Section        0  main.o(i.main)
    i.main_KeyScan                           0x00002174   Section        0  main.o(i.main_KeyScan)
    main_KeyScan                             0x00002175   Thumb Code    68  main.o(i.main_KeyScan)
    i.main_LcdInit                           0x000021c4   Section        0  main.o(i.main_LcdInit)
    main_LcdInit                             0x000021c5   Thumb Code    96  main.o(i.main_LcdInit)
    i.main_cbGuiFrameEnd                     0x00002244   Section        0  main.o(i.main_cbGuiFrameEnd)
    main_cbGuiFrameEnd                       0x00002245   Thumb Code     8  main.o(i.main_cbGuiFrameEnd)
    i.main_cbLcdTransferDone                 0x00002250   Section        0  main.o(i.main_cbLcdTransferDone)
    main_cbLcdTransferDone                   0x00002251   Thumb Code     8  main.o(i.main_cbLcdTransferDone)
    x$fpl$fpinit                             0x0000225c   Section       10  fpinit.o(x$fpl$fpinit)
    $v0                                      0x0000225c   Number         0  fpinit.o(x$fpl$fpinit)
    .constdata                               0x00002268   Section     2124  fontarialbold16.o(.constdata)
    g_pucArialbold16Data                     0x00002268   Data        1921  fontarialbold16.o(.constdata)
    .constdata                               0x00002ab4   Section     1704  fontarialbold12.o(.constdata)
    g_pucArialbold12Data                     0x00002ab4   Data        1503  fontarialbold12.o(.constdata)
    .constdata                               0x0000315c   Section     2788  fontarialbold24.o(.constdata)
    g_pucArialbold24Data                     0x0000315c   Data        2587  fontarialbold24.o(.constdata)
    .constdata                               0x00003c40   Section      108  system_tm4c123.o(.constdata)
    XTAL_NO_PLL                              0x00003c40   Data         108  system_tm4c123.o(.constdata)
    .constdata                               0x00003cac   Section     1047  font_calibri10.o(.constdata)
    g_pucCalibri10Data                       0x00003cac   Data        1047  font_calibri10.o(.constdata)
    .constdata                               0x000040c4   Section      200  font_calibri10.o(.constdata)
    .constdata                               0x0000418c   Section       17  __printf_flags_wp.o(.constdata)
    maptable                                 0x0000418c   Data          17  __printf_flags_wp.o(.constdata)
    .data                                    0x20000000   Section       69  main.o(.data)
    KEY_DECODE_TABLE                         0x20000000   Data          12  main.o(.data)
    g_bSystemTick                            0x2000000c   Data           4  main.o(.data)
    g_bSecTick                               0x20000010   Data           4  main.o(.data)
    g_nCount                                 0x20000014   Data           4  main.o(.data)
    g_bToggle                                0x20000018   Data           4  main.o(.data)
    g_nTimeSec                               0x2000001c   Data           4  main.o(.data)
    g_bSpiDone                               0x20000020   Data           4  main.o(.data)
    g_bLCDUpdate                             0x20000024   Data           4  main.o(.data)
    g_nLCD                                   0x20000028   Data           4  main.o(.data)
    g_bBacklightOn                           0x2000002c   Data           4  main.o(.data)
    g_bLcdFree                               0x20000030   Data           4  main.o(.data)
    g_nKeypadScan                            0x20000034   Data           4  main.o(.data)
    g_nKeypad                                0x20000038   Data           4  main.o(.data)
    g_cKey                                   0x2000003c   Data           1  main.o(.data)
    bKeyPressed                              0x20000040   Data           4  main.o(.data)
    cKey                                     0x20000044   Data           1  main.o(.data)
    .data                                    0x20000048   Section       22  lcd_st7735r.o(.data)
    g_pSpimHandle                            0x20000048   Data           4  lcd_st7735r.o(.data)
    g_bSpiDone                               0x2000004c   Data           4  lcd_st7735r.o(.data)
    g_nScreenX                               0x20000050   Data           4  lcd_st7735r.o(.data)
    g_nScreenY                               0x20000054   Data           4  lcd_st7735r.o(.data)
    g_pLcdCbDone                             0x20000058   Data           4  lcd_st7735r.o(.data)
    g_Cmd                                    0x2000005c   Data           1  lcd_st7735r.o(.data)
    g_Data                                   0x2000005d   Data           1  lcd_st7735r.o(.data)
    .data                                    0x20000060   Section        4  system_tm4c123.o(.data)
    .data                                    0x20000064   Section       28  gui.o(.data)
    g_pFont                                  0x20000064   Data           4  gui.o(.data)
    g_Color                                  0x20000068   Data           4  gui.o(.data)
    g_hMemPtr                                0x2000006c   Data           4  gui.o(.data)
    g_b16BitPerPixel                         0x20000070   Data           4  gui.o(.data)
    g_pFramEnd                               0x20000074   Data           4  gui.o(.data)
    g_nWidth                                 0x20000078   Data           4  gui.o(.data)
    g_FontBackColor                          0x2000007c   Data           4  gui.o(.data)
    .bss                                     0x20000080   Section     8324  main.o(.bss)
    g_SpimHandle                             0x20000080   Data          52  main.o(.bss)
    g_aBuf                                   0x200000b4   Data        8192  main.o(.bss)
    g_MemDev                                 0x200020b4   Data          80  main.o(.bss)
    .bss                                     0x20002104   Section       64  lcd_st7735r.o(.bss)
    data                                     0x20002104   Data          64  lcd_st7735r.o(.bss)
    .bss                                     0x20002144   Section       16  spim.o(.bss)
    g_pSpiIrqhandles                         0x20002144   Data          16  spim.o(.bss)
    .bss                                     0x20002154   Section       96  libspace.o(.bss)
    HEAP                                     0x200021b8   Section        0  startup_tm4c123.o(HEAP)
    STACK                                    0x200021b8   Section     2560  startup_tm4c123.o(STACK)
    Heap_Mem                                 0x200021b8   Data           0  startup_tm4c123.o(HEAP)
    Stack_Mem                                0x200021b8   Data        2560  startup_tm4c123.o(STACK)
    __initial_sp                             0x20002bb8   Data           0  startup_tm4c123.o(STACK)

    Global Symbols

    Symbol Name                              Value     Ov Type        Size  Object(Section)

    BuildAttributes$$THM_ISAv4$E$P$D$K$B$S$7EM$VFPi3$EXTD16$VFPS$VFMA$PE$A:L22UL41UL21$X:L11$S22US41US21$IEEE1$IW$USESV6$~STKCKD$USESV7$~SHL$OTIME$ROPI$EBA8$UX$STANDARDLIB$REQ8$PRES8$EABIv2 0x00000000   Number         0  anon$$obj.o ABSOLUTE
    __ARM_use_no_argv                        0x00000000   Number         0  main.o ABSOLUTE
    __Vectors                                0x00000000   Data           4  startup_tm4c123.o(RESET)
    _printf_flags                            0x00000000   Number         0  printf_stubs.o ABSOLUTE
    _printf_return_value                     0x00000000   Number         0  printf_stubs.o ABSOLUTE
    _printf_sizespec                         0x00000000   Number         0  printf_stubs.o ABSOLUTE
    _printf_widthprec                        0x00000000   Number         0  printf_stubs.o ABSOLUTE
    __ARM_exceptions_init                     - Undefined Weak Reference
    __alloca_initialize                       - Undefined Weak Reference
    __arm_preinit_                            - Undefined Weak Reference
    __cpp_initialize__aeabi_                  - Undefined Weak Reference
    __cxa_finalize                            - Undefined Weak Reference
    __rt_locale                               - Undefined Weak Reference
    __sigvec_lookup                           - Undefined Weak Reference
    _atexit_init                              - Undefined Weak Reference
    _call_atexit_fns                          - Undefined Weak Reference
    _clock_init                               - Undefined Weak Reference
    _fp_trap_init                             - Undefined Weak Reference
    _fp_trap_shutdown                         - Undefined Weak Reference
    _get_lc_collate                           - Undefined Weak Reference
    _get_lc_ctype                             - Undefined Weak Reference
    _get_lc_monetary                          - Undefined Weak Reference
    _get_lc_numeric                           - Undefined Weak Reference
    _get_lc_time                              - Undefined Weak Reference
    _getenv_init                              - Undefined Weak Reference
    _handle_redirection                       - Undefined Weak Reference
    _init_alloc                               - Undefined Weak Reference
    _init_user_alloc                          - Undefined Weak Reference
    _initio                                   - Undefined Weak Reference
    _printf_mbtowc                            - Undefined Weak Reference
    _printf_truncate_signed                   - Undefined Weak Reference
    _printf_truncate_unsigned                 - Undefined Weak Reference
    _rand_init                                - Undefined Weak Reference
    _signal_finish                            - Undefined Weak Reference
    _signal_init                              - Undefined Weak Reference
    _terminate_alloc                          - Undefined Weak Reference
    _terminate_user_alloc                     - Undefined Weak Reference
    _terminateio                              - Undefined Weak Reference
    __Vectors_End                            0x0000026c   Data           0  startup_tm4c123.o(RESET)
    __Vectors_Size                           0x0000026c   Number         0  startup_tm4c123.o ABSOLUTE
    __main                                   0x0000026d   Thumb Code     8  __main.o(!!!main)
    __scatterload                            0x00000275   Thumb Code     0  __scatter.o(!!!scatter)
    __scatterload_rt2                        0x00000275   Thumb Code    44  __scatter.o(!!!scatter)
    __scatterload_rt2_thumb_only             0x00000275   Thumb Code     0  __scatter.o(!!!scatter)
    __scatterload_null                       0x00000283   Thumb Code     0  __scatter.o(!!!scatter)
    __scatterload_copy                       0x000002a9   Thumb Code    26  __scatter_copy.o(!!handler_copy)
    __scatterload_zeroinit                   0x000002c5   Thumb Code    28  __scatter_zi.o(!!handler_zi)
    _printf_percent                          0x000002e1   Thumb Code     0  _printf_percent.o(.ARM.Collect$$_printf_percent$$00000000)
    _printf_u                                0x000002e1   Thumb Code     0  _printf_u.o(.ARM.Collect$$_printf_percent$$0000000A)
    _printf_c                                0x000002e7   Thumb Code     0  _printf_c.o(.ARM.Collect$$_printf_percent$$00000013)
    _printf_percent_end                      0x000002ed   Thumb Code     0  _printf_percent_end.o(.ARM.Collect$$_printf_percent$$00000017)
    __rt_lib_init                            0x000002f1   Thumb Code     0  libinit.o(.ARM.Collect$$libinit$$00000000)
    __rt_lib_init_fp_1                       0x000002f3   Thumb Code     0  libinit2.o(.ARM.Collect$$libinit$$00000001)
    __rt_lib_init_alloca_1                   0x000002f7   Thumb Code     0  libinit2.o(.ARM.Collect$$libinit$$0000002E)
    __rt_lib_init_argv_1                     0x000002f7   Thumb Code     0  libinit2.o(.ARM.Collect$$libinit$$0000002C)
    __rt_lib_init_atexit_1                   0x000002f7   Thumb Code     0  libinit2.o(.ARM.Collect$$libinit$$0000001B)
    __rt_lib_init_clock_1                    0x000002f7   Thumb Code     0  libinit2.o(.ARM.Collect$$libinit$$00000021)
    __rt_lib_init_cpp_1                      0x000002f7   Thumb Code     0  libinit2.o(.ARM.Collect$$libinit$$00000032)
    __rt_lib_init_exceptions_1               0x000002f7   Thumb Code     0  libinit2.o(.ARM.Collect$$libinit$$00000030)
    __rt_lib_init_fp_trap_1                  0x000002f7   Thumb Code     0  libinit2.o(.ARM.Collect$$libinit$$0000001F)
    __rt_lib_init_getenv_1                   0x000002f7   Thumb Code     0  libinit2.o(.ARM.Collect$$libinit$$00000023)
    __rt_lib_init_heap_1                     0x000002f7   Thumb Code     0  libinit2.o(.ARM.Collect$$libinit$$0000000A)
    __rt_lib_init_lc_collate_1               0x000002f7   Thumb Code     0  libinit2.o(.ARM.Collect$$libinit$$00000011)
    __rt_lib_init_lc_ctype_1                 0x000002f7   Thumb Code     0  libinit2.o(.ARM.Collect$$libinit$$00000013)
    __rt_lib_init_lc_monetary_1              0x000002f7   Thumb Code     0  libinit2.o(.ARM.Collect$$libinit$$00000015)
    __rt_lib_init_lc_numeric_1               0x000002f7   Thumb Code     0  libinit2.o(.ARM.Collect$$libinit$$00000017)
    __rt_lib_init_lc_time_1                  0x000002f7   Thumb Code     0  libinit2.o(.ARM.Collect$$libinit$$00000019)
    __rt_lib_init_preinit_1                  0x000002f7   Thumb Code     0  libinit2.o(.ARM.Collect$$libinit$$00000004)
    __rt_lib_init_rand_1                     0x000002f7   Thumb Code     0  libinit2.o(.ARM.Collect$$libinit$$0000000E)
    __rt_lib_init_return                     0x000002f7   Thumb Code     0  libinit2.o(.ARM.Collect$$libinit$$00000033)
    __rt_lib_init_signal_1                   0x000002f7   Thumb Code     0  libinit2.o(.ARM.Collect$$libinit$$0000001D)
    __rt_lib_init_stdio_1                    0x000002f7   Thumb Code     0  libinit2.o(.ARM.Collect$$libinit$$00000025)
    __rt_lib_init_user_alloc_1               0x000002f7   Thumb Code     0  libinit2.o(.ARM.Collect$$libinit$$0000000C)
    __rt_lib_shutdown                        0x000002f9   Thumb Code     0  libshutdown.o(.ARM.Collect$$libshutdown$$00000000)
    __rt_lib_shutdown_cpp_1                  0x000002fb   Thumb Code     0  libshutdown2.o(.ARM.Collect$$libshutdown$$00000002)
    __rt_lib_shutdown_fp_trap_1              0x000002fb   Thumb Code     0  libshutdown2.o(.ARM.Collect$$libshutdown$$00000007)
    __rt_lib_shutdown_heap_1                 0x000002fb   Thumb Code     0  libshutdown2.o(.ARM.Collect$$libshutdown$$0000000F)
    __rt_lib_shutdown_return                 0x000002fb   Thumb Code     0  libshutdown2.o(.ARM.Collect$$libshutdown$$00000010)
    __rt_lib_shutdown_signal_1               0x000002fb   Thumb Code     0  libshutdown2.o(.ARM.Collect$$libshutdown$$0000000A)
    __rt_lib_shutdown_stdio_1                0x000002fb   Thumb Code     0  libshutdown2.o(.ARM.Collect$$libshutdown$$00000004)
    __rt_lib_shutdown_user_alloc_1           0x000002fb   Thumb Code     0  libshutdown2.o(.ARM.Collect$$libshutdown$$0000000C)
    __rt_entry                               0x000002fd   Thumb Code     0  __rtentry.o(.ARM.Collect$$rtentry$$00000000)
    __rt_entry_presh_1                       0x000002fd   Thumb Code     0  __rtentry2.o(.ARM.Collect$$rtentry$$00000002)
    __rt_entry_sh                            0x000002fd   Thumb Code     0  __rtentry4.o(.ARM.Collect$$rtentry$$00000004)
    __rt_entry_li                            0x00000303   Thumb Code     0  __rtentry2.o(.ARM.Collect$$rtentry$$0000000A)
    __rt_entry_postsh_1                      0x00000303   Thumb Code     0  __rtentry2.o(.ARM.Collect$$rtentry$$00000009)
    __rt_entry_main                          0x00000307   Thumb Code     0  __rtentry2.o(.ARM.Collect$$rtentry$$0000000D)
    __rt_entry_postli_1                      0x00000307   Thumb Code     0  __rtentry2.o(.ARM.Collect$$rtentry$$0000000C)
    __rt_exit                                0x0000030f   Thumb Code     0  rtexit.o(.ARM.Collect$$rtexit$$00000000)
    __rt_exit_ls                             0x00000311   Thumb Code     0  rtexit2.o(.ARM.Collect$$rtexit$$00000003)
    __rt_exit_prels_1                        0x00000311   Thumb Code     0  rtexit2.o(.ARM.Collect$$rtexit$$00000002)
    __rt_exit_exit                           0x00000315   Thumb Code     0  rtexit2.o(.ARM.Collect$$rtexit$$00000004)
    Reset_Handler                            0x0000031d   Thumb Code     8  startup_tm4c123.o(.text)
    NMI_Handler                              0x00000325   Thumb Code     2  startup_tm4c123.o(.text)
    MemManage_Handler                        0x00000329   Thumb Code     2  startup_tm4c123.o(.text)
    BusFault_Handler                         0x0000032b   Thumb Code     2  startup_tm4c123.o(.text)
    UsageFault_Handler                       0x0000032d   Thumb Code     2  startup_tm4c123.o(.text)
    SVC_Handler                              0x0000032f   Thumb Code     2  startup_tm4c123.o(.text)
    DebugMon_Handler                         0x00000331   Thumb Code     2  startup_tm4c123.o(.text)
    PendSV_Handler                           0x00000333   Thumb Code     2  startup_tm4c123.o(.text)
    GPIOA_Handler                            0x00000337   Thumb Code     2  startup_tm4c123.o(.text)
    GPIOB_Handler                            0x00000339   Thumb Code     2  startup_tm4c123.o(.text)
    GPIOC_Handler                            0x0000033b   Thumb Code     2  startup_tm4c123.o(.text)
    GPIOD_Handler                            0x0000033d   Thumb Code     2  startup_tm4c123.o(.text)
    GPIOE_Handler                            0x0000033f   Thumb Code     2  startup_tm4c123.o(.text)
    UART0_Handler                            0x00000341   Thumb Code     2  startup_tm4c123.o(.text)
    UART1_Handler                            0x00000343   Thumb Code     2  startup_tm4c123.o(.text)
    I2C0_Handler                             0x00000347   Thumb Code     2  startup_tm4c123.o(.text)
    PMW0_FAULT_Handler                       0x00000349   Thumb Code     2  startup_tm4c123.o(.text)
    PWM0_0_Handler                           0x0000034b   Thumb Code     2  startup_tm4c123.o(.text)
    PWM0_1_Handler                           0x0000034d   Thumb Code     2  startup_tm4c123.o(.text)
    PWM0_2_Handler                           0x0000034f   Thumb Code     2  startup_tm4c123.o(.text)
    QEI0_Handler                             0x00000351   Thumb Code     2  startup_tm4c123.o(.text)
    ADC0SS0_Handler                          0x00000353   Thumb Code     2  startup_tm4c123.o(.text)
    ADC0SS1_Handler                          0x00000355   Thumb Code     2  startup_tm4c123.o(.text)
    ADC0SS2_Handler                          0x00000357   Thumb Code     2  startup_tm4c123.o(.text)
    ADC0SS3_Handler                          0x00000359   Thumb Code     2  startup_tm4c123.o(.text)
    WDT0_Handler                             0x0000035b   Thumb Code     2  startup_tm4c123.o(.text)
    TIMER0A_Handler                          0x0000035d   Thumb Code     2  startup_tm4c123.o(.text)
    TIMER0B_Handler                          0x0000035f   Thumb Code     2  startup_tm4c123.o(.text)
    TIMER1A_Handler                          0x00000361   Thumb Code     2  startup_tm4c123.o(.text)
    TIMER1B_Handler                          0x00000363   Thumb Code     2  startup_tm4c123.o(.text)
    TIMER2A_Handler                          0x00000365   Thumb Code     2  startup_tm4c123.o(.text)
    TIMER2B_Handler                          0x00000367   Thumb Code     2  startup_tm4c123.o(.text)
    COMP0_Handler                            0x00000369   Thumb Code     2  startup_tm4c123.o(.text)
    COMP1_Handler                            0x0000036b   Thumb Code     2  startup_tm4c123.o(.text)
    COMP2_Handler                            0x0000036d   Thumb Code     2  startup_tm4c123.o(.text)
    SYSCTL_Handler                           0x0000036f   Thumb Code     2  startup_tm4c123.o(.text)
    FLASH_Handler                            0x00000371   Thumb Code     2  startup_tm4c123.o(.text)
    GPIOG_Handler                            0x00000375   Thumb Code     2  startup_tm4c123.o(.text)
    GPIOH_Handler                            0x00000377   Thumb Code     2  startup_tm4c123.o(.text)
    UART2_Handler                            0x00000379   Thumb Code     2  startup_tm4c123.o(.text)
    TIMER3A_Handler                          0x0000037d   Thumb Code     2  startup_tm4c123.o(.text)
    TIMER3B_Handler                          0x0000037f   Thumb Code     2  startup_tm4c123.o(.text)
    I2C1_Handler                             0x00000381   Thumb Code     2  startup_tm4c123.o(.text)
    QEI1_Handler                             0x00000383   Thumb Code     2  startup_tm4c123.o(.text)
    CAN0_Handler                             0x00000385   Thumb Code     2  startup_tm4c123.o(.text)
    CAN1_Handler                             0x00000387   Thumb Code     2  startup_tm4c123.o(.text)
    CAN2_Handler                             0x00000389   Thumb Code     2  startup_tm4c123.o(.text)
    HIB_Handler                              0x0000038b   Thumb Code     2  startup_tm4c123.o(.text)
    USB0_Handler                             0x0000038d   Thumb Code     2  startup_tm4c123.o(.text)
    PWM0_3_Handler                           0x0000038f   Thumb Code     2  startup_tm4c123.o(.text)
    UDMA_Handler                             0x00000391   Thumb Code     2  startup_tm4c123.o(.text)
    UDMAERR_Handler                          0x00000393   Thumb Code     2  startup_tm4c123.o(.text)
    ADC1SS0_Handler                          0x00000395   Thumb Code     2  startup_tm4c123.o(.text)
    ADC1SS1_Handler                          0x00000397   Thumb Code     2  startup_tm4c123.o(.text)
    ADC1SS2_Handler                          0x00000399   Thumb Code     2  startup_tm4c123.o(.text)
    ADC1SS3_Handler                          0x0000039b   Thumb Code     2  startup_tm4c123.o(.text)
    GPIOJ_Handler                            0x0000039d   Thumb Code     2  startup_tm4c123.o(.text)
    GPIOK_Handler                            0x0000039f   Thumb Code     2  startup_tm4c123.o(.text)
    GPIOL_Handler                            0x000003a1   Thumb Code     2  startup_tm4c123.o(.text)
    UART3_Handler                            0x000003a7   Thumb Code     2  startup_tm4c123.o(.text)
    UART4_Handler                            0x000003a9   Thumb Code     2  startup_tm4c123.o(.text)
    UART5_Handler                            0x000003ab   Thumb Code     2  startup_tm4c123.o(.text)
    UART6_Handler                            0x000003ad   Thumb Code     2  startup_tm4c123.o(.text)
    UART7_Handler                            0x000003af   Thumb Code     2  startup_tm4c123.o(.text)
    I2C2_Handler                             0x000003b1   Thumb Code     2  startup_tm4c123.o(.text)
    I2C3_Handler                             0x000003b3   Thumb Code     2  startup_tm4c123.o(.text)
    TIMER4A_Handler                          0x000003b5   Thumb Code     2  startup_tm4c123.o(.text)
    TIMER4B_Handler                          0x000003b7   Thumb Code     2  startup_tm4c123.o(.text)
    TIMER5A_Handler                          0x000003b9   Thumb Code     2  startup_tm4c123.o(.text)
    TIMER5B_Handler                          0x000003bb   Thumb Code     2  startup_tm4c123.o(.text)
    WTIMER0A_Handler                         0x000003bd   Thumb Code     2  startup_tm4c123.o(.text)
    WTIMER0B_Handler                         0x000003bf   Thumb Code     2  startup_tm4c123.o(.text)
    WTIMER1A_Handler                         0x000003c1   Thumb Code     2  startup_tm4c123.o(.text)
    WTIMER1B_Handler                         0x000003c3   Thumb Code     2  startup_tm4c123.o(.text)
    WTIMER2A_Handler                         0x000003c5   Thumb Code     2  startup_tm4c123.o(.text)
    WTIMER2B_Handler                         0x000003c7   Thumb Code     2  startup_tm4c123.o(.text)
    WTIMER3A_Handler                         0x000003c9   Thumb Code     2  startup_tm4c123.o(.text)
    WTIMER3B_Handler                         0x000003cb   Thumb Code     2  startup_tm4c123.o(.text)
    WTIMER4A_Handler                         0x000003cd   Thumb Code     2  startup_tm4c123.o(.text)
    WTIMER4B_Handler                         0x000003cf   Thumb Code     2  startup_tm4c123.o(.text)
    WTIMER5A_Handler                         0x000003d1   Thumb Code     2  startup_tm4c123.o(.text)
    WTIMER5B_Handler                         0x000003d3   Thumb Code     2  startup_tm4c123.o(.text)
    FPU_Handler                              0x000003d5   Thumb Code     2  startup_tm4c123.o(.text)
    I2C4_Handler                             0x000003d7   Thumb Code     2  startup_tm4c123.o(.text)
    I2C5_Handler                             0x000003d9   Thumb Code     2  startup_tm4c123.o(.text)
    GPIOM_Handler                            0x000003db   Thumb Code     2  startup_tm4c123.o(.text)
    GPION_Handler                            0x000003dd   Thumb Code     2  startup_tm4c123.o(.text)
    QEI2_Handler                             0x000003df   Thumb Code     2  startup_tm4c123.o(.text)
    GPIOP0_Handler                           0x000003e1   Thumb Code     2  startup_tm4c123.o(.text)
    GPIOP1_Handler                           0x000003e3   Thumb Code     2  startup_tm4c123.o(.text)
    GPIOP2_Handler                           0x000003e5   Thumb Code     2  startup_tm4c123.o(.text)
    GPIOP3_Handler                           0x000003e7   Thumb Code     2  startup_tm4c123.o(.text)
    GPIOP4_Handler                           0x000003e9   Thumb Code     2  startup_tm4c123.o(.text)
    GPIOP5_Handler                           0x000003eb   Thumb Code     2  startup_tm4c123.o(.text)
    GPIOP6_Handler                           0x000003ed   Thumb Code     2  startup_tm4c123.o(.text)
    GPIOP7_Handler                           0x000003ef   Thumb Code     2  startup_tm4c123.o(.text)
    GPIOQ0_Handler                           0x000003f1   Thumb Code     2  startup_tm4c123.o(.text)
    GPIOQ1_Handler                           0x000003f3   Thumb Code     2  startup_tm4c123.o(.text)
    GPIOQ2_Handler                           0x000003f5   Thumb Code     2  startup_tm4c123.o(.text)
    GPIOQ3_Handler                           0x000003f7   Thumb Code     2  startup_tm4c123.o(.text)
    GPIOQ4_Handler                           0x000003f9   Thumb Code     2  startup_tm4c123.o(.text)
    GPIOQ5_Handler                           0x000003fb   Thumb Code     2  startup_tm4c123.o(.text)
    GPIOQ6_Handler                           0x000003fd   Thumb Code     2  startup_tm4c123.o(.text)
    GPIOQ7_Handler                           0x000003ff   Thumb Code     2  startup_tm4c123.o(.text)
    GPIOR_Handler                            0x00000401   Thumb Code     2  startup_tm4c123.o(.text)
    GPIOS_Handler                            0x00000403   Thumb Code     2  startup_tm4c123.o(.text)
    PMW1_0_Handler                           0x00000405   Thumb Code     2  startup_tm4c123.o(.text)
    PWM1_1_Handler                           0x00000407   Thumb Code     2  startup_tm4c123.o(.text)
    PWM1_2_Handler                           0x00000409   Thumb Code     2  startup_tm4c123.o(.text)
    PWM1_3_Handler                           0x0000040b   Thumb Code     2  startup_tm4c123.o(.text)
    PWM1_FAULT_Handler                       0x0000040d   Thumb Code     2  startup_tm4c123.o(.text)
    __user_initial_stackheap                 0x00000411   Thumb Code     0  startup_tm4c123.o(.text)
    __2sprintf                               0x00000431   Thumb Code    34  noretval__2sprintf.o(.text)
    _printf_pre_padding                      0x00000459   Thumb Code    44  _printf_pad.o(.text)
    _printf_post_padding                     0x00000485   Thumb Code    34  _printf_pad.o(.text)
    _printf_str                              0x000004a7   Thumb Code    82  _printf_str.o(.text)
    _printf_int_dec                          0x000004f9   Thumb Code   104  _printf_dec.o(.text)
    __printf                                 0x00000571   Thumb Code   308  __printf_flags_wp.o(.text)
    strlen                                   0x000006a9   Thumb Code    62  strlen.o(.text)
    __use_two_region_memory                  0x000006e7   Thumb Code     2  heapauxi.o(.text)
    __rt_heap_escrow$2region                 0x000006e9   Thumb Code     2  heapauxi.o(.text)
    __rt_heap_expand$2region                 0x000006eb   Thumb Code     2  heapauxi.o(.text)
    _printf_int_common                       0x000006ed   Thumb Code   178  _printf_intcommon.o(.text)
    _printf_char_common                      0x000007ab   Thumb Code    32  _printf_char_common.o(.text)
    _sputc                                   0x000007d1   Thumb Code    10  _sputc.o(.text)
    _printf_cs_common                        0x000007db   Thumb Code    20  _printf_char.o(.text)
    _printf_char                             0x000007ef   Thumb Code    16  _printf_char.o(.text)
    _printf_string                           0x000007ff   Thumb Code     8  _printf_char.o(.text)
    __user_setup_stackheap                   0x00000807   Thumb Code    74  sys_stackheap_outer.o(.text)
    exit                                     0x00000851   Thumb Code    18  exit.o(.text)
    __user_libspace                          0x00000865   Thumb Code     8  libspace.o(.text)
    __user_perproc_libspace                  0x00000865   Thumb Code     0  libspace.o(.text)
    __user_perthread_libspace                0x00000865   Thumb Code     0  libspace.o(.text)
    _sys_exit                                0x0000086d   Thumb Code     8  sys_exit.o(.text)
    __I$use$semihosting                      0x00000879   Thumb Code     0  use_no_semi.o(.text)
    __use_no_semihosting_swi                 0x00000879   Thumb Code     2  use_no_semi.o(.text)
    __semihosting_library_function           0x0000087b   Thumb Code     0  indicate_semi.o(.text)
    GPIOF_Button_IRQHandler                  0x0000087d   Thumb Code    26  main.o(i.GPIOF_Button_IRQHandler)
    GPIOF_Handler                            0x0000089d   Thumb Code    14  irq.o(i.GPIOF_Handler)
    GUI_16BitPerPixel                        0x000008b1   Thumb Code     6  gui.o(i.GUI_16BitPerPixel)
    GUI_AddCbFrameEnd                        0x000008bd   Thumb Code     6  gui.o(i.GUI_AddCbFrameEnd)
    GUI_AppDraw                              0x000008c9   Thumb Code   234  main.o(i.GUI_AppDraw)
    GUI_Clear                                0x00000a19   Thumb Code    96  gui.o(i.GUI_Clear)
    GUI_DrawFilledRect                       0x00000a7d   Thumb Code    84  gui.o(i.GUI_DrawFilledRect)
    GUI_DrawHortLine                         0x00000ad5   Thumb Code    90  gui.o(i.GUI_DrawHortLine)
    GUI_Draw_Exe                             0x00000b35   Thumb Code   170  gui.o(i.GUI_Draw_Exe)
    GUI_Init                                 0x00000be5   Thumb Code    70  gui.o(i.GUI_Init)
    GUI_PrintChar                            0x00000c31   Thumb Code   676  gui.o(i.GUI_PrintChar)
    GUI_PrintString                          0x00000ed9   Thumb Code   128  gui.o(i.GUI_PrintString)
    GUI_SetColor                             0x00000f5d   Thumb Code    30  gui.o(i.GUI_SetColor)
    GUI_SetFont                              0x00000f81   Thumb Code     6  gui.o(i.GUI_SetFont)
    GUI_SetFontBackColor                     0x00000f8d   Thumb Code    30  gui.o(i.GUI_SetFontBackColor)
    HardFault_Handler                        0x00001029   Thumb Code    64  bsp.o(i.HardFault_Handler)
    IRQ_Init                                 0x0000107d   Thumb Code    38  irq.o(i.IRQ_Init)
    LCD_AddCallback                          0x000010a5   Thumb Code     6  lcd_st7735r.o(i.LCD_AddCallback)
    LCD_GetSize                              0x000010b1   Thumb Code    14  lcd_st7735r.o(i.LCD_GetSize)
    LCD_WriteDataPixel                       0x000010c9   Thumb Code    90  lcd_st7735r.o(i.LCD_WriteDataPixel)
    LcdInit                                  0x00001135   Thumb Code   692  lcd_st7735r.o(i.LcdInit)
    Port_Init                                0x00001401   Thumb Code   718  hal.o(i.Port_Init)
    SSI0_Handler                             0x000017bd   Thumb Code    12  spim.o(i.SSI0_Handler)
    SSI1_Handler                             0x000017cd   Thumb Code    12  spim.o(i.SSI1_Handler)
    SSI2_Handler                             0x000017dd   Thumb Code    12  spim.o(i.SSI2_Handler)
    SSI3_Handler                             0x000017ed   Thumb Code    12  spim.o(i.SSI3_Handler)
    SpimAddCallbackTransferDone              0x000017fd   Thumb Code     6  spim.o(i.SpimAddCallbackTransferDone)
    SpimInit                                 0x00001805   Thumb Code   676  spim.o(i.SpimInit)
    SpimSetDataSize                          0x00001ac1   Thumb Code   378  spim.o(i.SpimSetDataSize)
    SpimTransfer                             0x00001c3b   Thumb Code    74  spim.o(i.SpimTransfer)
    SysTick_Handler                          0x00001c85   Thumb Code   152  main.o(i.SysTick_Handler)
    SystemCoreClockUpdate                    0x00001d45   Thumb Code   196  system_tm4c123.o(i.SystemCoreClockUpdate)
    SystemInit                               0x00001e19   Thumb Code   224  system_tm4c123.o(i.SystemInit)
    _is_digit                                0x00001f2d   Thumb Code    14  __printf_wp.o(i._is_digit)
    main                                     0x000020c9   Thumb Code   148  main.o(i.main)
    _fp_init                                 0x0000225d   Thumb Code    10  fpinit.o(x$fpl$fpinit)
    __fplib_config_fpu_vfp                   0x00002265   Thumb Code     0  fpinit.o(x$fpl$fpinit)
    __fplib_config_pureend_doubles           0x00002265   Thumb Code     0  fpinit.o(x$fpl$fpinit)
    FONT_Arialbold16                         0x000029ec   Data         200  fontarialbold16.o(.constdata)
    FONT_Arialbold12                         0x00003094   Data         200  fontarialbold12.o(.constdata)
    FONT_Arialbold24                         0x00003b78   Data         200  fontarialbold24.o(.constdata)
    g_sFontCalibri10                         0x000040c4   Data         200  font_calibri10.o(.constdata)
    Region$$Table$$Base                      0x000041a0   Number         0  anon$$obj.o(Region$$Table)
    Region$$Table$$Limit                     0x000041c0   Number         0  anon$$obj.o(Region$$Table)
    SystemCoreClock                          0x20000060   Data           4  system_tm4c123.o(.data)
    __libspace_start                         0x20002154   Data          96  libspace.o(.bss)
    __temporary_stack_top$libspace           0x200021b4   Data           0  libspace.o(.bss)



==============================================================================

Memory Map of the image

  Image Entry point : 0x0000026d

  Load Region LR_IROM1 (Base: 0x00000000, Size: 0x00004240, Max: 0x00040000, ABSOLUTE)

    Execution Region ER_IROM1 (Exec base: 0x00000000, Load base: 0x00000000, Size: 0x000041c0, Max: 0x00040000, ABSOLUTE)

    Exec Addr    Load Addr    Size         Type   Attr      Idx    E Section Name        Object

    0x00000000   0x00000000   0x0000026c   Data   RO          415    RESET               startup_tm4c123.o
    0x0000026c   0x0000026c   0x00000008   Code   RO          636  * !!!main             c_w.l(__main.o)
    0x00000274   0x00000274   0x00000034   Code   RO          804    !!!scatter          c_w.l(__scatter.o)
    0x000002a8   0x000002a8   0x0000001a   Code   RO          806    !!handler_copy      c_w.l(__scatter_copy.o)
    0x000002c2   0x000002c2   0x00000002   PAD
    0x000002c4   0x000002c4   0x0000001c   Code   RO          808    !!handler_zi        c_w.l(__scatter_zi.o)
    0x000002e0   0x000002e0   0x00000000   Code   RO          631    .ARM.Collect$$_printf_percent$$00000000  c_w.l(_printf_percent.o)
    0x000002e0   0x000002e0   0x00000006   Code   RO          630    .ARM.Collect$$_printf_percent$$0000000A  c_w.l(_printf_u.o)
    0x000002e6   0x000002e6   0x00000006   Code   RO          629    .ARM.Collect$$_printf_percent$$00000013  c_w.l(_printf_c.o)
    0x000002ec   0x000002ec   0x00000004   Code   RO          647    .ARM.Collect$$_printf_percent$$00000017  c_w.l(_printf_percent_end.o)
    0x000002f0   0x000002f0   0x00000002   Code   RO          674    .ARM.Collect$$libinit$$00000000  c_w.l(libinit.o)
    0x000002f2   0x000002f2   0x00000004   Code   RO          680    .ARM.Collect$$libinit$$00000001  c_w.l(libinit2.o)
    0x000002f6   0x000002f6   0x00000000   Code   RO          683    .ARM.Collect$$libinit$$00000004  c_w.l(libinit2.o)
    0x000002f6   0x000002f6   0x00000000   Code   RO          686    .ARM.Collect$$libinit$$0000000A  c_w.l(libinit2.o)
    0x000002f6   0x000002f6   0x00000000   Code   RO          688    .ARM.Collect$$libinit$$0000000C  c_w.l(libinit2.o)
    0x000002f6   0x000002f6   0x00000000   Code   RO          690    .ARM.Collect$$libinit$$0000000E  c_w.l(libinit2.o)
    0x000002f6   0x000002f6   0x00000000   Code   RO          693    .ARM.Collect$$libinit$$00000011  c_w.l(libinit2.o)
    0x000002f6   0x000002f6   0x00000000   Code   RO          695    .ARM.Collect$$libinit$$00000013  c_w.l(libinit2.o)
    0x000002f6   0x000002f6   0x00000000   Code   RO          697    .ARM.Collect$$libinit$$00000015  c_w.l(libinit2.o)
    0x000002f6   0x000002f6   0x00000000   Code   RO          699    .ARM.Collect$$libinit$$00000017  c_w.l(libinit2.o)
    0x000002f6   0x000002f6   0x00000000   Code   RO          701    .ARM.Collect$$libinit$$00000019  c_w.l(libinit2.o)
    0x000002f6   0x000002f6   0x00000000   Code   RO          703    .ARM.Collect$$libinit$$0000001B  c_w.l(libinit2.o)
    0x000002f6   0x000002f6   0x00000000   Code   RO          705    .ARM.Collect$$libinit$$0000001D  c_w.l(libinit2.o)
    0x000002f6   0x000002f6   0x00000000   Code   RO          707    .ARM.Collect$$libinit$$0000001F  c_w.l(libinit2.o)
    0x000002f6   0x000002f6   0x00000000   Code   RO          709    .ARM.Collect$$libinit$$00000021  c_w.l(libinit2.o)
    0x000002f6   0x000002f6   0x00000000   Code   RO          711    .ARM.Collect$$libinit$$00000023  c_w.l(libinit2.o)
    0x000002f6   0x000002f6   0x00000000   Code   RO          713    .ARM.Collect$$libinit$$00000025  c_w.l(libinit2.o)
    0x000002f6   0x000002f6   0x00000000   Code   RO          717    .ARM.Collect$$libinit$$0000002C  c_w.l(libinit2.o)
    0x000002f6   0x000002f6   0x00000000   Code   RO          719    .ARM.Collect$$libinit$$0000002E  c_w.l(libinit2.o)
    0x000002f6   0x000002f6   0x00000000   Code   RO          721    .ARM.Collect$$libinit$$00000030  c_w.l(libinit2.o)
    0x000002f6   0x000002f6   0x00000000   Code   RO          723    .ARM.Collect$$libinit$$00000032  c_w.l(libinit2.o)
    0x000002f6   0x000002f6   0x00000002   Code   RO          724    .ARM.Collect$$libinit$$00000033  c_w.l(libinit2.o)
    0x000002f8   0x000002f8   0x00000002   Code   RO          744    .ARM.Collect$$libshutdown$$00000000  c_w.l(libshutdown.o)
    0x000002fa   0x000002fa   0x00000000   Code   RO          757    .ARM.Collect$$libshutdown$$00000002  c_w.l(libshutdown2.o)
    0x000002fa   0x000002fa   0x00000000   Code   RO          759    .ARM.Collect$$libshutdown$$00000004  c_w.l(libshutdown2.o)
    0x000002fa   0x000002fa   0x00000000   Code   RO          762    .ARM.Collect$$libshutdown$$00000007  c_w.l(libshutdown2.o)
    0x000002fa   0x000002fa   0x00000000   Code   RO          765    .ARM.Collect$$libshutdown$$0000000A  c_w.l(libshutdown2.o)
    0x000002fa   0x000002fa   0x00000000   Code   RO          767    .ARM.Collect$$libshutdown$$0000000C  c_w.l(libshutdown2.o)
    0x000002fa   0x000002fa   0x00000000   Code   RO          770    .ARM.Collect$$libshutdown$$0000000F  c_w.l(libshutdown2.o)
    0x000002fa   0x000002fa   0x00000002   Code   RO          771    .ARM.Collect$$libshutdown$$00000010  c_w.l(libshutdown2.o)
    0x000002fc   0x000002fc   0x00000000   Code   RO          638    .ARM.Collect$$rtentry$$00000000  c_w.l(__rtentry.o)
    0x000002fc   0x000002fc   0x00000000   Code   RO          649    .ARM.Collect$$rtentry$$00000002  c_w.l(__rtentry2.o)
    0x000002fc   0x000002fc   0x00000006   Code   RO          661    .ARM.Collect$$rtentry$$00000004  c_w.l(__rtentry4.o)
    0x00000302   0x00000302   0x00000000   Code   RO          651    .ARM.Collect$$rtentry$$00000009  c_w.l(__rtentry2.o)
    0x00000302   0x00000302   0x00000004   Code   RO          652    .ARM.Collect$$rtentry$$0000000A  c_w.l(__rtentry2.o)
    0x00000306   0x00000306   0x00000000   Code   RO          654    .ARM.Collect$$rtentry$$0000000C  c_w.l(__rtentry2.o)
    0x00000306   0x00000306   0x00000008   Code   RO          655    .ARM.Collect$$rtentry$$0000000D  c_w.l(__rtentry2.o)
    0x0000030e   0x0000030e   0x00000002   Code   RO          678    .ARM.Collect$$rtexit$$00000000  c_w.l(rtexit.o)
    0x00000310   0x00000310   0x00000000   Code   RO          726    .ARM.Collect$$rtexit$$00000002  c_w.l(rtexit2.o)
    0x00000310   0x00000310   0x00000004   Code   RO          727    .ARM.Collect$$rtexit$$00000003  c_w.l(rtexit2.o)
    0x00000314   0x00000314   0x00000006   Code   RO          728    .ARM.Collect$$rtexit$$00000004  c_w.l(rtexit2.o)
    0x0000031a   0x0000031a   0x00000002   PAD
    0x0000031c   0x0000031c   0x00000114   Code   RO          416    .text               startup_tm4c123.o
    0x00000430   0x00000430   0x00000028   Code   RO          599    .text               c_w.l(noretval__2sprintf.o)
    0x00000458   0x00000458   0x0000004e   Code   RO          603    .text               c_w.l(_printf_pad.o)
    0x000004a6   0x000004a6   0x00000052   Code   RO          605    .text               c_w.l(_printf_str.o)
    0x000004f8   0x000004f8   0x00000078   Code   RO          607    .text               c_w.l(_printf_dec.o)
    0x00000570   0x00000570   0x00000138   Code   RO          621    .text               c_w.l(__printf_flags_wp.o)
    0x000006a8   0x000006a8   0x0000003e   Code   RO          632    .text               c_w.l(strlen.o)
    0x000006e6   0x000006e6   0x00000006   Code   RO          634    .text               c_w.l(heapauxi.o)
    0x000006ec   0x000006ec   0x000000b2   Code   RO          639    .text               c_w.l(_printf_intcommon.o)
    0x0000079e   0x0000079e   0x00000002   PAD
    0x000007a0   0x000007a0   0x00000030   Code   RO          641    .text               c_w.l(_printf_char_common.o)
    0x000007d0   0x000007d0   0x0000000a   Code   RO          643    .text               c_w.l(_sputc.o)
    0x000007da   0x000007da   0x0000002c   Code   RO          645    .text               c_w.l(_printf_char.o)
    0x00000806   0x00000806   0x0000004a   Code   RO          665    .text               c_w.l(sys_stackheap_outer.o)
    0x00000850   0x00000850   0x00000012   Code   RO          667    .text               c_w.l(exit.o)
    0x00000862   0x00000862   0x00000002   PAD
    0x00000864   0x00000864   0x00000008   Code   RO          675    .text               c_w.l(libspace.o)
    0x0000086c   0x0000086c   0x0000000c   Code   RO          736    .text               c_w.l(sys_exit.o)
    0x00000878   0x00000878   0x00000002   Code   RO          747    .text               c_w.l(use_no_semi.o)
    0x0000087a   0x0000087a   0x00000000   Code   RO          749    .text               c_w.l(indicate_semi.o)
    0x0000087a   0x0000087a   0x00000002   PAD
    0x0000087c   0x0000087c   0x00000020   Code   RO            4    i.GPIOF_Button_IRQHandler  main.o
    0x0000089c   0x0000089c   0x00000014   Code   RO          382    i.GPIOF_Handler     irq.o
    0x000008b0   0x000008b0   0x0000000c   Code   RO          551    i.GUI_16BitPerPixel  DPGUI_KEIL_CM4_V11.lib(gui.o)
    0x000008bc   0x000008bc   0x0000000c   Code   RO          552    i.GUI_AddCbFrameEnd  DPGUI_KEIL_CM4_V11.lib(gui.o)
    0x000008c8   0x000008c8   0x00000150   Code   RO            5    i.GUI_AppDraw       main.o
    0x00000a18   0x00000a18   0x00000064   Code   RO          553    i.GUI_Clear         DPGUI_KEIL_CM4_V11.lib(gui.o)
    0x00000a7c   0x00000a7c   0x00000058   Code   RO          557    i.GUI_DrawFilledRect  DPGUI_KEIL_CM4_V11.lib(gui.o)
    0x00000ad4   0x00000ad4   0x00000060   Code   RO          558    i.GUI_DrawHortLine  DPGUI_KEIL_CM4_V11.lib(gui.o)
    0x00000b34   0x00000b34   0x000000b0   Code   RO          562    i.GUI_Draw_Exe      DPGUI_KEIL_CM4_V11.lib(gui.o)
    0x00000be4   0x00000be4   0x0000004c   Code   RO          563    i.GUI_Init          DPGUI_KEIL_CM4_V11.lib(gui.o)
    0x00000c30   0x00000c30   0x000002a8   Code   RO          564    i.GUI_PrintChar     DPGUI_KEIL_CM4_V11.lib(gui.o)
    0x00000ed8   0x00000ed8   0x00000084   Code   RO          565    i.GUI_PrintString   DPGUI_KEIL_CM4_V11.lib(gui.o)
    0x00000f5c   0x00000f5c   0x00000024   Code   RO          566    i.GUI_SetColor      DPGUI_KEIL_CM4_V11.lib(gui.o)
    0x00000f80   0x00000f80   0x0000000c   Code   RO          567    i.GUI_SetFont       DPGUI_KEIL_CM4_V11.lib(gui.o)
    0x00000f8c   0x00000f8c   0x00000024   Code   RO          568    i.GUI_SetFontBackColor  DPGUI_KEIL_CM4_V11.lib(gui.o)
    0x00000fb0   0x00000fb0   0x00000078   Code   RO          570    i.GUI_WriteMem      DPGUI_KEIL_CM4_V11.lib(gui.o)
    0x00001028   0x00001028   0x00000054   Code   RO          319    i.HardFault_Handler  bsp.o
    0x0000107c   0x0000107c   0x00000026   Code   RO          383    i.IRQ_Init          irq.o
    0x000010a2   0x000010a2   0x00000002   PAD
    0x000010a4   0x000010a4   0x0000000c   Code   RO          150    i.LCD_AddCallback   lcd_st7735r.o
    0x000010b0   0x000010b0   0x00000018   Code   RO          151    i.LCD_GetSize       lcd_st7735r.o
    0x000010c8   0x000010c8   0x0000006c   Code   RO          154    i.LCD_WriteDataPixel  lcd_st7735r.o
    0x00001134   0x00001134   0x000002cc   Code   RO          155    i.LcdInit           lcd_st7735r.o
    0x00001400   0x00001400   0x00000314   Code   RO          358    i.Port_Init         hal.o
    0x00001714   0x00001714   0x000000a6   Code   RO          460    i.SPI_Handler       spim.o
    0x000017ba   0x000017ba   0x00000002   PAD
    0x000017bc   0x000017bc   0x00000010   Code   RO          461    i.SSI0_Handler      spim.o
    0x000017cc   0x000017cc   0x00000010   Code   RO          462    i.SSI1_Handler      spim.o
    0x000017dc   0x000017dc   0x00000010   Code   RO          463    i.SSI2_Handler      spim.o
    0x000017ec   0x000017ec   0x00000010   Code   RO          464    i.SSI3_Handler      spim.o
    0x000017fc   0x000017fc   0x00000006   Code   RO          465    i.SpimAddCallbackTransferDone  spim.o
    0x00001802   0x00001802   0x00000002   PAD
    0x00001804   0x00001804   0x000002bc   Code   RO          466    i.SpimInit          spim.o
    0x00001ac0   0x00001ac0   0x0000017a   Code   RO          467    i.SpimSetDataSize   spim.o
    0x00001c3a   0x00001c3a   0x0000004a   Code   RO          469    i.SpimTransfer      spim.o
    0x00001c84   0x00001c84   0x000000c0   Code   RO            6    i.SysTick_Handler   main.o
    0x00001d44   0x00001d44   0x000000d4   Code   RO          423    i.SystemCoreClockUpdate  system_tm4c123.o
    0x00001e18   0x00001e18   0x000000ec   Code   RO          424    i.SystemInit        system_tm4c123.o
    0x00001f04   0x00001f04   0x00000028   Code   RO            7    i.__NVIC_SetPriority  main.o
    0x00001f2c   0x00001f2c   0x0000000e   Code   RO          619    i._is_digit         c_w.l(__printf_wp.o)
    0x00001f3a   0x00001f3a   0x00000002   PAD
    0x00001f3c   0x00001f3c   0x00000028   Code   RO          156    i.lcd_Delayms       lcd_st7735r.o
    0x00001f64   0x00001f64   0x00000068   Code   RO          157    i.lcd_WriteCmd      lcd_st7735r.o
    0x00001fcc   0x00001fcc   0x00000068   Code   RO          158    i.lcd_WriteData     lcd_st7735r.o
    0x00002034   0x00002034   0x00000060   Code   RO          159    i.lcd_WriteMultipleByte  lcd_st7735r.o
    0x00002094   0x00002094   0x00000034   Code   RO          160    i.lcd_cbSpiDone     lcd_st7735r.o
    0x000020c8   0x000020c8   0x000000ac   Code   RO            8    i.main              main.o
    0x00002174   0x00002174   0x00000050   Code   RO            9    i.main_KeyScan      main.o
    0x000021c4   0x000021c4   0x00000080   Code   RO           11    i.main_LcdInit      main.o
    0x00002244   0x00002244   0x0000000c   Code   RO           12    i.main_cbGuiFrameEnd  main.o
    0x00002250   0x00002250   0x0000000c   Code   RO           13    i.main_cbLcdTransferDone  main.o
    0x0000225c   0x0000225c   0x0000000a   Code   RO          734    x$fpl$fpinit        fz_wm.l(fpinit.o)
    0x00002266   0x00002266   0x00000002   PAD
    0x00002268   0x00002268   0x0000084c   Data   RO          236    .constdata          fontarialbold16.o
    0x00002ab4   0x00002ab4   0x000006a8   Data   RO          268    .constdata          fontarialbold12.o
    0x0000315c   0x0000315c   0x00000ae4   Data   RO          293    .constdata          fontarialbold24.o
    0x00003c40   0x00003c40   0x0000006c   Data   RO          425    .constdata          system_tm4c123.o
    0x00003cac   0x00003cac   0x00000417   Data   RO          543    .constdata          DPGUI_KEIL_CM4_V11.lib(font_calibri10.o)
    0x000040c3   0x000040c3   0x00000001   PAD
    0x000040c4   0x000040c4   0x000000c8   Data   RO          544    .constdata          DPGUI_KEIL_CM4_V11.lib(font_calibri10.o)
    0x0000418c   0x0000418c   0x00000011   Data   RO          622    .constdata          c_w.l(__printf_flags_wp.o)
    0x0000419d   0x0000419d   0x00000003   PAD
    0x000041a0   0x000041a0   0x00000020   Data   RO          802    Region$$Table       anon$$obj.o


    Execution Region RW_IRAM1 (Exec base: 0x20000000, Load base: 0x000041c0, Size: 0x00002bb8, Max: 0x00008000, ABSOLUTE)

    Exec Addr    Load Addr    Size         Type   Attr      Idx    E Section Name        Object

    0x20000000   0x000041c0   0x00000045   Data   RW           15    .data               main.o
    0x20000045   0x00004205   0x00000003   PAD
    0x20000048   0x00004208   0x00000016   Data   RW          162    .data               lcd_st7735r.o
    0x2000005e   0x0000421e   0x00000002   PAD
    0x20000060   0x00004220   0x00000004   Data   RW          426    .data               system_tm4c123.o
    0x20000064   0x00004224   0x0000001c   Data   RW          571    .data               DPGUI_KEIL_CM4_V11.lib(gui.o)
    0x20000080        -       0x00002084   Zero   RW           14    .bss                main.o
    0x20002104        -       0x00000040   Zero   RW          161    .bss                lcd_st7735r.o
    0x20002144        -       0x00000010   Zero   RW          470    .bss                spim.o
    0x20002154        -       0x00000060   Zero   RW          676    .bss                c_w.l(libspace.o)
    0x200021b4   0x00004240   0x00000004   PAD
    0x200021b8        -       0x00000000   Zero   RW          414    HEAP                startup_tm4c123.o
    0x200021b8        -       0x00000a00   Zero   RW          413    STACK               startup_tm4c123.o


==============================================================================

Image component sizes


      Code (inc. data)   RO Data    RW Data    ZI Data      Debug   Object Name

        84         20          0          0          0      30731   bsp.o
         0          0       1704          0          0       6205   fontarialbold12.o
         0          0       2124          0          0       6205   fontarialbold16.o
         0          0       2788          0          0       6205   fontarialbold24.o
       788         70          0          0          0        744   hal.o
        58          6          0          0          0      31210   irq.o
      1256        124          0         22         64       6839   lcd_st7735r.o
      1004        232          0         69       8324     224397   main.o
      1388         68          0          0         16       7814   spim.o
       276         24        620          0       2560       5480   startup_tm4c123.o
       448         28        108          4          0       2287   system_tm4c123.o

    ----------------------------------------------------------------------
      5308        572       7376        100      10964     328117   Object Totals
         0          0         32          0          0          0   (incl. Generated)
         6          0          0          5          0          0   (incl. Padding)

    ----------------------------------------------------------------------

      Code (inc. data)   RO Data    RW Data    ZI Data      Debug   Library Member Name

         0          0       1247          0          0          0   font_calibri10.o
      1576         70          0         28          0       1684   gui.o
         8          0          0          0          0         68   __main.o
       312          4         17          0          0         92   __printf_flags_wp.o
        14          0          0          0          0         68   __printf_wp.o
         0          0          0          0          0          0   __rtentry.o
        12          0          0          0          0          0   __rtentry2.o
         6          0          0          0          0          0   __rtentry4.o
        52          8          0          0          0          0   __scatter.o
        26          0          0          0          0          0   __scatter_copy.o
        28          0          0          0          0          0   __scatter_zi.o
         6          0          0          0          0          0   _printf_c.o
        44          0          0          0          0        108   _printf_char.o
        48          6          0          0          0         96   _printf_char_common.o
       120         16          0          0          0         92   _printf_dec.o
       178          0          0          0          0         88   _printf_intcommon.o
        78          0          0          0          0        108   _printf_pad.o
         0          0          0          0          0          0   _printf_percent.o
         4          0          0          0          0          0   _printf_percent_end.o
        82          0          0          0          0         80   _printf_str.o
         6          0          0          0          0          0   _printf_u.o
        10          0          0          0          0         68   _sputc.o
        18          0          0          0          0         80   exit.o
         6          0          0          0          0        152   heapauxi.o
         0          0          0          0          0          0   indicate_semi.o
         2          0          0          0          0          0   libinit.o
         6          0          0          0          0          0   libinit2.o
         2          0          0          0          0          0   libshutdown.o
         2          0          0          0          0          0   libshutdown2.o
         8          4          0          0         96         68   libspace.o
        40          6          0          0          0         84   noretval__2sprintf.o
         2          0          0          0          0          0   rtexit.o
        10          0          0          0          0          0   rtexit2.o
        62          0          0          0          0         76   strlen.o
        12          4          0          0          0         68   sys_exit.o
        74          0          0          0          0         80   sys_stackheap_outer.o
         2          0          0          0          0         68   use_no_semi.o
        10          0          0          0          0        116   fpinit.o

    ----------------------------------------------------------------------
      2880        118       1268         28        100       3344   Library Totals
        14          0          4          0          4          0   (incl. Padding)

    ----------------------------------------------------------------------

      Code (inc. data)   RO Data    RW Data    ZI Data      Debug   Library Name

      1576         70       1247         28          0       1684   DPGUI_KEIL_CM4_V11.lib
      1280         48         17          0         96       1544   c_w.l
        10          0          0          0          0        116   fz_wm.l

    ----------------------------------------------------------------------
      2880        118       1268         28        100       3344   Library Totals

    ----------------------------------------------------------------------

==============================================================================


      Code (inc. data)   RO Data    RW Data    ZI Data      Debug   

      8188        690       8644        128      11064     326733   Grand Totals
      8188        690       8644        128      11064     326733   ELF Image Totals
      8188        690       8644        128          0          0   ROM Totals

==============================================================================

    Total RO  Size (Code + RO Data)                16832 (  16.44kB)
    Total RW  Size (RW Data + ZI Data)             11192 (  10.93kB)
    Total ROM Size (Code + RO Data + RW Data)      16960 (  16.56kB)

==============================================================================

